ARM Linker, 5.03 [Build 76] [MDK-ARM Standard][RL-ARM]

==============================================================================

Section Cross References

    startup_lpc17xx.o(STACK) refers (Special) to heapauxi.o(.text) for __use_two_region_memory
    startup_lpc17xx.o(HEAP) refers (Special) to heapauxi.o(.text) for __use_two_region_memory
    startup_lpc17xx.o(RESET) refers (Special) to heapauxi.o(.text) for __use_two_region_memory
    startup_lpc17xx.o(RESET) refers to startup_lpc17xx.o(STACK) for __initial_sp
    startup_lpc17xx.o(RESET) refers to startup_lpc17xx.o(.text) for Reset_Handler
    startup_lpc17xx.o(RESET) refers to timer.o(.text) for SysTick_Handler
    startup_lpc17xx.o(RESET) refers to tecladom.o(.text) for TIMER1_IRQHandler
    startup_lpc17xx.o(RESET) refers to alarma.o(.text) for TIMER2_IRQHandler
    startup_lpc17xx.o(RESET) refers to uart.o(.text) for UART0_IRQHandler
    startup_lpc17xx.o(RESET) refers to rtc.o(.text) for RTC_IRQHandler
    startup_lpc17xx.o(RESET) refers to adc.o(.text) for ADC_IRQHandler
    startup_lpc17xx.o(.ARM.__at_0x02FC) refers (Special) to heapauxi.o(.text) for __use_two_region_memory
    startup_lpc17xx.o(.text) refers (Special) to heapauxi.o(.text) for __use_two_region_memory
    startup_lpc17xx.o(.text) refers to system_lpc17xx.o(.text) for SystemInit
    startup_lpc17xx.o(.text) refers to __main.o(!!!main) for __main
    startup_lpc17xx.o(.text) refers to startup_lpc17xx.o(HEAP) for Heap_Mem
    startup_lpc17xx.o(.text) refers to startup_lpc17xx.o(STACK) for Stack_Mem
    system_lpc17xx.o(.text) refers to system_lpc17xx.o(.data) for SystemCoreClock
    lpc17xx_wdt.o(.text) refers to lpc17xx_clkpwr.o(.text) for CLKPWR_SetPCLKDiv
    lpc17xx_wdt.o(.text) refers to lpc17xx_libcfg_default.o(.text) for check_failed
    lpc17xx_wdt.o(.text) refers to system_lpc17xx.o(.data) for SystemCoreClock
    debug_frmwrk.o(.text) refers to lpc17xx_uart.o(.text) for UART_Send
    debug_frmwrk.o(.text) refers to lpc17xx_pinsel.o(.text) for PINSEL_ConfigPin
    debug_frmwrk.o(.text) refers to debug_frmwrk.o(.data) for _db_msg
    lpc17xx_adc.o(.text) refers to lpc17xx_libcfg_default.o(.text) for check_failed
    lpc17xx_adc.o(.text) refers to lpc17xx_clkpwr.o(.text) for CLKPWR_ConfigPPWR
    lpc17xx_can.o(.text) refers to lpc17xx_libcfg_default.o(.text) for check_failed
    lpc17xx_can.o(.text) refers to lpc17xx_clkpwr.o(.text) for CLKPWR_GetPCLK
    lpc17xx_can.o(.text) refers to lpc17xx_can.o(.data) for FULLCAN_ENABLE
    lpc17xx_clkpwr.o(.text) refers to system_lpc17xx.o(.data) for SystemCoreClock
    lpc17xx_dac.o(.text) refers to lpc17xx_libcfg_default.o(.text) for check_failed
    lpc17xx_emac.o(.text) refers to lpc17xx_clkpwr.o(.text) for CLKPWR_ConfigPPWR
    lpc17xx_emac.o(.text) refers to lpc17xx_emac.o(.bss) for rx_buf
    lpc17xx_emac.o(.text) refers to system_lpc17xx.o(.data) for SystemCoreClock
    lpc17xx_emac.o(.text) refers to lpc17xx_emac.o(.constdata) for EMAC_clkdiv
    lpc17xx_gpdma.o(.text) refers to lpc17xx_clkpwr.o(.text) for CLKPWR_ConfigPPWR
    lpc17xx_gpdma.o(.text) refers to lpc17xx_libcfg_default.o(.text) for check_failed
    lpc17xx_gpdma.o(.text) refers to lpc17xx_gpdma.o(.data) for pGPDMACh
    lpc17xx_gpdma.o(.text) refers to lpc17xx_gpdma.o(.constdata) for GPDMA_LUTPerAddr
    lpc17xx_i2c.o(.text) refers to lpc17xx_libcfg_default.o(.text) for check_failed
    lpc17xx_i2c.o(.text) refers to lpc17xx_clkpwr.o(.text) for CLKPWR_GetPCLK
    lpc17xx_i2c.o(.text) refers to lpc17xx_i2c.o(.bss) for i2cdat
    lpc17xx_i2c.o(.text) refers to lpc17xx_i2c.o(.data) for I2C_MonitorBufferIndex
    lpc17xx_i2s.o(.text) refers to lpc17xx_libcfg_default.o(.text) for check_failed
    lpc17xx_i2s.o(.text) refers to lpc17xx_clkpwr.o(.text) for CLKPWR_ConfigPPWR
    lpc17xx_mcpwm.o(.text) refers to lpc17xx_clkpwr.o(.text) for CLKPWR_ConfigPPWR
    lpc17xx_pwm.o(.text) refers to lpc17xx_libcfg_default.o(.text) for check_failed
    lpc17xx_pwm.o(.text) refers to lpc17xx_clkpwr.o(.text) for CLKPWR_ConfigPPWR
    lpc17xx_pwm.o(.text) refers to lludivv7m.o(.text) for __aeabi_uldivmod
    lpc17xx_qei.o(.text) refers to lpc17xx_libcfg_default.o(.text) for check_failed
    lpc17xx_qei.o(.text) refers to lpc17xx_clkpwr.o(.text) for CLKPWR_ConfigPPWR
    lpc17xx_qei.o(.text) refers to lludivv7m.o(.text) for __aeabi_uldivmod
    lpc17xx_rit.o(.text) refers to lpc17xx_libcfg_default.o(.text) for check_failed
    lpc17xx_rit.o(.text) refers to lpc17xx_clkpwr.o(.text) for CLKPWR_ConfigPPWR
    lpc17xx_rtc.o(.text) refers to lpc17xx_libcfg_default.o(.text) for check_failed
    lpc17xx_rtc.o(.text) refers to lpc17xx_clkpwr.o(.text) for CLKPWR_ConfigPPWR
    lpc17xx_spi.o(.text) refers to lpc17xx_libcfg_default.o(.text) for check_failed
    lpc17xx_spi.o(.text) refers to lpc17xx_clkpwr.o(.text) for CLKPWR_GetPCLK
    lpc17xx_ssp.o(.text) refers to lpc17xx_libcfg_default.o(.text) for check_failed
[...]
    FIO_SetDir                               0x0000089b   Thumb Code    20  lpc17xx_gpio.o(.text)
    FIO_SetValue                             0x000008af   Thumb Code    16  lpc17xx_gpio.o(.text)
    FIO_ClearValue                           0x000008bf   Thumb Code    16  lpc17xx_gpio.o(.text)
    FIO_ReadValue                            0x000008cf   Thumb Code    12  lpc17xx_gpio.o(.text)
    FIO_IntCmd                               0x000008db   Thumb Code    20  lpc17xx_gpio.o(.text)
    FIO_GetIntStatus                         0x000008ef   Thumb Code    20  lpc17xx_gpio.o(.text)
    FIO_ClearInt                             0x00000903   Thumb Code    16  lpc17xx_gpio.o(.text)
    FIO_SetMask                              0x00000913   Thumb Code    40  lpc17xx_gpio.o(.text)
    FIO_HalfWordSetDir                       0x0000093b   Thumb Code    62  lpc17xx_gpio.o(.text)
    FIO_HalfWordSetMask                      0x00000979   Thumb Code    62  lpc17xx_gpio.o(.text)
    FIO_HalfWordSetValue                     0x000009b7   Thumb Code    32  lpc17xx_gpio.o(.text)
    FIO_HalfWordClearValue                   0x000009d7   Thumb Code    32  lpc17xx_gpio.o(.text)
    FIO_HalfWordReadValue                    0x000009f7   Thumb Code    30  lpc17xx_gpio.o(.text)
    FIO_ByteSetDir                           0x00000a15   Thumb Code    50  lpc17xx_gpio.o(.text)
    FIO_ByteSetMask                          0x00000a47   Thumb Code    66  lpc17xx_gpio.o(.text)
    FIO_ByteSetValue                         0x00000a89   Thumb Code    34  lpc17xx_gpio.o(.text)
    FIO_ByteClearValue                       0x00000aab   Thumb Code    34  lpc17xx_gpio.o(.text)
    FIO_ByteReadValue                        0x00000acd   Thumb Code    76  lpc17xx_gpio.o(.text)
    PINSEL_ConfigTraceFunc                   0x00000bbf   Thumb Code    34  lpc17xx_pinsel.o(.text)
    PINSEL_SetI2C0Pins                       0x00000be1   Thumb Code    16  lpc17xx_pinsel.o(.text)
    PINSEL_ConfigPin                         0x00000bf1   Thumb Code    36  lpc17xx_pinsel.o(.text)
    RTC_Init                                 0x00000c19   Thumb Code    46  lpc17xx_rtc.o(.text)
    RTC_DeInit                               0x00000c47   Thumb Code    36  lpc17xx_rtc.o(.text)
    RTC_ResetClockTickCounter                0x00000c6b   Thumb Code    38  lpc17xx_rtc.o(.text)
    RTC_Cmd                                  0x00000c91   Thumb Code    62  lpc17xx_rtc.o(.text)
    RTC_CntIncrIntConfig                     0x00000ccf   Thumb Code   282  lpc17xx_rtc.o(.text)
    RTC_AlarmIntConfig                       0x00000de9   Thumb Code   282  lpc17xx_rtc.o(.text)
    RTC_SetTime                              0x00000f03   Thumb Code   376  lpc17xx_rtc.o(.text)
    RTC_GetTime                              0x0000107b   Thumb Code   166  lpc17xx_rtc.o(.text)
    RTC_SetFullTime                          0x00001121   Thumb Code   100  lpc17xx_rtc.o(.text)
    RTC_GetFullTime                          0x00001185   Thumb Code   100  lpc17xx_rtc.o(.text)
    RTC_SetAlarmTime                         0x000011e9   Thumb Code   282  lpc17xx_rtc.o(.text)
    RTC_GetAlarmTime                         0x00001303   Thumb Code   102  lpc17xx_rtc.o(.text)
    RTC_SetFullAlarmTime                     0x00001369   Thumb Code   100  lpc17xx_rtc.o(.text)
    RTC_GetFullAlarmTime                     0x000013cd   Thumb Code   100  lpc17xx_rtc.o(.text)
    RTC_GetIntPending                        0x00001431   Thumb Code    68  lpc17xx_rtc.o(.text)
    RTC_ClearIntPending                      0x00001475   Thumb Code    56  lpc17xx_rtc.o(.text)
    RTC_CalibCounterCmd                      0x000014ad   Thumb Code    70  lpc17xx_rtc.o(.text)
    RTC_CalibConfig                          0x000014f3   Thumb Code    90  lpc17xx_rtc.o(.text)
    RTC_WriteGPREG                           0x0000154d   Thumb Code    66  lpc17xx_rtc.o(.text)
    RTC_ReadGPREG                            0x0000158f   Thumb Code    66  lpc17xx_rtc.o(.text)
    SSP_Init                                 0x00001657   Thumb Code   100  lpc17xx_ssp.o(.text)
    SSP_DeInit                               0x000016bb   Thumb Code    60  lpc17xx_ssp.o(.text)
    SSP_GetDataSize                          0x000016f7   Thumb Code    34  lpc17xx_ssp.o(.text)
    SSP_ConfigStructInit                     0x00001719   Thumb Code    22  lpc17xx_ssp.o(.text)
    SSP_Cmd                                  0x0000172f   Thumb Code    68  lpc17xx_ssp.o(.text)
    SSP_LoopBackCmd                          0x00001773   Thumb Code    68  lpc17xx_ssp.o(.text)
    SSP_SlaveOutputCmd                       0x000017b7   Thumb Code    72  lpc17xx_ssp.o(.text)
    SSP_SendData                             0x000017ff   Thumb Code    36  lpc17xx_ssp.o(.text)
    SSP_ReceiveData                          0x00001823   Thumb Code    34  lpc17xx_ssp.o(.text)
    SSP_ReadWrite                            0x00001845   Thumb Code   630  lpc17xx_ssp.o(.text)
    SSP_GetStatus                            0x00001abb   Thumb Code    80  lpc17xx_ssp.o(.text)
    SSP_IntConfig                            0x00001b0b   Thumb Code    58  lpc17xx_ssp.o(.text)
    SSP_GetRawIntStatus                      0x00001b45   Thumb Code    76  lpc17xx_ssp.o(.text)
    SSP_GetRawIntStatusReg                   0x00001b91   Thumb Code    34  lpc17xx_ssp.o(.text)
    SSP_GetIntStatus                         0x00001bb3   Thumb Code    76  lpc17xx_ssp.o(.text)
    SSP_ClearIntPending                      0x00001bff   Thumb Code    58  lpc17xx_ssp.o(.text)
    SSP_DMACmd                               0x00001c39   Thumb Code   100  lpc17xx_ssp.o(.text)
    LCD_Initializtion                        0x00001cef   Thumb Code 63088  glcd.o(.text)
    LCD_Clear                                0x0001135f   Thumb Code  2744  glcd.o(.text)
    LCD_GetPoint                             0x00011e31   Thumb Code  2218  glcd.o(.text)
    LCD_SetPoint                             0x000126db   Thumb Code  1304  glcd.o(.text)
    LCD_DrawLine                             0x00012bf3   Thumb Code   250  glcd.o(.text)
    PutChar                                  0x00012ced   Thumb Code   100  glcd.o(.text)
    GUI_Text                                 0x00012d51   Thumb Code    80  glcd.o(.text)
    TP_Init                                  0x00012da5   Thumb Code   176  touchpanel.o(.text)
    Read_X                                   0x00012ecf   Thumb Code    42  touchpanel.o(.text)
    Read_Y                                   0x00012ef9   Thumb Code    42  touchpanel.o(.text)
    TP_GetAdXY                               0x00012f23   Thumb Code    34  touchpanel.o(.text)
    TP_DrawPoint                             0x00012f45   Thumb Code    64  touchpanel.o(.text)
    DrawCross                                0x00012f85   Thumb Code   356  touchpanel.o(.text)
    Read_Ads7846                             0x000130e9   Thumb Code   520  touchpanel.o(.text)
    setCalibrationMatrix                     0x000132f1   Thumb Code   356  touchpanel.o(.text)
    getDisplayPoint                          0x00013455   Thumb Code   238  touchpanel.o(.text)
    TouchPanel_Calibrate                     0x00013543   Thumb Code   108  touchpanel.o(.text)
    fs_config                                0x00013609   Thumb Code    30  file_config.o(.text)
    efs_rename                               0x00013627   Thumb Code     4  file_config.o(.text)
    efs_create                               0x0001362b   Thumb Code     4  file_config.o(.text)
    efs_delete                               0x0001362f   Thumb Code     4  file_config.o(.text)
    efs_free                                 0x00013633   Thumb Code     4  file_config.o(.text)
    efs_format                               0x00013637   Thumb Code     4  file_config.o(.text)
    efs_ffind                                0x0001363b   Thumb Code     4  file_config.o(.text)
    efs_wclose                               0x0001363f   Thumb Code     4  file_config.o(.text)
    efs_read                                 0x00013643   Thumb Code     4  file_config.o(.text)
    efs_write                                0x00013647   Thumb Code     4  file_config.o(.text)
    efs_ensure                               0x0001364b   Thumb Code     4  file_config.o(.text)
    efs_seek                                 0x0001364f   Thumb Code     4  file_config.o(.text)
    efs_fsize                                0x00013653   Thumb Code     2  file_config.o(.text)
    efs_find                                 0x00013655   Thumb Code     4  file_config.o(.text)
    efs_analyse                              0x00013659   Thumb Code     4  file_config.o(.text)
    efs_check                                0x0001365d   Thumb Code     4  file_config.o(.text)
    efs_defrag                               0x00013661   Thumb Code     4  file_config.o(.text)
    fat_jour_init                            0x00013665   Thumb Code     4  file_config.o(.text)
    fat_jour_prep                            0x00013669   Thumb Code     4  file_config.o(.text)
    fsj_set_space                            0x0001366d   Thumb Code     4  file_config.o(.text)
    fsj_write                                0x00013671   Thumb Code     4  file_config.o(.text)
    fsj_init                                 0x00013675   Thumb Code     4  file_config.o(.text)
    elink_init                               0x00013679   Thumb Code     4  file_config.o(.text)
    elink_init_path                          0x0001367d   Thumb Code     4  file_config.o(.text)
    elink_flush                              0x00013681   Thumb Code     4  file_config.o(.text)
    elink_alloc                              0x00013685   Thumb Code     4  file_config.o(.text)
    elink_cmd                                0x00013689   Thumb Code     4  file_config.o(.text)
    elink_set                                0x0001368d   Thumb Code     4  file_config.o(.text)
    elink_prop                               0x00013691   Thumb Code     4  file_config.o(.text)
    elink_insert                             0x00013695   Thumb Code     4  file_config.o(.text)
    elink_delete                             0x00013699   Thumb Code     4  file_config.o(.text)
    elink_scan                               0x0001369d   Thumb Code     4  file_config.o(.text)
    Init                                     0x000136b1   Thumb Code   144  spi_lpc17xx.o(.text)
    Send                                     0x000137a1   Thumb Code    26  spi_lpc17xx.o(.text)
    BusSpeed                                 0x00013821   Thumb Code    38  spi_lpc17xx.o(.text)
    _ttywrch                                 0x00013891   Thumb Code     2  retarget.o(.text)
    _sys_open                                0x00013893   Thumb Code    64  retarget.o(.text)
    _sys_close                               0x000138d3   Thumb Code    22  retarget.o(.text)
    _sys_write                               0x000138e9   Thumb Code    38  retarget.o(.text)
    _sys_read                                0x0001390f   Thumb Code    38  retarget.o(.text)
    _sys_istty                               0x00013935   Thumb Code    16  retarget.o(.text)
    _sys_seek                                0x00013945   Thumb Code    28  retarget.o(.text)
    _sys_ensure                              0x00013961   Thumb Code    24  retarget.o(.text)
    _sys_flen                                0x00013979   Thumb Code    22  retarget.o(.text)
    _sys_tmpnam                              0x0001398f   Thumb Code     6  retarget.o(.text)
    _sys_command_string                      0x00013995   Thumb Code     2  retarget.o(.text)
    _sys_exit                                0x00013997   Thumb Code     4  retarget.o(.text)
    square                                   0x000139b5   Thumb Code   100  menu.o(.text)
    squareButton                             0x00013a19   Thumb Code   158  menu.o(.text)
    fillRect                                 0x00013ab7   Thumb Code    58  menu.o(.text)
    screenMain                               0x00013af1   Thumb Code   164  menu.o(.text)
    screenTarjeta                            0x00013b95   Thumb Code   164  menu.o(.text)
    screenMainUpdate                         0x00013c39   Thumb Code    80  menu.o(.text)
    screenErrorRegister                      0x00013c89   Thumb Code    34  menu.o(.text)
    screenRegistered                         0x00013cab   Thumb Code    34  menu.o(.text)
    screenData                               0x00013ccd   Thumb Code   208  menu.o(.text)
    taz_o_NO_taz                             0x00013d9d   Thumb Code    66  menu.o(.text)
    screenDataError                          0x00013ddf   Thumb Code    34  menu.o(.text)
    screenErrorNoSD                          0x00013e01   Thumb Code    34  menu.o(.text)
    zonePressed                              0x00013e23   Thumb Code    78  menu.o(.text)
    screen_Add_RFID                          0x00013e71   Thumb Code    60  menu.o(.text)
    init_WDT                                 0x00013ead   Thumb Code    24  menu.o(.text)
    initScreenStateMachine                   0x00013ec5   Thumb Code     8  menu.o(.text)
    screenStateMachine                       0x00013ecd   Thumb Code  1766  menu.o(.text)
    SysTick_Handler                          0x000145c9   Thumb Code    20  timer.o(.text)
    initTimer                                0x000145dd   Thumb Code    82  timer.o(.text)
    setTimeOut                               0x0001462f   Thumb Code     6  timer.o(.text)
    getTimeOut                               0x00014635   Thumb Code     6  timer.o(.text)
    set_time                                 0x0001464d   Thumb Code    62  rtc.o(.text)
    init_RTC                                 0x0001468b   Thumb Code    66  rtc.o(.text)
    RTC_IRQHandler                           0x000146cd   Thumb Code    20  rtc.o(.text)
    config_pwm2                              0x000146fd   Thumb Code    64  ventilador.o(.text)
    velocidad_ventilador                     0x0001473d   Thumb Code    68  ventilador.o(.text)
    genera_muestras                          0x000147a5   Thumb Code   150  alarma.o(.text)
    TIMER2_IRQHandler                        0x0001483b   Thumb Code    80  alarma.o(.text)
    init_DAC                                 0x0001488b   Thumb Code    42  alarma.o(.text)
    init_TIMER2                              0x000148b5   Thumb Code   114  alarma.o(.text)
    alarma                                   0x00014927   Thumb Code    36  alarma.o(.text)
    pantalla_ini                             0x0001497d   Thumb Code   346  pantalla.o(.text)
    teclado_matricial                        0x00014ad7   Thumb Code    86  pantalla.o(.text)
    RFID                                     0x00014b2d   Thumb Code    86  pantalla.o(.text)
    WIFI                                     0x00014b83   Thumb Code    86  pantalla.o(.text)
    pantalla_password                        0x00014bd9   Thumb Code   404  pantalla.o(.text)
    pantalla_password_wifi                   0x00014d6d   Thumb Code    42  pantalla.o(.text)
    pantalla_tempe                           0x00014d97   Thumb Code   218  pantalla.o(.text)
    pantalla_RFID                            0x00014e71   Thumb Code    24  pantalla.o(.text)
    boton_atras                              0x00014e89   Thumb Code   100  pantalla.o(.text)
    pantalla_pss_ok                          0x00014eed   Thumb Code    22  pantalla.o(.text)
    pantalla_pss_bad_1                       0x00014f03   Thumb Code    22  pantalla.o(.text)
    pantalla_pss_bad_2                       0x00014f19   Thumb Code    22  pantalla.o(.text)
    pantalla_pss_bad_3                       0x00014f2f   Thumb Code    22  pantalla.o(.text)
    pantalla_alarma                          0x00014f45   Thumb Code    22  pantalla.o(.text)
    pantalla_sensores                        0x00014f5b   Thumb Code    44  pantalla.o(.text)
    pantalla_ventilador                      0x00014f87   Thumb Code    34  pantalla.o(.text)
    pantalla_distancia_1                     0x00014fa9   Thumb Code    62  pantalla.o(.text)
    pantalla_distancia_2                     0x00014fe7   Thumb Code    44  pantalla.o(.text)
    init_TIMER1                              0x000150a1   Thumb Code    44  tecladom.o(.text)
    Config                                   0x000150cd   Thumb Code    78  tecladom.o(.text)
    TIMER1_IRQHandler                        0x0001511b   Thumb Code   506  tecladom.o(.text)
    tecladoM                                 0x00015315   Thumb Code   284  tecladom.o(.text)
    ADC_IRQHandler                           0x00015491   Thumb Code   320  adc.o(.text)
    init_ADC                                 0x000155d1   Thumb Code   144  adc.o(.text)
    init_TIMER0                              0x00015661   Thumb Code    42  adc.o(.text)
    delay2                                   0x000156ed   Thumb Code    14  uart.o(.text)
    UART0_IRQHandler                         0x000156fb   Thumb Code   120  uart.o(.text)
    tx_cadena_UART0                          0x00015773   Thumb Code    32  uart.o(.text)
    uart0_init                               0x0001588d   Thumb Code    64  uart.o(.text)
    uart_main                                0x000158cd   Thumb Code   246  uart.o(.text)
    PCD_WriteRegister                        0x00015a69   Thumb Code    46  mfrc522.o(.text)
    PCD_ReadRegister                         0x00015a97   Thumb Code    48  mfrc522.o(.text)
    PCD_AntennaOn                            0x00015ac7   Thumb Code    30  mfrc522.o(.text)
    PCD_Init                                 0x00015ae5   Thumb Code   100  mfrc522.o(.text)
    MFRC522_init                             0x00015b49   Thumb Code    34  mfrc522.o(.text)
    PCD_WriteRegister_2                      0x00015b6b   Thumb Code    64  mfrc522.o(.text)
    PCD_ReadRegister_2                       0x00015bab   Thumb Code   154  mfrc522.o(.text)
    PCD_SetRegisterBits                      0x00015c45   Thumb Code    26  mfrc522.o(.text)
    PCD_ClrRegisterBits                      0x00015c5f   Thumb Code    26  mfrc522.o(.text)
    PCD_CalculateCRC                         0x00015c79   Thumb Code   124  mfrc522.o(.text)
    PCD_Reset                                0x00015cf5   Thumb Code    32  mfrc522.o(.text)
    PCD_CommunicateWithPICC                  0x00015d15   Thumb Code   346  mfrc522.o(.text)
    PCD_TransceiveData                       0x00015e6f   Thumb Code    48  mfrc522.o(.text)
    PICC_REQA_or_WUPA                        0x00015e9f   Thumb Code    86  mfrc522.o(.text)
    PICC_RequestA                            0x00015ef5   Thumb Code    18  mfrc522.o(.text)
    PICC_WakeupA                             0x00015f07   Thumb Code    18  mfrc522.o(.text)
    PICC_Select                              0x00015f19   Thumb Code   822  mfrc522.o(.text)
    PICC_HaltA                               0x0001624f   Thumb Code    74  mfrc522.o(.text)
    PCD_Authenticate                         0x00016299   Thumb Code   102  mfrc522.o(.text)
    PCD_StopCrypto1                          0x000162ff   Thumb Code    12  mfrc522.o(.text)
    MIFARE_Read                              0x0001630b   Thumb Code    72  mfrc522.o(.text)
    PCD_MIFARE_Transceive                    0x00016353   Thumb Code   156  mfrc522.o(.text)
    MIFARE_Write                             0x000163ef   Thumb Code    72  mfrc522.o(.text)
    MIFARE_UltralightWrite                   0x00016437   Thumb Code    62  mfrc522.o(.text)
    MIFARE_TwoStepHelper                     0x00016475   Thumb Code    62  mfrc522.o(.text)
    MIFARE_Decrement                         0x000164b3   Thumb Code    18  mfrc522.o(.text)
    MIFARE_Increment                         0x000164c5   Thumb Code    18  mfrc522.o(.text)
    MIFARE_Restore                           0x000164d7   Thumb Code    16  mfrc522.o(.text)
    MIFARE_Transfer                          0x000164e7   Thumb Code    26  mfrc522.o(.text)
    PICC_GetType                             0x00016501   Thumb Code    96  mfrc522.o(.text)
    PICC_GetTypeName                         0x00016561   Thumb Code    16  mfrc522.o(.text)
    GetStatusCodeName                        0x00016571   Thumb Code    10  mfrc522.o(.text)
    MIFARE_SetAccessBits                     0x0001657b   Thumb Code   142  mfrc522.o(.text)
    PICC_IsNewCardPresent                    0x00016609   Thumb Code    32  mfrc522.o(.text)
    PICC_ReadCardSerial                      0x00016629   Thumb Code    22  mfrc522.o(.text)
    m_SPI_frequency                          0x0001664d   Thumb Code    36  rfid.o(.text)
    m_SPI_init                               0x00016671   Thumb Code   164  rfid.o(.text)
    m_SPI_write                              0x00016715   Thumb Code    36  rfid.o(.text)
    wait_ms                                  0x00016739   Thumb Code    26  rfid.o(.text)
    readRFID                                 0x00016753   Thumb Code    48  rfid.o(.text)
    __2fprintf                               0x000167a5   Thumb Code    20  noretval__2fprintf.o(.text)
    __2sprintf                               0x000167b9   Thumb Code    34  noretval__2sprintf.o(.text)
    _printf_pre_padding                      0x000167e1   Thumb Code    46  _printf_pad.o(.text)
    _printf_post_padding                     0x0001680f   Thumb Code    36  _printf_pad.o(.text)
    _printf_str                              0x00016833   Thumb Code    82  _printf_str.o(.text)
    _printf_int_dec                          0x00016885   Thumb Code   102  _printf_dec.o(.text)
    _printf_int_hex                          0x000168fd   Thumb Code    88  _printf_hex_int.o(.text)
    _printf_longlong_hex                     0x000168fd   Thumb Code     0  _printf_hex_int.o(.text)
    __printf                                 0x00016959   Thumb Code   390  __printf_flags_ss_wp.o(.text)
    __0fscanf                                0x00016ae5   Thumb Code    24  __0fscanf.o(.text)
    _scanf_int                               0x00016afd   Thumb Code   336  _scanf_int.o(.text)
    _scanf_string                            0x00016c4d   Thumb Code   218  _scanf_str.o(.text)
    freopen                                  0x00016d29   Thumb Code   158  fopen.o(.text)
    fopen                                    0x00016dc7   Thumb Code    74  fopen.o(.text)
    _fclose_internal                         0x00016e15   Thumb Code    76  fclose.o(.text)
    fclose                                   0x00016e15   Thumb Code     0  fclose.o(.text)
    strlen                                   0x00016e61   Thumb Code    62  strlen.o(.text)
    __aeabi_memcpy                           0x00016e9f   Thumb Code     0  rt_memcpy_v6.o(.text)
    __rt_memcpy                              0x00016e9f   Thumb Code   138  rt_memcpy_v6.o(.text)
    _memcpy_lastbytes                        0x00016f05   Thumb Code     0  rt_memcpy_v6.o(.text)
    __aeabi_memcpy4                          0x00016f29   Thumb Code     0  rt_memcpy_w.o(.text)
    __aeabi_memcpy8                          0x00016f29   Thumb Code     0  rt_memcpy_w.o(.text)
    __rt_memcpy_w                            0x00016f29   Thumb Code   100  rt_memcpy_w.o(.text)
    _memcpy_lastbytes_aligned                0x00016f71   Thumb Code     0  rt_memcpy_w.o(.text)
    __aeabi_memclr                           0x00016f8d   Thumb Code     0  rt_memclr.o(.text)
    __rt_memclr                              0x00016f8d   Thumb Code    68  rt_memclr.o(.text)
    _memset                                  0x00016f91   Thumb Code     0  rt_memclr.o(.text)
    __aeabi_memclr4                          0x00016fd1   Thumb Code     0  rt_memclr_w.o(.text)
    __aeabi_memclr8                          0x00016fd1   Thumb Code     0  rt_memclr_w.o(.text)
    __rt_memclr_w                            0x00016fd1   Thumb Code    78  rt_memclr_w.o(.text)
    _memset_w                                0x00016fd5   Thumb Code     0  rt_memclr_w.o(.text)
    strcmp                                   0x00017021   Thumb Code   128  strcmpv7m.o(.text)
    malloc                                   0x000170a1   Thumb Code    94  h1_alloc.o(.text)
    free                                     0x000170ff   Thumb Code    78  h1_free.o(.text)
    _printf_int_common                       0x0001714d   Thumb Code   184  _printf_intcommon.o(.text)
    __lib_sel_fp_printf                      0x00017205   Thumb Code     2  _printf_fp_dec.o(.text)
    _printf_fp_dec_real                      0x000173b1   Thumb Code   628  _printf_fp_dec.o(.text)
    _printf_char_common                      0x0001762f   Thumb Code    32  _printf_char_common.o(.text)
    _sputc                                   0x00017655   Thumb Code    10  _sputc.o(.text)
    _printf_cs_common                        0x0001765f   Thumb Code    20  _printf_char.o(.text)
    _printf_char                             0x00017673   Thumb Code    16  _printf_char.o(.text)
    _printf_string                           0x00017683   Thumb Code     8  _printf_char.o(.text)
    _printf_char_file                        0x0001768d   Thumb Code    32  _printf_char_file.o(.text)
    _chval                                   0x000176b1   Thumb Code    28  _chval.o(.text)
    __vfscanf_char_file                      0x000176cd   Thumb Code    16  scanf_char_file.o(.text)
    _fseek                                   0x000176e5   Thumb Code   242  fseek.o(.text)
    fseek                                    0x000176e5   Thumb Code     0  fseek.o(.text)
    _seterr                                  0x000177dd   Thumb Code    20  stdio.o(.text)
    _writebuf                                0x000177f1   Thumb Code    84  stdio.o(.text)
    _fflush                                  0x00017845   Thumb Code    70  stdio.o(.text)
    _deferredlazyseek                        0x0001788b   Thumb Code    60  stdio.o(.text)
    __rt_heap_descriptor                     0x000178cd   Thumb Code     8  rt_heap_descriptor_intlibspace.o(.text)
    __rt_locale                              0x000178d5   Thumb Code     8  rt_locale_intlibspace.o(.text)
    _terminate_user_alloc                    0x000178dd   Thumb Code     2  init_alloc.o(.text)
    _init_user_alloc                         0x000178df   Thumb Code     2  init_alloc.o(.text)
    __Heap_Full                              0x000178e1   Thumb Code    34  init_alloc.o(.text)
    __Heap_Broken                            0x00017903   Thumb Code     6  init_alloc.o(.text)
    _init_alloc                              0x00017909   Thumb Code    94  init_alloc.o(.text)
    __Heap_Initialize                        0x00017967   Thumb Code    10  h1_init.o(.text)
    __Heap_DescSize                          0x00017971   Thumb Code     4  h1_init.o(.text)
    _ll_udiv10                               0x00017975   Thumb Code   138  lludiv10.o(.text)
    _printf_fp_infnan                        0x00017a01   Thumb Code   112  _printf_fp_infnan.o(.text)
    __vfscanf_char                           0x00017a8d   Thumb Code    24  scanf_char.o(.text)
    _btod_etento                             0x00017aad   Thumb Code   222  bigflt0.o(.text)
    ___backspace$unlocked                    0x00017b91   Thumb Code     2  backspace.o(.text)
    __backspace                              0x00017b93   Thumb Code    70  backspace.o(.text)
    ferror                                   0x00017bd9   Thumb Code     8  ferror.o(.text)
    _ftell_internal                          0x00017be1   Thumb Code    70  ftell.o(.text)
    ftell                                    0x00017be1   Thumb Code     0  ftell.o(.text)
    _initio                                  0x00017c29   Thumb Code   210  initio.o(.text)
    _terminateio                             0x00017cfb   Thumb Code    56  initio.o(.text)
    __user_libspace                          0x00017d61   Thumb Code     8  libspace.o(.text)
    __user_perproc_libspace                  0x00017d61   Thumb Code     0  libspace.o(.text)
    __user_perthread_libspace                0x00017d61   Thumb Code     0  libspace.o(.text)
    __user_setup_stackheap                   0x00017d69   Thumb Code    74  sys_stackheap_outer.o(.text)
    __aeabi_errno_addr                       0x00017db5   Thumb Code     8  rt_errno_addr_intlibspace.o(.text)
    __errno$intlibspace                      0x00017db5   Thumb Code     0  rt_errno_addr_intlibspace.o(.text)
    __rt_errno_addr$intlibspace              0x00017db5   Thumb Code     0  rt_errno_addr_intlibspace.o(.text)
    __Heap_ProvideMemory                     0x00017dbd   Thumb Code    52  h1_extend.o(.text)
    isspace                                  0x00017df1   Thumb Code    18  isspace.o(.text)
    __vfscanf                                0x00017e05   Thumb Code   876  _scanf.o(.text)
    _readbuf                                 0x00018175   Thumb Code    54  filbuf.o(.text)
    _seteof                                  0x000181ab   Thumb Code    40  filbuf.o(.text)
    __filbuf                                 0x000181d3   Thumb Code   482  filbuf.o(.text)
    __filbuf_byte                            0x000181d3   Thumb Code     0  filbuf.o(.text)
    __filbuf_wide                            0x000181d3   Thumb Code     0  filbuf.o(.text)
    __flsbuf                                 0x000183b5   Thumb Code   478  flsbuf.o(.text)
    __flsbuf_byte                            0x000183b5   Thumb Code     0  flsbuf.o(.text)
    __flsbuf_wide                            0x000183b5   Thumb Code     0  flsbuf.o(.text)
    setvbuf                                  0x00018593   Thumb Code    70  setvbuf.o(.text)
    _ungetc_internal                         0x000185d9   Thumb Code    60  ungetc.o(.text)
    ungetc                                   0x000185d9   Thumb Code     0  ungetc.o(.text)
    exit                                     0x00018621   Thumb Code    12  exit.o(.text)
    __rt_SIGRTRED                            0x0001862d   Thumb Code    14  defsig_rtred_outer.o(.text)
    __rt_SIGRTMEM                            0x0001863b   Thumb Code    14  defsig_rtmem_outer.o(.text)
    __rt_ctype_table                         0x00018649   Thumb Code    16  rt_ctype_table.o(.text)
    _flushlinebuffered                       0x00018659   Thumb Code    50  flushlinebuffered.o(.text)
    __sig_exit                               0x00018691   Thumb Code    10  defsig_exit.o(.text)
    __rt_SIGRTRED_inner                      0x0001869d   Thumb Code    14  defsig_rtred_inner.o(.text)
    __rt_SIGRTMEM_inner                      0x000186d1   Thumb Code    22  defsig_rtmem_inner.o(.text)
    _do_fflush                               0x00018721   Thumb Code    54  fflush.o(.text)
    fflush                                   0x00018757   Thumb Code    42  fflush.o(.text)
    __default_signal_display                 0x00018785   Thumb Code    50  defsig_general.o(.text)
    _btod_d2e                                0x000187b7   Thumb Code    62  btod.o(CL$$btod_d2e)
    _d2e_denorm_low                          0x000187f5   Thumb Code    70  btod.o(CL$$btod_d2e_denorm_low)
    _d2e_norm_op1                            0x0001883b   Thumb Code    96  btod.o(CL$$btod_d2e_norm_op1)
    __btod_div_common                        0x0001889b   Thumb Code   696  btod.o(CL$$btod_div_common)
    _e2e                                     0x00018bd3   Thumb Code   198  btod.o(CL$$btod_e2e)
    _btod_ediv                               0x00018c99   Thumb Code    40  btod.o(CL$$btod_ediv)
    _btod_emul                               0x00018cc1   Thumb Code    40  btod.o(CL$$btod_emul)
    __btod_mult_common                       0x00018ce9   Thumb Code   580  btod.o(CL$$btod_mult_common)
    __ARM_fpclassify                         0x00018f2d   Thumb Code    40  fpclassify.o(i.__ARM_fpclassify)
    __sys_close                              0x00018f55   Thumb Code    74  fs_sys.o(i.__sys_close)
    __sys_ensure                             0x00018fa9   Thumb Code    64  fs_sys.o(i.__sys_ensure)
    __sys_flen                               0x00018ff1   Thumb Code    56  fs_sys.o(i.__sys_flen)
    __sys_open                               0x00019031   Thumb Code   442  fs_sys.o(i.__sys_open)
    __sys_read                               0x000191f9   Thumb Code    86  fs_sys.o(i.__sys_read)
    __sys_seek                               0x00019259   Thumb Code    64  fs_sys.o(i.__sys_seek)
    __sys_write                              0x000192a1   Thumb Code    80  fs_sys.o(i.__sys_write)
    _is_digit                                0x000192f9   Thumb Code    14  __printf_wp.o(i._is_digit)
    fat_create                               0x00019c1d   Thumb Code    96  fs_fat.o(i.fat_create)
    fat_delete                               0x00019c7d   Thumb Code   176  fs_fat.o(i.fat_delete)
    fat_find                                 0x00019d2d   Thumb Code   120  fs_fat.o(i.fat_find)
    fat_init                                 0x00019e39   Thumb Code   338  fs_fat.o(i.fat_init)
    fat_path_valid                           0x00019f8b   Thumb Code    84  fs_fat.o(i.fat_path_valid)
    fat_read                                 0x00019fdf   Thumb Code   180  fs_fat.o(i.fat_read)
    fat_seek                                 0x0001a093   Thumb Code   166  fs_fat.o(i.fat_seek)
    fat_wclose                               0x0001a139   Thumb Code   216  fs_fat.o(i.fat_wclose)
    fat_write                                0x0001a211   Thumb Code   292  fs_fat.o(i.fat_write)
    fdelete                                  0x0001a335   Thumb Code   124  fs_mapi.o(i.fdelete)
    fgetc                                    0x0001a3b5   Thumb Code    24  fgetc.o(i.fgetc)
    finit                                    0x0001a3f5   Thumb Code   110  fs_mapi.o(i.finit)
    fputc                                    0x0001a471   Thumb Code    26  fputc.o(i.fputc)
    fs_cfg_drv                               0x0001a549   Thumb Code    90  fs_mapi.o(i.fs_cfg_drv)
    fs_chk_media                             0x0001a5b9   Thumb Code    46  fs_lib.o(i.fs_chk_media)
    fs_dir                                   0x0001a5e7   Thumb Code    36  fs_lib.o(i.fs_dir)
    fs_find_drv                              0x0001a60d   Thumb Code    36  fs_lib.o(i.fs_find_drv)
    fs_find_iob                              0x0001a639   Thumb Code    48  fs_lib.o(i.fs_find_iob)
    fs_get_date                              0x0001a671   Thumb Code     4  fs_time.o(i.fs_get_date)
    fs_get_time                              0x0001a679   Thumb Code     6  fs_time.o(i.fs_get_time)
    fs_lock                                  0x0001a681   Thumb Code    74  fs_lib.o(i.fs_lock)
    fs_map_drive                             0x0001a6d5   Thumb Code   110  fs_lib.o(i.fs_map_drive)
    mmc_DevCtrl                              0x0001ad8f   Thumb Code    36  fs_mmc.o(i.mmc_DevCtrl)
    mmc_Init                                 0x0001adb3   Thumb Code   530  fs_mmc.o(i.mmc_Init)
    mmc_ReadInfo                             0x0001afc5   Thumb Code    94  fs_mmc.o(i.mmc_ReadInfo)
    mmc_ReadSector                           0x0001b025   Thumb Code    84  fs_mmc.o(i.mmc_ReadSector)
    mmc_UnInit                               0x0001b07d   Thumb Code    24  fs_mmc.o(i.mmc_UnInit)
    mmc_WriteSector                          0x0001b095   Thumb Code    88  fs_mmc.o(i.mmc_WriteSector)
    _get_lc_numeric                          0x0001be91   Thumb Code    44  lc_numeric_c.o(locale$$code)
    _get_lc_ctype                            0x0001bebd   Thumb Code    44  lc_ctype_c.o(locale$$code)
    __aeabi_d2f                              0x0001bee9   Thumb Code     0  d2f.o(x$fpl$d2f)
    _d2f                                     0x0001bee9   Thumb Code    98  d2f.o(x$fpl$d2f)
    __aeabi_dadd                             0x0001bf4d   Thumb Code     0  daddsub_clz.o(x$fpl$dadd)
    _dadd                                    0x0001bf4d   Thumb Code   332  daddsub_clz.o(x$fpl$dadd)
    __fpl_dcmp_Inf                           0x0001c09d   Thumb Code    24  dcmpi.o(x$fpl$dcmpinf)
    __aeabi_ddiv                             0x0001c0b5   Thumb Code     0  ddiv.o(x$fpl$ddiv)
    _ddiv                                    0x0001c0b5   Thumb Code   552  ddiv.o(x$fpl$ddiv)
    __aeabi_cdcmpeq                          0x0001c365   Thumb Code     0  deqf.o(x$fpl$deqf)
    _dcmpeq                                  0x0001c365   Thumb Code   120  deqf.o(x$fpl$deqf)
    __aeabi_d2iz                             0x0001c3dd   Thumb Code     0  dfix.o(x$fpl$dfix)
    _dfix                                    0x0001c3dd   Thumb Code    94  dfix.o(x$fpl$dfix)
    __aeabi_d2uiz                            0x0001c43d   Thumb Code     0  dfixu.o(x$fpl$dfixu)
    _dfixu                                   0x0001c43d   Thumb Code    90  dfixu.o(x$fpl$dfixu)
    __aeabi_i2d                              0x0001c497   Thumb Code     0  dflt_clz.o(x$fpl$dflt)
    _dflt                                    0x0001c497   Thumb Code    46  dflt_clz.o(x$fpl$dflt)
    __aeabi_ui2d                             0x0001c4c5   Thumb Code     0  dflt_clz.o(x$fpl$dfltu)
    _dfltu                                   0x0001c4c5   Thumb Code    38  dflt_clz.o(x$fpl$dfltu)
    __aeabi_dmul                             0x0001c4ed   Thumb Code     0  dmul.o(x$fpl$dmul)
    _dmul                                    0x0001c4ed   Thumb Code   332  dmul.o(x$fpl$dmul)
    __fpl_dnaninf                            0x0001c641   Thumb Code   156  dnaninf.o(x$fpl$dnaninf)
    __fpl_dretinf                            0x0001c6dd   Thumb Code    12  dretinf.o(x$fpl$dretinf)
    __aeabi_dsub                             0x0001c6e9   Thumb Code     0  daddsub_clz.o(x$fpl$dsub)
    _dsub                                    0x0001c6e9   Thumb Code   464  daddsub_clz.o(x$fpl$dsub)
    __aeabi_f2d                              0x0001c8bd   Thumb Code     0  f2d.o(x$fpl$f2d)
    _f2d                                     0x0001c8bd   Thumb Code    86  f2d.o(x$fpl$f2d)
    __fpl_fcmp_Inf                           0x0001c913   Thumb Code    24  fcmpi.o(x$fpl$fcmpinf)
    __aeabi_fdiv                             0x0001c92d   Thumb Code     0  fdiv.o(x$fpl$fdiv)
    _fdiv                                    0x0001c92d   Thumb Code   384  fdiv.o(x$fpl$fdiv)
    __aeabi_cfcmple                          0x0001cab1   Thumb Code     0  fleqf.o(x$fpl$fleqf)
    _fcmple                                  0x0001cab1   Thumb Code   104  fleqf.o(x$fpl$fleqf)
    __fpl_fcmple_InfNaN                      0x0001cb03   Thumb Code     0  fleqf.o(x$fpl$fleqf)
    __aeabi_fmul                             0x0001cb19   Thumb Code     0  fmul.o(x$fpl$fmul)
    _fmul                                    0x0001cb19   Thumb Code   258  fmul.o(x$fpl$fmul)
    __fpl_fnaninf                            0x0001cc1b   Thumb Code   140  fnaninf.o(x$fpl$fnaninf)
    __fpl_fretinf                            0x0001cca7   Thumb Code    10  fretinf.o(x$fpl$fretinf)
    __aeabi_cfrcmple                         0x0001ccb1   Thumb Code     0  frleqf.o(x$fpl$frleqf)
    _frcmple                                 0x0001ccb1   Thumb Code    98  frleqf.o(x$fpl$frleqf)
    _printf_fp_dec                           0x0001cd13   Thumb Code     4  printf1.o(x$fpl$printf1)
    __I$use$fp                               0x0001cd16   Number         0  usenofp.o(x$fpl$usenofp)
    _NFILE                                   0x0001d308   Data           2  file_config.o(.constdata)
    _NDRV                                    0x0001d30a   Data           2  file_config.o(.constdata)
    fat_ncache                               0x0001d30c   Data          12  file_config.o(.constdata)
    mc0_drv                                  0x0001d318   Data          24  file_config.o(.constdata)
    fs_DevPool                               0x0001d330   Data           8  file_config.o(.constdata)
    spi0_drv                                 0x0001d338   Data          32  spi_lpc17xx.o(.constdata)
    __stdin_name                             0x0001d358   Data           6  retarget.o(.constdata)
    __stdout_name                            0x0001d35e   Data           7  retarget.o(.constdata)
    __stderr_name                            0x0001d365   Data           7  retarget.o(.constdata)
    fileName                                 0x0001d36c   Data          17  sd_functions.o(.constdata)
    FIFO_SIZE                                0x0001d444   Data           1  mfrc522.o(.constdata)
    Region$$Table$$Base                      0x0001dba8   Number         0  anon$$obj.o(Region$$Table)
    Region$$Table$$Limit                     0x0001dbc8   Number         0  anon$$obj.o(Region$$Table)
    __ctype                                  0x0001dbf1   Data           0  lc_ctype_c.o(locale$$data)
    SystemCoreClock                          0x10000000   Data           4  system_lpc17xx.o(.data)
    matrix                                   0x10000008   Data          56  touchpanel.o(.data)
    DisplaySample                            0x10000040   Data          12  touchpanel.o(.data)
    display                                  0x10000050   Data           4  touchpanel.o(.data)
    x                                        0x10000054   Data           4  main.o(.data)
    b                                        0x10000058   Data           4  main.o(.data)
    y                                        0x1000005c   Data           4  main.o(.data)
    pass_admin                               0x10000060   Data           7  main.o(.data)
    cont                                     0x10000068   Data           4  main.o(.data)
    voltiospoten                             0x1000006c   Data           4  main.o(.data)
    ciclos                                   0x10000070   Data           4  main.o(.data)
    voltiostemp                              0x10000074   Data           4  main.o(.data)
    voltiosdist                              0x10000078   Data           4  main.o(.data)
    temperatura                              0x1000007c   Data           4  main.o(.data)
    i                                        0x10000080   Data           4  main.o(.data)
    j                                        0x10000084   Data           4  main.o(.data)
    st                                       0x10000088   Data           4  main.o(.data)
    estado                                   0x1000008c   Data           4  main.o(.data)
    tecla                                    0x10000090   Data           1  main.o(.data)
    pass                                     0x10000091   Data           7  main.o(.data)
    sd_init                                  0x10000098   Data           1  main.o(.data)
    timeOut                                  0x1000009c   Data           4  main.o(.data)
    led_1                                    0x100000a0   Data           1  menu.o(.data)
    led_2                                    0x100000a1   Data           1  menu.o(.data)
    zone_0                                   0x100000a2   Data          10  menu.o(.data)
    zone_1                                   0x100000ac   Data          10  menu.o(.data)
    zone_2                                   0x100000b6   Data          10  menu.o(.data)
    zone_3                                   0x100000c0   Data          10  menu.o(.data)
    zone_sensores                            0x100000ca   Data          10  menu.o(.data)
    zone_4                                   0x100000d4   Data          10  menu.o(.data)
    zone_5                                   0x100000de   Data          10  menu.o(.data)
    zone_6                                   0x100000e8   Data          10  menu.o(.data)
    zone_7                                   0x100000f2   Data          10  menu.o(.data)
    zone_TARJETA                             0x100000fc   Data          10  menu.o(.data)
    screenState                              0x10000106   Data           1  menu.o(.data)
    readed_id_card                           0x10000108   Data           4  menu.o(.data)
    sd_load                                  0x1000010c   Data           4  menu.o(.data)
    sd_log                                   0x10000110   Data           4  menu.o(.data)
    idCard                                   0x10000114   Data           4  menu.o(.data)
    RTC_Changed                              0x10000118   Data           1  rtc.o(.data)
    voltios                                  0x10000120   Data           4  alarma.o(.data)
    detectado                                0x10000124   Data           4  tecladom.o(.data)
    fin                                      0x10000128   Data           1  uart.o(.data)
    a                                        0x1000012c   Data           4  uart.o(.data)
    pass_admin_uart                          0x10000130   Data           9  uart.o(.data)
    ptr_rx                                   0x1000013c   Data           4  uart.o(.data)
    rx_completa                              0x10000140   Data           1  uart.o(.data)
    ptr_tx                                   0x10000144   Data           4  uart.o(.data)
    tx_completa                              0x10000148   Data           1  uart.o(.data)
    alarma2                                  0x1000014c   Data           4  uart.o(.data)
    rele                                     0x10000150   Data           4  uart.o(.data)
    __aeabi_stdin                            0x10000158   Data           4  stdio_streams.o(.data)
    __aeabi_stdout                           0x1000015c   Data           4  stdio_streams.o(.data)
    __aeabi_stderr                           0x10000160   Data           4  stdio_streams.o(.data)
    ScreenSample                             0x10000164   Data          12  touchpanel.o(.bss)
    _iob                                     0x10000170   Data         288  file_config.o(.bss)
    teclado                                  0x10001820   Data          16  main.o(.bss)
    valores                                  0x10001830   Data          30  main.o(.bss)
    buffer_aux                               0x1000184e   Data          50  menu.o(.bss)
    muestras                                 0x10001880   Data          64  alarma.o(.bss)
    buffer_uart                              0x100018c0   Data          30  uart.o(.bss)
    uid                                      0x100018de   Data          12  mfrc522.o(.bss)
    __stdin                                  0x100018ec   Data          84  stdio_streams.o(.bss)
    __stdout                                 0x10001940   Data          84  stdio_streams.o(.bss)
    __stderr                                 0x10001994   Data          84  stdio_streams.o(.bss)
    __libspace_start                         0x100019e8   Data          96  libspace.o(.bss)
    __temporary_stack_top$libspace           0x10001a48   Data           0  libspace.o(.bss)



==============================================================================

Memory Map of the image

  Image Entry point : 0x000000cd

  Load Region LR_IROM1 (Base: 0x00000000, Size: 0x0001de58, Max: 0x00080000, ABSOLUTE, COMPRESSED[0x0001dd5c])

    Execution Region ER_IROM1 (Base: 0x00000000, Size: 0x0001dcf4, Max: 0x00080000, ABSOLUTE)

    Base Addr    Size         Type   Attr      Idx    E Section Name        Object

    0x00000000   0x000000cc   Data   RO            3    RESET               startup_lpc17xx.o
    0x000000cc   0x00000008   Code   RO         1468  * !!!main             c_w.l(__main.o)
    0x000000d4   0x00000034   Code   RO         1955    !!!scatter          c_w.l(__scatter.o)
    0x00000108   0x0000005a   Code   RO         1953    !!dczerorl2         c_w.l(__dczerorl2.o)
    0x00000162   0x00000002   PAD
    0x00000164   0x0000001c   Code   RO         1957    !!handler_zi        c_w.l(__scatter_zi.o)
    0x00000180   0x00000000   Code   RO         1431    .ARM.Collect$$_printf_percent$$00000000  c_w.l(_printf_percent.o)
    0x00000180   0x00000006   Code   RO         1430    .ARM.Collect$$_printf_percent$$00000003  c_w.l(_printf_f.o)
    0x00000186   0x00000006   Code   RO         1429    .ARM.Collect$$_printf_percent$$00000009  c_w.l(_printf_d.o)
    0x0000018c   0x00000006   Code   RO         1428    .ARM.Collect$$_printf_percent$$0000000C  c_w.l(_printf_x.o)
    0x00000192   0x00000006   Code   RO         1427    .ARM.Collect$$_printf_percent$$00000013  c_w.l(_printf_c.o)
    0x00000198   0x00000004   Code   RO         1599    .ARM.Collect$$_printf_percent$$00000017  c_w.l(_printf_percent_end.o)
    0x0000019c   0x00000002   Code   RO         1844    .ARM.Collect$$libinit$$00000000  c_w.l(libinit.o)
    0x0000019e   0x00000000   Code   RO         1740    .ARM.Collect$$libinit$$00000002  c_w.l(libinit2.o)
    0x0000019e   0x00000008   Code   RO         1741    .ARM.Collect$$libinit$$00000003  c_w.l(libinit2.o)
    0x000001a6   0x00000000   Code   RO         1743    .ARM.Collect$$libinit$$00000008  c_w.l(libinit2.o)
    0x000001a6   0x00000000   Code   RO         1745    .ARM.Collect$$libinit$$0000000A  c_w.l(libinit2.o)
    0x000001a6   0x00000000   Code   RO         1747    .ARM.Collect$$libinit$$0000000C  c_w.l(libinit2.o)
    0x000001a6   0x00000006   Code   RO         1748    .ARM.Collect$$libinit$$0000000D  c_w.l(libinit2.o)
    0x000001ac   0x00000000   Code   RO         1750    .ARM.Collect$$libinit$$0000000F  c_w.l(libinit2.o)
    0x000001ac   0x0000000c   Code   RO         1751    .ARM.Collect$$libinit$$00000010  c_w.l(libinit2.o)
    0x000001b8   0x00000000   Code   RO         1752    .ARM.Collect$$libinit$$00000011  c_w.l(libinit2.o)
    0x000001b8   0x00000000   Code   RO         1754    .ARM.Collect$$libinit$$00000013  c_w.l(libinit2.o)
    0x000001b8   0x0000000a   Code   RO         1755    .ARM.Collect$$libinit$$00000014  c_w.l(libinit2.o)
    0x000001c2   0x00000000   Code   RO         1756    .ARM.Collect$$libinit$$00000015  c_w.l(libinit2.o)
    0x000001c2   0x00000000   Code   RO         1758    .ARM.Collect$$libinit$$00000017  c_w.l(libinit2.o)
    0x000001c2   0x00000000   Code   RO         1760    .ARM.Collect$$libinit$$00000019  c_w.l(libinit2.o)
    0x000001c2   0x00000000   Code   RO         1762    .ARM.Collect$$libinit$$0000001B  c_w.l(libinit2.o)
    0x000001c2   0x00000000   Code   RO         1764    .ARM.Collect$$libinit$$0000001D  c_w.l(libinit2.o)
    0x000001c2   0x00000000   Code   RO         1766    .ARM.Collect$$libinit$$0000001F  c_w.l(libinit2.o)
    0x000001c2   0x00000000   Code   RO         1768    .ARM.Collect$$libinit$$00000021  c_w.l(libinit2.o)
    0x000001c2   0x00000004   Code   RO         1769    .ARM.Collect$$libinit$$00000022  c_w.l(libinit2.o)
    0x000001c6   0x00000000   Code   RO         1770    .ARM.Collect$$libinit$$00000023  c_w.l(libinit2.o)
    0x000001c6   0x00000000   Code   RO         1774    .ARM.Collect$$libinit$$0000002A  c_w.l(libinit2.o)
    0x000001c6   0x00000000   Code   RO         1776    .ARM.Collect$$libinit$$0000002C  c_w.l(libinit2.o)
    0x000001c6   0x00000000   Code   RO         1778    .ARM.Collect$$libinit$$0000002E  c_w.l(libinit2.o)
    0x000001c6   0x00000000   Code   RO         1780    .ARM.Collect$$libinit$$00000030  c_w.l(libinit2.o)
    0x000001c6   0x00000002   Code   RO         1781    .ARM.Collect$$libinit$$00000031  c_w.l(libinit2.o)
    0x000001c8   0x00000002   Code   RO         1938    .ARM.Collect$$libshutdown$$00000000  c_w.l(libshutdown.o)
    0x000001ca   0x00000004   Code   RO         1846    .ARM.Collect$$libshutdown$$00000002  c_w.l(libshutdown2.o)
    0x000001ce   0x00000000   Code   RO         1847    .ARM.Collect$$libshutdown$$00000003  c_w.l(libshutdown2.o)
    0x000001ce   0x00000000   Code   RO         1850    .ARM.Collect$$libshutdown$$00000006  c_w.l(libshutdown2.o)
    0x000001ce   0x00000000   Code   RO         1853    .ARM.Collect$$libshutdown$$00000009  c_w.l(libshutdown2.o)
    0x000001ce   0x00000000   Code   RO         1855    .ARM.Collect$$libshutdown$$0000000B  c_w.l(libshutdown2.o)
    0x000001ce   0x00000000   Code   RO         1858    .ARM.Collect$$libshutdown$$0000000E  c_w.l(libshutdown2.o)
    0x000001ce   0x00000002   Code   RO         1859    .ARM.Collect$$libshutdown$$0000000F  c_w.l(libshutdown2.o)
    0x000001d0   0x00000000   Code   RO         1520    .ARM.Collect$$rtentry$$00000000  c_w.l(rtentry.o)
    0x000001d0   0x00000000   Code   RO         1629    .ARM.Collect$$rtentry$$00000002  c_w.l(rtentry2.o)
    0x000001d0   0x00000006   Code   RO         1641    .ARM.Collect$$rtentry$$00000004  c_w.l(rtentry4.o)
    0x000001d6   0x00000000   Code   RO         1631    .ARM.Collect$$rtentry$$00000009  c_w.l(rtentry2.o)
    0x000001d6   0x00000004   Code   RO         1632    .ARM.Collect$$rtentry$$0000000A  c_w.l(rtentry2.o)
    0x000001da   0x00000000   Code   RO         1634    .ARM.Collect$$rtentry$$0000000C  c_w.l(rtentry2.o)
    0x000001da   0x00000008   Code   RO         1635    .ARM.Collect$$rtentry$$0000000D  c_w.l(rtentry2.o)
    0x000001e2   0x00000002   Code   RO         1866    .ARM.Collect$$rtexit$$00000000  c_w.l(rtexit.o)
    0x000001e4   0x00000000   Code   RO         1909    .ARM.Collect$$rtexit$$00000002  c_w.l(rtexit2.o)
    0x000001e4   0x00000004   Code   RO         1910    .ARM.Collect$$rtexit$$00000003  c_w.l(rtexit2.o)
    0x000001e8   0x00000006   Code   RO         1911    .ARM.Collect$$rtexit$$00000004  c_w.l(rtexit2.o)
    0x000001ee   0x00000002   PAD
    0x000001f0   0x00000000   Code   RO         1800    .emb_text           c_w.l(maybetermalloc1.o)
    0x000001f0   0x00000040   Code   RO            5    .text               startup_lpc17xx.o
    0x00000230   0x00000004   Code   RO          330    .text               lpc17xx_libcfg_default.o
    0x00000234   0x00000020   Code   RO          567    .text               asciilib.o
    0x00000254   0x00000050   Code   RO          721    .text               main.o
    0x000002a4   0x00000044   Code   RO          825    .text               sd_functions.o
    0x000002e8   0x00000002   Code   RO         1366    .text               c_w.l(use_no_semi.o)
    0x000002ea   0x00000008   Code   RO         1438    .text               c_w.l(feof.o)
    0x000002f2   0x00000006   Code   RO         1466    .text               c_w.l(heapauxi.o)
    0x000002f8   0x00000004   Code   RO         1655    .text               c_w.l(hguard.o)
    0x000002fc   0x00000004   Code   RO            4    .ARM.__at_0x02FC    startup_lpc17xx.o
    0x00000300   0x000002a4   Code   RO           14    .text               system_lpc17xx.o
    0x000005a4   0x00000150   Code   RO          160    .text               lpc17xx_clkpwr.o
    0x000006f4   0x00000424   Code   RO          267    .text               lpc17xx_gpio.o
    0x00000b18   0x00000100   Code   RO          381    .text               lpc17xx_pinsel.o
    0x00000c18   0x000009bc   Code   RO          454    .text               lpc17xx_rtc.o
    0x000015d4   0x000006d0   Code   RO          492    .text               lpc17xx_ssp.o
    0x00001ca4   0x00011100   Code   RO          588    .text               glcd.o
    0x00012da4   0x00000840   Code   RO          616    .text               touchpanel.o
    0x000135e4   0x000000cc   Code   RO          638    .text               file_config.o
    0x000136b0   0x000001e0   Code   RO          668    .text               spi_lpc17xx.o
    0x00013890   0x00000124   Code   RO          686    .text               retarget.o
    0x000139b4   0x00000c14   Code   RO          785    .text               menu.o
    0x000145c8   0x00000084   Code   RO          858    .text               timer.o
    0x0001464c   0x000000b0   Code   RO          882    .text               rtc.o
    0x000146fc   0x000000a8   Code   RO          905    .text               ventilador.o
    0x000147a4   0x000001d8   Code   RO          921    .text               alarma.o
    0x0001497c   0x00000724   Code   RO          945    .text               pantalla.o
    0x000150a0   0x000003f0   Code   RO          961    .text               tecladom.o
    0x00015490   0x0000025c   Code   RO          984    .text               adc.o
    0x000156ec   0x0000037c   Code   RO         1014    .text               uart.o
    0x00015a68   0x00000be4   Code   RO         1042    .text               mfrc522.o
    0x0001664c   0x00000158   Code   RO         1075    .text               rfid.o
    0x000167a4   0x00000014   Code   RO         1374    .text               c_w.l(noretval__2fprintf.o)
    0x000167b8   0x00000028   Code   RO         1376    .text               c_w.l(noretval__2sprintf.o)
    0x000167e0   0x00000052   Code   RO         1380    .text               c_w.l(_printf_pad.o)
    0x00016832   0x00000052   Code   RO         1382    .text               c_w.l(_printf_str.o)
    0x00016884   0x00000078   Code   RO         1384    .text               c_w.l(_printf_dec.o)
    0x000168fc   0x0000005c   Code   RO         1389    .text               c_w.l(_printf_hex_int.o)
    0x00016958   0x0000018c   Code   RO         1424    .text               c_w.l(__printf_flags_ss_wp.o)
    0x00016ae4   0x00000018   Code   RO         1432    .text               c_w.l(__0fscanf.o)
    0x00016afc   0x00000150   Code   RO         1434    .text               c_w.l(_scanf_int.o)
    0x00016c4c   0x000000da   Code   RO         1436    .text               c_w.l(_scanf_str.o)
    0x00016d26   0x00000002   PAD
    0x00016d28   0x000000ec   Code   RO         1440    .text               c_w.l(fopen.o)
    0x00016e14   0x0000004c   Code   RO         1442    .text               c_w.l(fclose.o)
    0x00016e60   0x0000003e   Code   RO         1450    .text               c_w.l(strlen.o)
    0x00016e9e   0x0000008a   Code   RO         1454    .text               c_w.l(rt_memcpy_v6.o)
    0x00016f28   0x00000064   Code   RO         1456    .text               c_w.l(rt_memcpy_w.o)
    0x00016f8c   0x00000044   Code   RO         1460    .text               c_w.l(rt_memclr.o)
    0x00016fd0   0x0000004e   Code   RO         1462    .text               c_w.l(rt_memclr_w.o)
    0x0001701e   0x00000002   PAD
    0x00017020   0x00000080   Code   RO         1464    .text               c_w.l(strcmpv7m.o)
    0x000170a0   0x0000005e   Code   RO         1529    .text               c_w.l(h1_alloc.o)
    0x000170fe   0x0000004e   Code   RO         1531    .text               c_w.l(h1_free.o)
    0x0001714c   0x000000b8   Code   RO         1587    .text               c_w.l(_printf_intcommon.o)
    0x00017204   0x00000420   Code   RO         1589    .text               c_w.l(_printf_fp_dec.o)
    0x00017624   0x00000030   Code   RO         1591    .text               c_w.l(_printf_char_common.o)
    0x00017654   0x0000000a   Code   RO         1593    .text               c_w.l(_sputc.o)
    0x0001765e   0x0000002c   Code   RO         1595    .text               c_w.l(_printf_char.o)
    0x0001768a   0x00000002   PAD
    0x0001768c   0x00000024   Code   RO         1597    .text               c_w.l(_printf_char_file.o)
    0x000176b0   0x0000001c   Code   RO         1600    .text               c_w.l(_chval.o)
    0x000176cc   0x00000018   Code   RO         1602    .text               c_w.l(scanf_char_file.o)
    0x000176e4   0x000000f8   Code   RO         1604    .text               c_w.l(fseek.o)
    0x000177dc   0x000000f0   Code   RO         1606    .text               c_w.l(stdio.o)
    0x000178cc   0x00000008   Code   RO         1648    .text               c_w.l(rt_heap_descriptor_intlibspace.o)
    0x000178d4   0x00000008   Code   RO         1653    .text               c_w.l(rt_locale_intlibspace.o)
    0x000178dc   0x0000008a   Code   RO         1657    .text               c_w.l(init_alloc.o)
    0x00017966   0x0000000e   Code   RO         1661    .text               c_w.l(h1_init.o)
    0x00017974   0x0000008a   Code   RO         1675    .text               c_w.l(lludiv10.o)
    0x000179fe   0x00000002   PAD
    0x00017a00   0x00000080   Code   RO         1677    .text               c_w.l(_printf_fp_infnan.o)
    0x00017a80   0x0000002c   Code   RO         1681    .text               c_w.l(scanf_char.o)
    0x00017aac   0x000000e4   Code   RO         1683    .text               c_w.l(bigflt0.o)
    0x00017b90   0x00000048   Code   RO         1708    .text               c_w.l(backspace.o)
    0x00017bd8   0x00000008   Code   RO         1710    .text               c_w.l(ferror.o)
    0x00017be0   0x00000046   Code   RO         1720    .text               c_w.l(ftell.o)
    0x00017c26   0x00000002   PAD
    0x00017c28   0x00000138   Code   RO         1722    .text               c_w.l(initio.o)
    0x00017d60   0x00000008   Code   RO         1788    .text               c_w.l(libspace.o)
    0x00017d68   0x0000004a   Code   RO         1791    .text               c_w.l(sys_stackheap_outer.o)
    0x00017db2   0x00000002   PAD
    0x00017db4   0x00000008   Code   RO         1796    .text               c_w.l(rt_errno_addr_intlibspace.o)
    0x00017dbc   0x00000034   Code   RO         1802    .text               c_w.l(h1_extend.o)
    0x00017df0   0x00000012   Code   RO         1806    .text               c_w.l(isspace.o)
    0x00017e02   0x00000002   PAD
    0x00017e04   0x00000370   Code   RO         1808    .text               c_w.l(_scanf.o)
    0x00018174   0x00000240   Code   RO         1810    .text               c_w.l(filbuf.o)
    0x000183b4   0x000001de   Code   RO         1812    .text               c_w.l(flsbuf.o)
    0x00018592   0x00000046   Code   RO         1814    .text               c_w.l(setvbuf.o)
    0x000185d8   0x00000048   Code   RO         1816    .text               c_w.l(ungetc.o)
    0x00018620   0x0000000c   Code   RO         1820    .text               c_w.l(exit.o)
    0x0001862c   0x0000000e   Code   RO         1826    .text               c_w.l(defsig_rtred_outer.o)
    0x0001863a   0x0000000e   Code   RO         1830    .text               c_w.l(defsig_rtmem_outer.o)
    0x00018648   0x00000010   Code   RO         1868    .text               c_w.l(rt_ctype_table.o)
    0x00018658   0x00000038   Code   RO         1884    .text               c_w.l(flushlinebuffered.o)
    0x00018690   0x0000000a   Code   RO         1894    .text               c_w.l(defsig_exit.o)
    0x0001869a   0x00000002   PAD
    0x0001869c   0x00000034   Code   RO         1898    .text               c_w.l(defsig_rtred_inner.o)
    0x000186d0   0x00000050   Code   RO         1900    .text               c_w.l(defsig_rtmem_inner.o)
    0x00018720   0x00000064   Code   RO         1919    .text               c_w.l(fflush.o)
    0x00018784   0x00000032   Code   RO         1932    .text               c_w.l(defsig_general.o)
    0x000187b6   0x0000003e   Code   RO         1686    CL$$btod_d2e        c_w.l(btod.o)
    0x000187f4   0x00000046   Code   RO         1688    CL$$btod_d2e_denorm_low  c_w.l(btod.o)
    0x0001883a   0x00000060   Code   RO         1687    CL$$btod_d2e_norm_op1  c_w.l(btod.o)
    0x0001889a   0x00000338   Code   RO         1696    CL$$btod_div_common  c_w.l(btod.o)
    0x00018bd2   0x000000c6   Code   RO         1693    CL$$btod_e2e        c_w.l(btod.o)
    0x00018c98   0x00000028   Code   RO         1690    CL$$btod_ediv       c_w.l(btod.o)
    0x00018cc0   0x00000028   Code   RO         1689    CL$$btod_emul       c_w.l(btod.o)
    0x00018ce8   0x00000244   Code   RO         1695    CL$$btod_mult_common  c_w.l(btod.o)
    0x00018f2c   0x00000028   Code   RO         1786    i.__ARM_fpclassify  m_ws.l(fpclassify.o)
    0x00018f54   0x00000054   Code   RO         1091    i.__sys_close       FS_CM3.lib(fs_sys.o)
    0x00018fa8   0x00000048   Code   RO         1092    i.__sys_ensure      FS_CM3.lib(fs_sys.o)
    0x00018ff0   0x00000040   Code   RO         1093    i.__sys_flen        FS_CM3.lib(fs_sys.o)
    0x00019030   0x000001c8   Code   RO         1094    i.__sys_open        FS_CM3.lib(fs_sys.o)
    0x000191f8   0x00000060   Code   RO         1095    i.__sys_read        FS_CM3.lib(fs_sys.o)
    0x00019258   0x00000048   Code   RO         1096    i.__sys_seek        FS_CM3.lib(fs_sys.o)
    0x000192a0   0x00000058   Code   RO         1097    i.__sys_write       FS_CM3.lib(fs_sys.o)
    0x000192f8   0x0000000e   Code   RO         1417    i._is_digit         c_w.l(__printf_wp.o)
    0x00019306   0x000000da   Code   RO         1163    i.alloc_name        FS_CM3.lib(fs_fat.o)
    0x000193e0   0x0000004a   Code   RO         1164    i.alloc_new_clus    FS_CM3.lib(fs_fat.o)
    0x0001942a   0x00000092   Code   RO         1165    i.cache_fat         FS_CM3.lib(fs_fat.o)
    0x000194bc   0x00000072   Code   RO         1166    i.check_lfn         FS_CM3.lib(fs_fat.o)
    0x0001952e   0x00000006   Code   RO         1167    i.check_name        FS_CM3.lib(fs_fat.o)
    0x00019534   0x00000080   Code   RO         1168    i.chk_dir_empty     FS_CM3.lib(fs_fat.o)
    0x000195b4   0x0000003c   Code   RO         1169    i.clear_clus        FS_CM3.lib(fs_fat.o)
    0x000195f0   0x00000024   Code   RO         1170    i.clus_to_sect      FS_CM3.lib(fs_fat.o)
    0x00019614   0x0000010a   Code   RO         1171    i.count_free_clus   FS_CM3.lib(fs_fat.o)
    0x0001971e   0x00000002   PAD
    0x00019720   0x00000100   Code   RO         1172    i.create_entry      FS_CM3.lib(fs_fat.o)
    0x00019820   0x0000010c   Code   RO         1173    i.create_lfn_entry  FS_CM3.lib(fs_fat.o)
    0x0001992c   0x0000017c   Code   RO         1174    i.create_sfn_entry  FS_CM3.lib(fs_fat.o)
    0x00019aa8   0x0000009e   Code   RO         1175    i.cvt_fatname       FS_CM3.lib(fs_fat.o)
    0x00019b46   0x000000a0   Code   RO         1176    i.delete_entries    FS_CM3.lib(fs_fat.o)
    0x00019be6   0x00000002   PAD
    0x00019be8   0x00000034   Code   RO         1178    i.fat_crc32         FS_CM3.lib(fs_fat.o)
    0x00019c1c   0x00000060   Code   RO         1179    i.fat_create        FS_CM3.lib(fs_fat.o)
    0x00019c7c   0x000000b0   Code   RO         1180    i.fat_delete        FS_CM3.lib(fs_fat.o)
    0x00019d2c   0x00000078   Code   RO         1182    i.fat_find          FS_CM3.lib(fs_fat.o)
    0x00019da4   0x00000094   Code   RO         1183    i.fat_find_dir      FS_CM3.lib(fs_fat.o)
    0x00019e38   0x00000152   Code   RO         1187    i.fat_init          FS_CM3.lib(fs_fat.o)
    0x00019f8a   0x00000054   Code   RO         1190    i.fat_path_valid    FS_CM3.lib(fs_fat.o)
    0x00019fde   0x000000b4   Code   RO         1191    i.fat_read          FS_CM3.lib(fs_fat.o)
    0x0001a092   0x000000a6   Code   RO         1193    i.fat_seek          FS_CM3.lib(fs_fat.o)
    0x0001a138   0x000000d8   Code   RO         1194    i.fat_wclose        FS_CM3.lib(fs_fat.o)
    0x0001a210   0x00000124   Code   RO         1195    i.fat_write         FS_CM3.lib(fs_fat.o)
    0x0001a334   0x00000080   Code   RO         1109    i.fdelete           FS_CM3.lib(fs_mapi.o)
    0x0001a3b4   0x00000018   Code   RO         1713    i.fgetc             c_w.l(fgetc.o)
    0x0001a3cc   0x00000022   Code   RO         1196    i.find_fn_elink     FS_CM3.lib(fs_fat.o)
    0x0001a3ee   0x00000006   Code   RO         1197    i.find_name         FS_CM3.lib(fs_fat.o)
    0x0001a3f4   0x0000007c   Code   RO         1113    i.finit             FS_CM3.lib(fs_mapi.o)
    0x0001a470   0x0000001a   Code   RO         1717    i.fputc             c_w.l(fputc.o)
    0x0001a48a   0x00000032   Code   RO         1198    i.frec_pos_comp     FS_CM3.lib(fs_fat.o)
    0x0001a4bc   0x00000056   Code   RO         1199    i.frec_pos_set      FS_CM3.lib(fs_fat.o)
    0x0001a512   0x00000034   Code   RO         1200    i.frec_read         FS_CM3.lib(fs_fat.o)
    0x0001a546   0x00000002   PAD
    0x0001a548   0x00000070   Code   RO         1115    i.fs_cfg_drv        FS_CM3.lib(fs_mapi.o)
    0x0001a5b8   0x0000002e   Code   RO         1343    i.fs_chk_media      FS_CM3.lib(fs_lib.o)
    0x0001a5e6   0x00000024   Code   RO         1344    i.fs_dir            FS_CM3.lib(fs_lib.o)
    0x0001a60a   0x00000002   PAD
    0x0001a60c   0x0000002c   Code   RO         1345    i.fs_find_drv       FS_CM3.lib(fs_lib.o)
    0x0001a638   0x00000038   Code   RO         1346    i.fs_find_iob       FS_CM3.lib(fs_lib.o)
    0x0001a670   0x00000008   Code   RO         1360    i.fs_get_date       FS_CM3.lib(fs_time.o)
    0x0001a678   0x00000006   Code   RO         1361    i.fs_get_time       FS_CM3.lib(fs_time.o)
    0x0001a67e   0x00000002   PAD
    0x0001a680   0x00000054   Code   RO         1347    i.fs_lock           FS_CM3.lib(fs_lib.o)
    0x0001a6d4   0x00000078   Code   RO         1348    i.fs_map_drive      FS_CM3.lib(fs_lib.o)
    0x0001a74c   0x00000024   Code   RO         1201    i.get_EOC           FS_CM3.lib(fs_fat.o)
    0x0001a770   0x000000b0   Code   RO         1203    i.get_bootrec       FS_CM3.lib(fs_fat.o)
    0x0001a820   0x0000002e   Code   RO         1204    i.get_date          FS_CM3.lib(fs_fat.o)
    0x0001a84e   0x0000002c   Code   RO         1205    i.get_dir_name      FS_CM3.lib(fs_fat.o)
    0x0001a87a   0x00000066   Code   RO         1206    i.get_elink_dat     FS_CM3.lib(fs_fat.o)
    0x0001a8e0   0x00000032   Code   RO         1207    i.get_fat_sect      FS_CM3.lib(fs_fat.o)
    0x0001a912   0x00000002   PAD
    0x0001a914   0x000000dc   Code   RO         1209    i.get_free_clus     FS_CM3.lib(fs_fat.o)
    0x0001a9f0   0x00000080   Code   RO         1210    i.get_fsinfo        FS_CM3.lib(fs_fat.o)
    0x0001aa70   0x00000190   Code   RO         1212    i.get_nt_name       FS_CM3.lib(fs_fat.o)
    0x0001ac00   0x0000002e   Code   RO         1214    i.get_time          FS_CM3.lib(fs_fat.o)
    0x0001ac2e   0x0000000a   Code   RO         1215    i.get_u16           FS_CM3.lib(fs_fat.o)
    0x0001ac38   0x00000016   Code   RO         1216    i.get_u32           FS_CM3.lib(fs_fat.o)
    0x0001ac4e   0x000000d2   Code   RO         1118    i.init_drv          FS_CM3.lib(fs_mapi.o)
    0x0001ad20   0x00000016   Code   RO         1217    i.init_elink_path   FS_CM3.lib(fs_fat.o)
    0x0001ad36   0x00000002   PAD
    0x0001ad38   0x00000038   Code   RO         1218    i.is_EOC            FS_CM3.lib(fs_fat.o)
    0x0001ad70   0x0000001e   Code   RO         1227    i.lfn_calc_chksum   FS_CM3.lib(fs_fat.o)
    0x0001ad8e   0x00000024   Code   RO         1136    i.mmc_DevCtrl       FS_CM3.lib(fs_mmc.o)
    0x0001adb2   0x00000212   Code   RO         1137    i.mmc_Init          FS_CM3.lib(fs_mmc.o)
    0x0001afc4   0x0000005e   Code   RO         1138    i.mmc_ReadInfo      FS_CM3.lib(fs_mmc.o)
    0x0001b022   0x00000002   PAD
    0x0001b024   0x00000058   Code   RO         1139    i.mmc_ReadSector    FS_CM3.lib(fs_mmc.o)
    0x0001b07c   0x00000018   Code   RO         1140    i.mmc_UnInit        FS_CM3.lib(fs_mmc.o)
    0x0001b094   0x0000005c   Code   RO         1141    i.mmc_WriteSector   FS_CM3.lib(fs_mmc.o)
    0x0001b0f0   0x000000a2   Code   RO         1142    i.mmc_command       FS_CM3.lib(fs_mmc.o)
    0x0001b192   0x00000086   Code   RO         1143    i.mmc_fill_cid      FS_CM3.lib(fs_mmc.o)
    0x0001b218   0x00000070   Code   RO         1144    i.mmc_read_block    FS_CM3.lib(fs_mmc.o)
    0x0001b288   0x0000003c   Code   RO         1145    i.mmc_read_cid      FS_CM3.lib(fs_mmc.o)
    0x0001b2c4   0x000000dc   Code   RO         1146    i.mmc_read_csd      FS_CM3.lib(fs_mmc.o)
    0x0001b3a0   0x00000050   Code   RO         1147    i.mmc_read_info     FS_CM3.lib(fs_mmc.o)
    0x0001b3f0   0x00000094   Code   RO         1148    i.mmc_write_block   FS_CM3.lib(fs_mmc.o)
    0x0001b484   0x00000008   Code   RO         1228    i.name_hash         FS_CM3.lib(fs_fat.o)
    0x0001b48c   0x0000007a   Code   RO         1229    i.read_cache        FS_CM3.lib(fs_fat.o)
    0x0001b506   0x00000036   Code   RO         1231    i.read_last_entry   FS_CM3.lib(fs_fat.o)
    0x0001b53c   0x00000052   Code   RO         1232    i.read_sector       FS_CM3.lib(fs_fat.o)
    0x0001b58e   0x00000002   PAD
    0x0001b590   0x000002b4   Code   RO         1233    i.search_for_name   FS_CM3.lib(fs_fat.o)
    0x0001b844   0x00000094   Code   RO         1234    i.set_next_clus     FS_CM3.lib(fs_fat.o)
    0x0001b8d8   0x0000000e   Code   RO         1235    i.set_root_clus     FS_CM3.lib(fs_fat.o)
    0x0001b8e6   0x00000008   Code   RO         1236    i.set_u16           FS_CM3.lib(fs_fat.o)
    0x0001b8ee   0x00000010   Code   RO         1237    i.set_u32           FS_CM3.lib(fs_fat.o)
    0x0001b8fe   0x00000052   Code   RO         1238    i.short_ent_hash    FS_CM3.lib(fs_fat.o)
    0x0001b950   0x00000138   Code   RO         1240    i.unlink_clus_chain  FS_CM3.lib(fs_fat.o)
    0x0001ba88   0x00000060   Code   RO         1241    i.val_ch            FS_CM3.lib(fs_fat.o)
    0x0001bae8   0x00000014   Code   RO         1242    i.val_char          FS_CM3.lib(fs_fat.o)
    0x0001bafc   0x000000ae   Code   RO         1244    i.write_cache       FS_CM3.lib(fs_fat.o)
    0x0001bbaa   0x00000002   PAD
    0x0001bbac   0x00000118   Code   RO         1245    i.write_dot_entries  FS_CM3.lib(fs_fat.o)
    0x0001bcc4   0x000000e8   Code   RO         1246    i.write_fat_link    FS_CM3.lib(fs_fat.o)
    0x0001bdac   0x00000068   Code   RO         1247    i.write_fsinfo      FS_CM3.lib(fs_fat.o)
    0x0001be14   0x0000004a   Code   RO         1249    i.write_last_entry  FS_CM3.lib(fs_fat.o)
    0x0001be5e   0x00000030   Code   RO         1251    i.write_sector      FS_CM3.lib(fs_fat.o)
    0x0001be8e   0x00000002   PAD
    0x0001be90   0x0000002c   Code   RO         1735    locale$$code        c_w.l(lc_numeric_c.o)
    0x0001bebc   0x0000002c   Code   RO         1928    locale$$code        c_w.l(lc_ctype_c.o)
    0x0001bee8   0x00000062   Code   RO         1470    x$fpl$d2f           fz_ws.l(d2f.o)
    0x0001bf4a   0x00000002   PAD
    0x0001bf4c   0x00000150   Code   RO         1472    x$fpl$dadd          fz_ws.l(daddsub_clz.o)
    0x0001c09c   0x00000018   Code   RO         1615    x$fpl$dcmpinf       fz_ws.l(dcmpi.o)
    0x0001c0b4   0x000002b0   Code   RO         1479    x$fpl$ddiv          fz_ws.l(ddiv.o)
    0x0001c364   0x00000078   Code   RO         1482    x$fpl$deqf          fz_ws.l(deqf.o)
    0x0001c3dc   0x0000005e   Code   RO         1484    x$fpl$dfix          fz_ws.l(dfix.o)
    0x0001c43a   0x00000002   PAD
    0x0001c43c   0x0000005a   Code   RO         1488    x$fpl$dfixu         fz_ws.l(dfixu.o)
    0x0001c496   0x0000002e   Code   RO         1493    x$fpl$dflt          fz_ws.l(dflt_clz.o)
    0x0001c4c4   0x00000026   Code   RO         1492    x$fpl$dfltu         fz_ws.l(dflt_clz.o)
    0x0001c4ea   0x00000002   PAD
    0x0001c4ec   0x00000154   Code   RO         1498    x$fpl$dmul          fz_ws.l(dmul.o)
    0x0001c640   0x0000009c   Code   RO         1617    x$fpl$dnaninf       fz_ws.l(dnaninf.o)
    0x0001c6dc   0x0000000c   Code   RO         1619    x$fpl$dretinf       fz_ws.l(dretinf.o)
    0x0001c6e8   0x000001d4   Code   RO         1474    x$fpl$dsub          fz_ws.l(daddsub_clz.o)
    0x0001c8bc   0x00000056   Code   RO         1500    x$fpl$f2d           fz_ws.l(f2d.o)
    0x0001c912   0x00000018   Code   RO         1782    x$fpl$fcmpinf       fz_ws.l(fcmpi.o)
    0x0001c92a   0x00000002   PAD
    0x0001c92c   0x00000184   Code   RO         1503    x$fpl$fdiv          fz_ws.l(fdiv.o)
    0x0001cab0   0x00000068   Code   RO         1621    x$fpl$fleqf         fz_ws.l(fleqf.o)
    0x0001cb18   0x00000102   Code   RO         1512    x$fpl$fmul          fz_ws.l(fmul.o)
    0x0001cc1a   0x0000008c   Code   RO         1623    x$fpl$fnaninf       fz_ws.l(fnaninf.o)
    0x0001cca6   0x0000000a   Code   RO         1625    x$fpl$fretinf       fz_ws.l(fretinf.o)
    0x0001ccb0   0x00000062   Code   RO         1514    x$fpl$frleqf        fz_ws.l(frleqf.o)
    0x0001cd12   0x00000004   Code   RO         1516    x$fpl$printf1       fz_ws.l(printf1.o)
    0x0001cd16   0x00000000   Code   RO         1627    x$fpl$usenofp       fz_ws.l(usenofp.o)
    0x0001cd16   0x000005f0   Data   RO          568    .constdata          asciilib.o
    0x0001d306   0x00000002   PAD
    0x0001d308   0x00000030   Data   RO          640    .constdata          file_config.o
    0x0001d338   0x00000020   Data   RO          669    .constdata          spi_lpc17xx.o
    0x0001d358   0x00000014   Data   RO          687    .constdata          retarget.o
    0x0001d36c   0x00000011   Data   RO          826    .constdata          sd_functions.o
    0x0001d37d   0x00000003   PAD
    0x0001d380   0x00000073   Data   RO         1016    .constdata          uart.o
    0x0001d3f3   0x00000001   PAD
    0x0001d3f4   0x00000051   Data   RO         1044    .constdata          mfrc522.o
    0x0001d445   0x00000010   Data   RO         1149    .constdata          FS_CM3.lib(fs_mmc.o)
    0x0001d455   0x00000003   PAD
    0x0001d458   0x000004ac   Data   RO         1252    .constdata          FS_CM3.lib(fs_fat.o)
    0x0001d904   0x00000028   Data   RO         1390    .constdata          c_w.l(_printf_hex_int.o)
    0x0001d92c   0x00000011   Data   RO         1425    .constdata          c_w.l(__printf_flags_ss_wp.o)
    0x0001d93d   0x00000003   PAD
    0x0001d940   0x00000094   Data   RO         1684    .constdata          c_w.l(bigflt0.o)
    0x0001d9d4   0x000001d2   Data   RO         1045    .conststring        mfrc522.o
    0x0001dba6   0x00000002   PAD
    0x0001dba8   0x00000020   Data   RO         1951    Region$$Table       anon$$obj.o
    0x0001dbc8   0x0000001c   Data   RO         1734    locale$$data        c_w.l(lc_numeric_c.o)
    0x0001dbe4   0x00000110   Data   RO         1927    locale$$data        c_w.l(lc_ctype_c.o)


    Execution Region RW_IRAM1 (Base: 0x10000000, Size: 0x00002648, Max: 0x00008000, ABSOLUTE, COMPRESSED[0x00000068])

    Base Addr    Size         Type   Attr      Idx    E Section Name        Object

    0x10000000   0x00000004   Data   RW           15    .data               system_lpc17xx.o
    0x10000004   0x00000001   Data   RW          589    .data               glcd.o
    0x10000005   0x00000003   PAD
    0x10000008   0x0000004c   Data   RW          618    .data               touchpanel.o
    0x10000054   0x0000004c   Data   RW          723    .data               main.o
    0x100000a0   0x00000078   Data   RW          787    .data               menu.o
    0x10000118   0x00000001   Data   RW          883    .data               rtc.o
    0x10000119   0x00000003   PAD
    0x1000011c   0x00000008   Data   RW          923    .data               alarma.o
    0x10000124   0x00000004   Data   RW          962    .data               tecladom.o
    0x10000128   0x0000002c   Data   RW         1017    .data               uart.o
    0x10000154   0x00000001   Data   RW         1120    .data               FS_CM3.lib(fs_mapi.o)
    0x10000155   0x00000003   PAD
    0x10000158   0x00000004   Data   RW         1612    .data               c_w.l(stdio_streams.o)
    0x1000015c   0x00000004   Data   RW         1613    .data               c_w.l(stdio_streams.o)
    0x10000160   0x00000004   Data   RW         1614    .data               c_w.l(stdio_streams.o)
    0x10000164   0x0000000c   Zero   RW          617    .bss                touchpanel.o
    0x10000170   0x000016b0   Zero   RW          639    .bss                file_config.o
    0x10001820   0x0000002e   Zero   RW          722    .bss                main.o
    0x1000184e   0x00000032   Zero   RW          786    .bss                menu.o
    0x10001880   0x00000040   Zero   RW          922    .bss                alarma.o
    0x100018c0   0x0000001e   Zero   RW         1015    .bss                uart.o
    0x100018de   0x0000000c   Zero   RW         1043    .bss                mfrc522.o
    0x100018ea   0x00000002   PAD
    0x100018ec   0x00000054   Zero   RW         1609    .bss                c_w.l(stdio_streams.o)
    0x10001940   0x00000054   Zero   RW         1610    .bss                c_w.l(stdio_streams.o)
    0x10001994   0x00000054   Zero   RW         1611    .bss                c_w.l(stdio_streams.o)
    0x100019e8   0x00000060   Zero   RW         1789    .bss                c_w.l(libspace.o)
    0x10001a48   0x00000800   Zero   RW            2    HEAP                startup_lpc17xx.o
    0x10002248   0x00000400   Zero   RW            1    STACK               startup_lpc17xx.o


==============================================================================

Image component sizes


      Code (inc. data)   RO Data    RW Data    ZI Data      Debug   Object Name

       604         98          0          0          0       1050   adc.o
       472         50          0          8         64      18146   alarma.o
        32          6       1520          0          0       1019   asciilib.o
       204         16         48          0       5808      21678   file_config.o
     69888        342          0          1          0     204162   glcd.o
       336         32          0          0          0       1843   lpc17xx_clkpwr.o
      1060         62          0          0          0       9827   lpc17xx_gpio.o
         4          0          0          0          0        955   lpc17xx_libcfg_default.o
       256          4          0          0          0       2325   lpc17xx_pinsel.o
      2492        142          0          0          0       9435   lpc17xx_rtc.o
      1744         84          0          0          0      11368   lpc17xx_ssp.o
         0          0          0          0          0       3112   lpc17xx_wdt.o
        80         10          0         76         46       3996   main.o
      3092        552          0        120         50       7262   menu.o
      3044         18        547          0         12      16090   mfrc522.o
      1828        326          0          0          0       2862   pantalla.o
       292         26         20          0          0      11309   retarget.o
       344         34          0          0          0       1350   rfid.o
       176         28          0          1          0      17236   rtc.o
        68         16         17          0          0       1339   sd_functions.o
       480         30         32          0          0       2496   spi_lpc17xx.o
        68         30        204          0       3072       1136   startup_lpc17xx.o
       676         82          0          4          0      22477   system_lpc17xx.o
      1008         72          0          4          0      18275   tecladom.o
       132         18          0          0          0      17349   timer.o
      2112         70          0         76         12       5517   touchpanel.o
       892        166        115         44         30      19197   uart.o
       168         36          0          0          0        627   ventilador.o

    ----------------------------------------------------------------------
     91552       2350       2543        340       9096     433438   Object Totals
         0          0         32          0          0          0   (incl. Generated)
         0          0          8          6          2          0   (incl. Padding)

    ----------------------------------------------------------------------

      Code (inc. data)   RO Data    RW Data    ZI Data      Debug   Library Member Name

      8320        124       1196          0          0       5116   fs_fat.o
       386         36          0          0          0        464   fs_lib.o
       574         40          0          1          0        332   fs_mapi.o
      1780         20         16          0          0       1052   fs_mmc.o
       932         66          0          0          0        568   fs_sys.o
        14          4          0          0          0        136   fs_time.o
        24          0          0          0          0         84   __0fscanf.o
        90          0          0          0          0          0   __dczerorl2.o
         8          0          0          0          0         68   __main.o
       396          6         17          0          0         92   __printf_flags_ss_wp.o
        14          0          0          0          0         68   __printf_wp.o
        52          8          0          0          0          0   __scatter.o
        28          0          0          0          0          0   __scatter_zi.o
        28          0          0          0          0         68   _chval.o
         6          0          0          0          0          0   _printf_c.o
        44          0          0          0          0        108   _printf_char.o
        48          6          0          0          0         96   _printf_char_common.o
        36          4          0          0          0         80   _printf_char_file.o
         6          0          0          0          0          0   _printf_d.o
       120         18          0          0          0         92   _printf_dec.o
         6          0          0          0          0          0   _printf_f.o
      1056          0          0          0          0        216   _printf_fp_dec.o
       128         16          0          0          0         84   _printf_fp_infnan.o
        92          4         40          0          0         88   _printf_hex_int.o
       184          0          0          0          0         88   _printf_intcommon.o
        82          0          0          0          0        108   _printf_pad.o
         0          0          0          0          0          0   _printf_percent.o
         4          0          0          0          0          0   _printf_percent_end.o
        82          0          0          0          0         80   _printf_str.o
         6          0          0          0          0          0   _printf_x.o
       880          4          0          0          0        100   _scanf.o
       336          0          0          0          0         96   _scanf_int.o
       218          0          0          0          0         96   _scanf_str.o
        10          0          0          0          0         68   _sputc.o
        72          0          0          0          0         92   backspace.o
       228          6        148          0          0         96   bigflt0.o
      1910        128          0          0          0        672   btod.o
        10          0          0          0          0         68   defsig_exit.o
        50          0          0          0          0         88   defsig_general.o
        80         58          0          0          0         76   defsig_rtmem_inner.o
        14          0          0          0          0         80   defsig_rtmem_outer.o
        52         38          0          0          0         76   defsig_rtred_inner.o
        14          0          0          0          0         80   defsig_rtred_outer.o
        12          0          0          0          0         72   exit.o
        76          0          0          0          0         88   fclose.o
         8          0          0          0          0         68   feof.o
         8          0          0          0          0         68   ferror.o
       100          4          0          0          0        120   fflush.o
        24          0          0          0          0         68   fgetc.o
       576          0          0          0          0        132   filbuf.o
       478          0          0          0          0         88   flsbuf.o
        56          6          0          0          0         80   flushlinebuffered.o
       236          4          0          0          0        128   fopen.o
        26          0          0          0          0         68   fputc.o
       248          6          0          0          0         84   fseek.o
        70          0          0          0          0         76   ftell.o
        94          0          0          0          0         80   h1_alloc.o
        52          0          0          0          0         68   h1_extend.o
        78          0          0          0          0         80   h1_free.o
        14          0          0          0          0         84   h1_init.o
         6          0          0          0          0        152   heapauxi.o
         4          0          0          0          0        136   hguard.o
       138          0          0          0          0        168   init_alloc.o
       312         46          0          0          0        112   initio.o
        18          0          0          0          0         76   isspace.o
        44         10        272          0          0         76   lc_ctype_c.o
        44         10         28          0          0         76   lc_numeric_c.o
         2          0          0          0          0          0   libinit.o
        42          0          0          0          0          0   libinit2.o
         2          0          0          0          0          0   libshutdown.o
         6          0          0          0          0          0   libshutdown2.o
         8          4          0          0         96         68   libspace.o
       138          0          0          0          0         80   lludiv10.o
         0          0          0          0          0          0   maybetermalloc1.o
        20          0          0          0          0         84   noretval__2fprintf.o
        40          6          0          0          0         84   noretval__2sprintf.o
        16          4          0          0          0         76   rt_ctype_table.o
         8          4          0          0          0         68   rt_errno_addr_intlibspace.o
         8          4          0          0          0         68   rt_heap_descriptor_intlibspace.o
         8          4          0          0          0         68   rt_locale_intlibspace.o
        68          0          0          0          0         68   rt_memclr.o
        78          0          0          0          0         80   rt_memclr_w.o
       138          0          0          0          0         68   rt_memcpy_v6.o
       100          0          0          0          0         80   rt_memcpy_w.o
         0          0          0          0          0          0   rtentry.o
        12          0          0          0          0          0   rtentry2.o
         6          0          0          0          0          0   rtentry4.o
         2          0          0          0          0          0   rtexit.o
        10          0          0          0          0          0   rtexit2.o
        44          8          0          0          0         84   scanf_char.o
        24          8          0          0          0         68   scanf_char_file.o
        70          0          0          0          0         80   setvbuf.o
       240          6          0          0          0        156   stdio.o
         0          0          0         12        252          0   stdio_streams.o
       128          0          0          0          0         68   strcmpv7m.o
        62          0          0          0          0         76   strlen.o
        74          0          0          0          0         80   sys_stackheap_outer.o
        72         12          0          0          0         68   ungetc.o
         2          0          0          0          0         68   use_no_semi.o
        98          4          0          0          0         92   d2f.o
       804         16          0          0          0        272   daddsub_clz.o
        24          0          0          0          0         68   dcmpi.o
       688        140          0          0          0        208   ddiv.o
       120          4          0          0          0         92   deqf.o
        94          4          0          0          0         92   dfix.o
        90          4          0          0          0         92   dfixu.o
        84          0          0          0          0        136   dflt_clz.o
       340         12          0          0          0        104   dmul.o
       156          4          0          0          0         92   dnaninf.o
        12          0          0          0          0         68   dretinf.o
        86          4          0          0          0         84   f2d.o
        24          0          0          0          0         68   fcmpi.o
       388         76          0          0          0         96   fdiv.o
       104          4          0          0          0         84   fleqf.o
       258          4          0          0          0         84   fmul.o
       140          4          0          0          0         84   fnaninf.o
        10          0          0          0          0         68   fretinf.o
        98          0          0          0          0         68   frleqf.o
         4          0          0          0          0         68   printf1.o
         0          0          0          0          0          0   usenofp.o
        40          0          0          0          0         68   fpclassify.o

    ----------------------------------------------------------------------
     26282       1012       1723         16        348      16752   Library Totals
        50          0          6          3          0          0   (incl. Padding)

    ----------------------------------------------------------------------

      Code (inc. data)   RO Data    RW Data    ZI Data      Debug   Library Name

     12006        290       1212          1          0       7668   FS_CM3.lib
     10564        442        505         12        348       6996   c_w.l
      3622        280          0          0          0       2020   fz_ws.l
        40          0          0          0          0         68   m_ws.l

    ----------------------------------------------------------------------
     26282       1012       1723         16        348      16752   Library Totals

    ----------------------------------------------------------------------

==============================================================================


      Code (inc. data)   RO Data    RW Data    ZI Data      Debug   

    117834       3362       4266        356       9444     437398   Grand Totals
    117834       3362       4266        104       9444     437398   ELF Image Totals (compressed)
    117834       3362       4266        104          0          0   ROM Totals

==============================================================================

    Total RO  Size (Code + RO Data)               122100 ( 119.24kB)
    Total RW  Size (RW Data + ZI Data)              9800 (   9.57kB)
    Total ROM Size (Code + RO Data + RW Data)     122204 ( 119.34kB)

==============================================================================

