<html>
<body>
<pre>
<h1>µVision Build Log</h1>
<h2>Project:</h2>
C:\Users\ConchiJose\Desktop\V4\SD_Example_RFID_v2 (1)\SD_Example_RFID_v2\MDK-ARM\SD_Example.uvproj
Project File Date:  01/09/2017

<h2>Output:</h2>
Rebuild target 'SD_Example'
assembling startup_LPC17xx.s...
compiling system_LPC17xx.c...
compiling core_cm3.c...
compiling lpc17xx_wdt.c...
compiling debug_frmwrk.c...
compiling lpc17xx_adc.c...
compiling lpc17xx_can.c...
..\Libraries\LPC1700CMSIS_Firmware_Library\source\lpc17xx_can.c(144): warning:  #550-D: variable "temp" was set but never used
..\Libraries\LPC1700CMSIS_Firmware_Library\source\lpc17xx_can.c(712): warning:  #550-D: variable "abc" was set but never used
..\Libraries\LPC1700CMSIS_Firmware_Library\source\lpc17xx_can.c(1105): warning:  #186-D: pointless comparison of unsigned integer with zero
..\Libraries\LPC1700CMSIS_Firmware_Library\source\lpc17xx_can.c(1374): warning:  #61-D: integer operation result is out of range
..\Libraries\LPC1700CMSIS_Firmware_Library\source\lpc17xx_can.c(1374): warning:  #68-D: integer conversion resulted in a change of sign
..\Libraries\LPC1700CMSIS_Firmware_Library\source\lpc17xx_can.c(1378): warning:  #61-D: integer operation result is out of range
..\Libraries\LPC1700CMSIS_Firmware_Library\source\lpc17xx_can.c(1414): warning:  #61-D: integer operation result is out of range
..\Libraries\LPC1700CMSIS_Firmware_Library\source\lpc17xx_can.c(1414): warning:  #68-D: integer conversion resulted in a change of sign
..\Libraries\LPC1700CMSIS_Firmware_Library\source\lpc17xx_can.c(1418): warning:  #61-D: integer operation result is out of range
..\Libraries\LPC1700CMSIS_Firmware_Library\source\lpc17xx_can.c(1454): warning:  #61-D: integer operation result is out of range
..\Libraries\LPC1700CMSIS_Firmware_Library\source\lpc17xx_can.c(1454): warning:  #68-D: integer conversion resulted in a change of sign
..\Libraries\LPC1700CMSIS_Firmware_Library\source\lpc17xx_can.c(1458): warning:  #61-D: integer operation result is out of range
compiling lpc17xx_clkpwr.c...
compiling lpc17xx_dac.c...
compiling lpc17xx_emac.c...
compiling lpc17xx_exti.c...
compiling lpc17xx_gpdma.c...
..\Libraries\LPC1700CMSIS_Firmware_Library\source\lpc17xx_gpdma.c(87): warning:  #1296-D: extended constant initialiser used
..\Libraries\LPC1700CMSIS_Firmware_Library\source\lpc17xx_gpdma.c(88): warning:  #1296-D: extended constant initialiser used
..\Libraries\LPC1700CMSIS_Firmware_Library\source\lpc17xx_gpdma.c(89): warning:  #1296-D: extended constant initialiser used
..\Libraries\LPC1700CMSIS_Firmware_Library\source\lpc17xx_gpdma.c(90): warning:  #1296-D: extended constant initialiser used
..\Libraries\LPC1700CMSIS_Firmware_Library\source\lpc17xx_gpdma.c(91): warning:  #1296-D: extended constant initialiser used
..\Libraries\LPC1700CMSIS_Firmware_Library\source\lpc17xx_gpdma.c(92): warning:  #1296-D: extended constant initialiser used
..\Libraries\LPC1700CMSIS_Firmware_Library\source\lpc17xx_gpdma.c(93): warning:  #1296-D: extended constant initialiser used
..\Libraries\LPC1700CMSIS_Firmware_Library\source\lpc17xx_gpdma.c(94): warning:  #1296-D: extended constant initialiser used
..\Libraries\LPC1700CMSIS_Firmware_Library\source\lpc17xx_gpdma.c(95): warning:  #1296-D: extended constant initialiser used
..\Libraries\LPC1700CMSIS_Firmware_Library\source\lpc17xx_gpdma.c(96): warning:  #1296-D: extended constant initialiser used
..\Libraries\LPC1700CMSIS_Firmware_Library\source\lpc17xx_gpdma.c(97): warning:  #1296-D: extended constant initialiser used
..\Libraries\LPC1700CMSIS_Firmware_Library\source\lpc17xx_gpdma.c(98): warning:  #1296-D: extended constant initialiser used
..\Libraries\LPC1700CMSIS_Firmware_Library\source\lpc17xx_gpdma.c(99): warning:  #1296-D: extended constant initialiser used
..\Libraries\LPC1700CMSIS_Firmware_Library\source\lpc17xx_gpdma.c(100): warning:  #1296-D: extended constant initialiser used
..\Libraries\LPC1700CMSIS_Firmware_Library\source\lpc17xx_gpdma.c(101): warning:  #1296-D: extended constant initialiser used
..\Libraries\LPC1700CMSIS_Firmware_Library\source\lpc17xx_gpdma.c(102): warning:  #1296-D: extended constant initialiser used
..\Libraries\LPC1700CMSIS_Firmware_Library\source\lpc17xx_gpdma.c(103): warning:  #1296-D: extended constant initialiser used
..\Libraries\LPC1700CMSIS_Firmware_Library\source\lpc17xx_gpdma.c(104): warning:  #1296-D: extended constant initialiser used
..\Libraries\LPC1700CMSIS_Firmware_Library\source\lpc17xx_gpdma.c(105): warning:  #1296-D: extended constant initialiser used
..\Libraries\LPC1700CMSIS_Firmware_Library\source\lpc17xx_gpdma.c(106): warning:  #1296-D: extended constant initialiser used
..\Libraries\LPC1700CMSIS_Firmware_Library\source\lpc17xx_gpdma.c(107): warning:  #1296-D: extended constant initialiser used
..\Libraries\LPC1700CMSIS_Firmware_Library\source\lpc17xx_gpdma.c(108): warning:  #1296-D: extended constant initialiser used
..\Libraries\LPC1700CMSIS_Firmware_Library\source\lpc17xx_gpdma.c(109): warning:  #1296-D: extended constant initialiser used
..\Libraries\LPC1700CMSIS_Firmware_Library\source\lpc17xx_gpdma.c(110): warning:  #1296-D: extended constant initialiser used
..\Libraries\LPC1700CMSIS_Firmware_Library\source\lpc17xx_gpdma.c(396): warning:  #186-D: pointless comparison of unsigned integer with zero
..\Libraries\LPC1700CMSIS_Firmware_Library\source\lpc17xx_gpdma.c(438): warning:  #186-D: pointless comparison of unsigned integer with zero
compiling lpc17xx_gpio.c...
compiling lpc17xx_i2c.c...
..\Libraries\LPC1700CMSIS_Firmware_Library\source\lpc17xx_i2c.c(597): warning:  #188-D: enumerated type mixed with another type
..\Libraries\LPC1700CMSIS_Firmware_Library\source\lpc17xx_i2c.c(694): warning:  #188-D: enumerated type mixed with another type
..\Libraries\LPC1700CMSIS_Firmware_Library\source\lpc17xx_i2c.c(701): warning:  #188-D: enumerated type mixed with another type
..\Libraries\LPC1700CMSIS_Firmware_Library\source\lpc17xx_i2c.c(749): warning:  #188-D: enumerated type mixed with another type
..\Libraries\LPC1700CMSIS_Firmware_Library\source\lpc17xx_i2c.c(901): warning:  #188-D: enumerated type mixed with another type
..\Libraries\LPC1700CMSIS_Firmware_Library\source\lpc17xx_i2c.c(914): warning:  #188-D: enumerated type mixed with another type
..\Libraries\LPC1700CMSIS_Firmware_Library\source\lpc17xx_i2c.c(951): warning:  #188-D: enumerated type mixed with another type
..\Libraries\LPC1700CMSIS_Firmware_Library\source\lpc17xx_i2c.c(1161): warning:  #188-D: enumerated type mixed with another type
..\Libraries\LPC1700CMSIS_Firmware_Library\source\lpc17xx_i2c.c(1185): warning:  #186-D: pointless comparison of unsigned integer with zero
compiling lpc17xx_i2s.c...
compiling lpc17xx_libcfg_default.c...
compiling lpc17xx_mcpwm.c...
..\Libraries\LPC1700CMSIS_Firmware_Library\source\lpc17xx_mcpwm.c(93): warning:  #186-D: pointless comparison of unsigned integer with zero
..\Libraries\LPC1700CMSIS_Firmware_Library\source\lpc17xx_mcpwm.c(181): warning:  #186-D: pointless comparison of unsigned integer with zero
..\Libraries\LPC1700CMSIS_Firmware_Library\source\lpc17xx_mcpwm.c(258): warning:  #186-D: pointless comparison of unsigned integer with zero
..\Libraries\LPC1700CMSIS_Firmware_Library\source\lpc17xx_mcpwm.c(260): warning:  #186-D: pointless comparison of unsigned integer with zero
..\Libraries\LPC1700CMSIS_Firmware_Library\source\lpc17xx_mcpwm.c(262): warning:  #186-D: pointless comparison of unsigned integer with zero
..\Libraries\LPC1700CMSIS_Firmware_Library\source\lpc17xx_mcpwm.c(262): warning:  #186-D: pointless comparison of unsigned integer with zero
..\Libraries\LPC1700CMSIS_Firmware_Library\source\lpc17xx_mcpwm.c(264): warning:  #186-D: pointless comparison of unsigned integer with zero
..\Libraries\LPC1700CMSIS_Firmware_Library\source\lpc17xx_mcpwm.c(264): warning:  #186-D: pointless comparison of unsigned integer with zero
..\Libraries\LPC1700CMSIS_Firmware_Library\source\lpc17xx_mcpwm.c(267): warning:  #186-D: pointless comparison of unsigned integer with zero
..\Libraries\LPC1700CMSIS_Firmware_Library\source\lpc17xx_mcpwm.c(267): warning:  #186-D: pointless comparison of unsigned integer with zero
..\Libraries\LPC1700CMSIS_Firmware_Library\source\lpc17xx_mcpwm.c(269): warning:  #186-D: pointless comparison of unsigned integer with zero
..\Libraries\LPC1700CMSIS_Firmware_Library\source\lpc17xx_mcpwm.c(269): warning:  #186-D: pointless comparison of unsigned integer with zero
..\Libraries\LPC1700CMSIS_Firmware_Library\source\lpc17xx_mcpwm.c(272): warning:  #186-D: pointless comparison of unsigned integer with zero
..\Libraries\LPC1700CMSIS_Firmware_Library\source\lpc17xx_mcpwm.c(376): warning:  #61-D: integer operation result is out of range
..\Libraries\LPC1700CMSIS_Firmware_Library\source\lpc17xx_mcpwm.c(378): warning:  #61-D: integer operation result is out of range
compiling lpc17xx_nvic.c...
compiling lpc17xx_pinsel.c...
compiling lpc17xx_pwm.c...
..\Libraries\LPC1700CMSIS_Firmware_Library\source\lpc17xx_pwm.c(299): warning:  #186-D: pointless comparison of unsigned integer with zero
..\Libraries\LPC1700CMSIS_Firmware_Library\source\lpc17xx_pwm.c(429): warning:  #186-D: pointless comparison of unsigned integer with zero
compiling lpc17xx_qei.c...
compiling lpc17xx_rit.c...
..\Libraries\LPC1700CMSIS_Firmware_Library\source\lpc17xx_rit.c(180): warning:  #188-D: enumerated type mixed with another type
compiling lpc17xx_rtc.c...
..\Libraries\LPC1700CMSIS_Firmware_Library\source\lpc17xx_rtc.c(734): warning:  #186-D: pointless comparison of unsigned integer with zero
..\Libraries\LPC1700CMSIS_Firmware_Library\source\lpc17xx_rtc.c(758): warning:  #186-D: pointless comparison of unsigned integer with zero
compiling lpc17xx_spi.c...
compiling lpc17xx_ssp.c...
compiling lpc17xx_systick.c...
compiling lpc17xx_timer.c...
..\Libraries\LPC1700CMSIS_Firmware_Library\source\lpc17xx_timer.c(115): warning:  #68-D: integer conversion resulted in a change of sign
compiling lpc17xx_uart.c...
compiling AsciiLib.c...
compiling GLCD.c...
compiling TouchPanel.c...
compiling File_Config.c...
compiling SPI_LPC17xx.c...
compiling Retarget.c...
compiling main.c...
..\USER\main.c(77): warning:  #223-D: function "sdInit" declared implicitly
compiling menu.c...
..\USER\menu.c(173): warning:  #177-D: variable "y" was declared but never referenced
..\USER\menu.c(175): warning:  #177-D: variable "text" was declared but never referenced
..\USER\menu.c(495): warning:  #550-D: variable "sd" was set but never used
..\USER\menu.c(496): warning:  #177-D: variable "intentos" was declared but never referenced
compiling SD_Functions.c...
..\USER\SD_Functions.c(13): warning:  #177-D: variable "a" was declared but never referenced
compiling timer.c...
compiling rtc.c...
compiling ventilador.c...
compiling alarma.c...
compiling pantalla.c...
compiling tecladoM.c...
..\USER\tecladoM.c(48): warning:  #61-D: integer operation result is out of range
..\USER\tecladoM.c(48): warning:  #68-D: integer conversion resulted in a change of sign
..\USER\tecladoM.c(76): warning:  #61-D: integer operation result is out of range
..\USER\tecladoM.c(76): warning:  #68-D: integer conversion resulted in a change of sign
..\USER\tecladoM.c(105): warning:  #61-D: integer operation result is out of range
..\USER\tecladoM.c(105): warning:  #68-D: integer conversion resulted in a change of sign
..\USER\tecladoM.c(134): warning:  #61-D: integer operation result is out of range
..\USER\tecladoM.c(134): warning:  #68-D: integer conversion resulted in a change of sign
..\USER\tecladoM.c(174): warning:  #61-D: integer operation result is out of range
..\USER\tecladoM.c(174): warning:  #68-D: integer conversion resulted in a change of sign
..\USER\tecladoM.c(196): warning:  #223-D: function "zonePressed" declared implicitly
..\USER\tecladoM.c(214): warning:  #940-D: missing return statement at end of non-void function "tecladoM"
compiling ADC.c...
compiling tarjetaRFID.c...
compiling uart.c...
..\USER\uart.c(227): warning:  #1-D: last line of file ends without a newline
compiling MFRC522.c...
compiling RFID.c...
linking...
.\SD_Example.axf: Error: L6200E: Symbol sd_init multiply defined (by menu.o and main.o).
".\SD_Example.axf" - 1 Errors, 87 Warning(s).
Target not created
Rebuild target 'SD_Example'
assembling startup_LPC17xx.s...
compiling system_LPC17xx.c...
compiling core_cm3.c...
compiling lpc17xx_wdt.c...
compiling debug_frmwrk.c...
compiling lpc17xx_adc.c...
compiling lpc17xx_can.c...
..\Libraries\LPC1700CMSIS_Firmware_Library\source\lpc17xx_can.c(144): warning:  #550-D: variable "temp" was set but never used
..\Libraries\LPC1700CMSIS_Firmware_Library\source\lpc17xx_can.c(712): warning:  #550-D: variable "abc" was set but never used
..\Libraries\LPC1700CMSIS_Firmware_Library\source\lpc17xx_can.c(1105): warning:  #186-D: pointless comparison of unsigned integer with zero
..\Libraries\LPC1700CMSIS_Firmware_Library\source\lpc17xx_can.c(1374): warning:  #61-D: integer operation result is out of range
..\Libraries\LPC1700CMSIS_Firmware_Library\source\lpc17xx_can.c(1374): warning:  #68-D: integer conversion resulted in a change of sign
..\Libraries\LPC1700CMSIS_Firmware_Library\source\lpc17xx_can.c(1378): warning:  #61-D: integer operation result is out of range
..\Libraries\LPC1700CMSIS_Firmware_Library\source\lpc17xx_can.c(1414): warning:  #61-D: integer operation result is out of range
..\Libraries\LPC1700CMSIS_Firmware_Library\source\lpc17xx_can.c(1414): warning:  #68-D: integer conversion resulted in a change of sign
..\Libraries\LPC1700CMSIS_Firmware_Library\source\lpc17xx_can.c(1418): warning:  #61-D: integer operation result is out of range
..\Libraries\LPC1700CMSIS_Firmware_Library\source\lpc17xx_can.c(1454): warning:  #61-D: integer operation result is out of range
..\Libraries\LPC1700CMSIS_Firmware_Library\source\lpc17xx_can.c(1454): warning:  #68-D: integer conversion resulted in a change of sign
..\Libraries\LPC1700CMSIS_Firmware_Library\source\lpc17xx_can.c(1458): warning:  #61-D: integer operation result is out of range
compiling lpc17xx_clkpwr.c...
compiling lpc17xx_dac.c...
compiling lpc17xx_emac.c...
compiling lpc17xx_exti.c...
compiling lpc17xx_gpdma.c...
..\Libraries\LPC1700CMSIS_Firmware_Library\source\lpc17xx_gpdma.c(87): warning:  #1296-D: extended constant initialiser used
..\Libraries\LPC1700CMSIS_Firmware_Library\source\lpc17xx_gpdma.c(88): warning:  #1296-D: extended constant initialiser used
..\Libraries\LPC1700CMSIS_Firmware_Library\source\lpc17xx_gpdma.c(89): warning:  #1296-D: extended constant initialiser used
..\Libraries\LPC1700CMSIS_Firmware_Library\source\lpc17xx_gpdma.c(90): warning:  #1296-D: extended constant initialiser used
..\Libraries\LPC1700CMSIS_Firmware_Library\source\lpc17xx_gpdma.c(91): warning:  #1296-D: extended constant initialiser used
..\Libraries\LPC1700CMSIS_Firmware_Library\source\lpc17xx_gpdma.c(92): warning:  #1296-D: extended constant initialiser used
..\Libraries\LPC1700CMSIS_Firmware_Library\source\lpc17xx_gpdma.c(93): warning:  #1296-D: extended constant initialiser used
..\Libraries\LPC1700CMSIS_Firmware_Library\source\lpc17xx_gpdma.c(94): warning:  #1296-D: extended constant initialiser used
..\Libraries\LPC1700CMSIS_Firmware_Library\source\lpc17xx_gpdma.c(95): warning:  #1296-D: extended constant initialiser used
..\Libraries\LPC1700CMSIS_Firmware_Library\source\lpc17xx_gpdma.c(96): warning:  #1296-D: extended constant initialiser used
..\Libraries\LPC1700CMSIS_Firmware_Library\source\lpc17xx_gpdma.c(97): warning:  #1296-D: extended constant initialiser used
..\Libraries\LPC1700CMSIS_Firmware_Library\source\lpc17xx_gpdma.c(98): warning:  #1296-D: extended constant initialiser used
..\Libraries\LPC1700CMSIS_Firmware_Library\source\lpc17xx_gpdma.c(99): warning:  #1296-D: extended constant initialiser used
..\Libraries\LPC1700CMSIS_Firmware_Library\source\lpc17xx_gpdma.c(100): warning:  #1296-D: extended constant initialiser used
..\Libraries\LPC1700CMSIS_Firmware_Library\source\lpc17xx_gpdma.c(101): warning:  #1296-D: extended constant initialiser used
..\Libraries\LPC1700CMSIS_Firmware_Library\source\lpc17xx_gpdma.c(102): warning:  #1296-D: extended constant initialiser used
..\Libraries\LPC1700CMSIS_Firmware_Library\source\lpc17xx_gpdma.c(103): warning:  #1296-D: extended constant initialiser used
..\Libraries\LPC1700CMSIS_Firmware_Library\source\lpc17xx_gpdma.c(104): warning:  #1296-D: extended constant initialiser used
..\Libraries\LPC1700CMSIS_Firmware_Library\source\lpc17xx_gpdma.c(105): warning:  #1296-D: extended constant initialiser used
..\Libraries\LPC1700CMSIS_Firmware_Library\source\lpc17xx_gpdma.c(106): warning:  #1296-D: extended constant initialiser used
..\Libraries\LPC1700CMSIS_Firmware_Library\source\lpc17xx_gpdma.c(107): warning:  #1296-D: extended constant initialiser used
..\Libraries\LPC1700CMSIS_Firmware_Library\source\lpc17xx_gpdma.c(108): warning:  #1296-D: extended constant initialiser used
..\Libraries\LPC1700CMSIS_Firmware_Library\source\lpc17xx_gpdma.c(109): warning:  #1296-D: extended constant initialiser used
..\Libraries\LPC1700CMSIS_Firmware_Library\source\lpc17xx_gpdma.c(110): warning:  #1296-D: extended constant initialiser used
..\Libraries\LPC1700CMSIS_Firmware_Library\source\lpc17xx_gpdma.c(396): warning:  #186-D: pointless comparison of unsigned integer with zero
..\Libraries\LPC1700CMSIS_Firmware_Library\source\lpc17xx_gpdma.c(438): warning:  #186-D: pointless comparison of unsigned integer with zero
compiling lpc17xx_gpio.c...
compiling lpc17xx_i2c.c...
..\Libraries\LPC1700CMSIS_Firmware_Library\source\lpc17xx_i2c.c(597): warning:  #188-D: enumerated type mixed with another type
..\Libraries\LPC1700CMSIS_Firmware_Library\source\lpc17xx_i2c.c(694): warning:  #188-D: enumerated type mixed with another type
..\Libraries\LPC1700CMSIS_Firmware_Library\source\lpc17xx_i2c.c(701): warning:  #188-D: enumerated type mixed with another type
..\Libraries\LPC1700CMSIS_Firmware_Library\source\lpc17xx_i2c.c(749): warning:  #188-D: enumerated type mixed with another type
..\Libraries\LPC1700CMSIS_Firmware_Library\source\lpc17xx_i2c.c(901): warning:  #188-D: enumerated type mixed with another type
..\Libraries\LPC1700CMSIS_Firmware_Library\source\lpc17xx_i2c.c(914): warning:  #188-D: enumerated type mixed with another type
..\Libraries\LPC1700CMSIS_Firmware_Library\source\lpc17xx_i2c.c(951): warning:  #188-D: enumerated type mixed with another type
..\Libraries\LPC1700CMSIS_Firmware_Library\source\lpc17xx_i2c.c(1161): warning:  #188-D: enumerated type mixed with another type
..\Libraries\LPC1700CMSIS_Firmware_Library\source\lpc17xx_i2c.c(1185): warning:  #186-D: pointless comparison of unsigned integer with zero
compiling lpc17xx_i2s.c...
compiling lpc17xx_libcfg_default.c...
compiling lpc17xx_mcpwm.c...
..\Libraries\LPC1700CMSIS_Firmware_Library\source\lpc17xx_mcpwm.c(93): warning:  #186-D: pointless comparison of unsigned integer with zero
..\Libraries\LPC1700CMSIS_Firmware_Library\source\lpc17xx_mcpwm.c(181): warning:  #186-D: pointless comparison of unsigned integer with zero
..\Libraries\LPC1700CMSIS_Firmware_Library\source\lpc17xx_mcpwm.c(258): warning:  #186-D: pointless comparison of unsigned integer with zero
..\Libraries\LPC1700CMSIS_Firmware_Library\source\lpc17xx_mcpwm.c(260): warning:  #186-D: pointless comparison of unsigned integer with zero
..\Libraries\LPC1700CMSIS_Firmware_Library\source\lpc17xx_mcpwm.c(262): warning:  #186-D: pointless comparison of unsigned integer with zero
..\Libraries\LPC1700CMSIS_Firmware_Library\source\lpc17xx_mcpwm.c(262): warning:  #186-D: pointless comparison of unsigned integer with zero
..\Libraries\LPC1700CMSIS_Firmware_Library\source\lpc17xx_mcpwm.c(264): warning:  #186-D: pointless comparison of unsigned integer with zero
..\Libraries\LPC1700CMSIS_Firmware_Library\source\lpc17xx_mcpwm.c(264): warning:  #186-D: pointless comparison of unsigned integer with zero
..\Libraries\LPC1700CMSIS_Firmware_Library\source\lpc17xx_mcpwm.c(267): warning:  #186-D: pointless comparison of unsigned integer with zero
..\Libraries\LPC1700CMSIS_Firmware_Library\source\lpc17xx_mcpwm.c(267): warning:  #186-D: pointless comparison of unsigned integer with zero
..\Libraries\LPC1700CMSIS_Firmware_Library\source\lpc17xx_mcpwm.c(269): warning:  #186-D: pointless comparison of unsigned integer with zero
..\Libraries\LPC1700CMSIS_Firmware_Library\source\lpc17xx_mcpwm.c(269): warning:  #186-D: pointless comparison of unsigned integer with zero
..\Libraries\LPC1700CMSIS_Firmware_Library\source\lpc17xx_mcpwm.c(272): warning:  #186-D: pointless comparison of unsigned integer with zero
..\Libraries\LPC1700CMSIS_Firmware_Library\source\lpc17xx_mcpwm.c(376): warning:  #61-D: integer operation result is out of range
..\Libraries\LPC1700CMSIS_Firmware_Library\source\lpc17xx_mcpwm.c(378): warning:  #61-D: integer operation result is out of range
compiling lpc17xx_nvic.c...
compiling lpc17xx_pinsel.c...
compiling lpc17xx_pwm.c...
..\Libraries\LPC1700CMSIS_Firmware_Library\source\lpc17xx_pwm.c(299): warning:  #186-D: pointless comparison of unsigned integer with zero
..\Libraries\LPC1700CMSIS_Firmware_Library\source\lpc17xx_pwm.c(429): warning:  #186-D: pointless comparison of unsigned integer with zero
compiling lpc17xx_qei.c...
compiling lpc17xx_rit.c...
..\Libraries\LPC1700CMSIS_Firmware_Library\source\lpc17xx_rit.c(180): warning:  #188-D: enumerated type mixed with another type
compiling lpc17xx_rtc.c...
..\Libraries\LPC1700CMSIS_Firmware_Library\source\lpc17xx_rtc.c(734): warning:  #186-D: pointless comparison of unsigned integer with zero
..\Libraries\LPC1700CMSIS_Firmware_Library\source\lpc17xx_rtc.c(758): warning:  #186-D: pointless comparison of unsigned integer with zero
compiling lpc17xx_spi.c...
compiling lpc17xx_ssp.c...
compiling lpc17xx_systick.c...
compiling lpc17xx_timer.c...
..\Libraries\LPC1700CMSIS_Firmware_Library\source\lpc17xx_timer.c(115): warning:  #68-D: integer conversion resulted in a change of sign
compiling lpc17xx_uart.c...
compiling AsciiLib.c...
compiling GLCD.c...
compiling TouchPanel.c...
compiling File_Config.c...
compiling SPI_LPC17xx.c...
compiling Retarget.c...
compiling main.c...
..\USER\main.c(77): warning:  #223-D: function "sdInit" declared implicitly
compiling menu.c...
..\USER\menu.c(173): warning:  #177-D: variable "y" was declared but never referenced
..\USER\menu.c(175): warning:  #177-D: variable "text" was declared but never referenced
..\USER\menu.c(495): warning:  #550-D: variable "sd" was set but never used
..\USER\menu.c(496): warning:  #177-D: variable "intentos" was declared but never referenced
compiling SD_Functions.c...
..\USER\SD_Functions.c(13): warning:  #177-D: variable "a" was declared but never referenced
compiling timer.c...
compiling rtc.c...
compiling ventilador.c...
compiling alarma.c...
compiling pantalla.c...
compiling tecladoM.c...
..\USER\tecladoM.c(48): warning:  #61-D: integer operation result is out of range
..\USER\tecladoM.c(48): warning:  #68-D: integer conversion resulted in a change of sign
..\USER\tecladoM.c(76): warning:  #61-D: integer operation result is out of range
..\USER\tecladoM.c(76): warning:  #68-D: integer conversion resulted in a change of sign
..\USER\tecladoM.c(105): warning:  #61-D: integer operation result is out of range
..\USER\tecladoM.c(105): warning:  #68-D: integer conversion resulted in a change of sign
..\USER\tecladoM.c(134): warning:  #61-D: integer operation result is out of range
..\USER\tecladoM.c(134): warning:  #68-D: integer conversion resulted in a change of sign
..\USER\tecladoM.c(174): warning:  #61-D: integer operation result is out of range
..\USER\tecladoM.c(174): warning:  #68-D: integer conversion resulted in a change of sign
..\USER\tecladoM.c(196): warning:  #223-D: function "zonePressed" declared implicitly
..\USER\tecladoM.c(214): warning:  #940-D: missing return statement at end of non-void function "tecladoM"
compiling ADC.c...
compiling tarjetaRFID.c...
compiling uart.c...
..\USER\uart.c(227): warning:  #1-D: last line of file ends without a newline
compiling MFRC522.c...
compiling RFID.c...
linking...
Program Size: Code=117794 RO-data=4266 RW-data=356 ZI-data=9444  
".\SD_Example.axf" - 0 Errors, 87 Warning(s).
Load "C:\\Users\\ConchiJose\\Desktop\\V4\\SD_Example_RFID_v2 (1)\\SD_Example_RFID_v2\\MDK-ARM\\SD_Example.axf" 
Set JLink Project File to "C:\Users\ConchiJose\Desktop\V4\SD_Example_RFID_v2 (1)\SD_Example_RFID_v2\MDK-ARM\JLinkSettings.ini"
* JLink Info: Device "LPC1768" selected (512 KB flash, 32 KB RAM).
 
JLink info:
------------
DLL: V4.68a, compiled Apr 12 2013 13:26:50
Firmware: J-Link ARM V8 compiled Nov 14 2012 22:34:52
Hardware: V8.00
S/N : 99999994 
Feature(s) : RDI,FlashDL,FlashBP,JFlash,GDBFULL 
 
* JLink Info: Found SWD-DP with ID 0x2BA01477
* JLink Info: TPIU fitted.
* JLink Info: ETM fitted.
* JLink Info: FPUnit: 6 code (BP) slots and 2 literal slots
* JLink Info: Found Cortex-M3 r2p0, Little endian.
ROMTableAddr = 0xE00FF003
 
Target info:
------------
Device: LPC1768
VTarget = 3.274V
State of Pins: 
TCK: 0, TDI: 1, TDO: 0, TMS: 1, TRES: 1, TRST: 1
Hardware-Breakpoints: 6
Software-Breakpoints: 8192
Watchpoints:          4
JTAG speed: 4000 kHz
 
Erase Done.
Programming Done.
Verify OK.
Rebuild target 'SD_Example'
assembling startup_LPC17xx.s...
compiling system_LPC17xx.c...
compiling core_cm3.c...
compiling lpc17xx_wdt.c...
compiling debug_frmwrk.c...
compiling lpc17xx_adc.c...
compiling lpc17xx_can.c...
..\Libraries\LPC1700CMSIS_Firmware_Library\source\lpc17xx_can.c(144): warning:  #550-D: variable "temp" was set but never used
..\Libraries\LPC1700CMSIS_Firmware_Library\source\lpc17xx_can.c(712): warning:  #550-D: variable "abc" was set but never used
..\Libraries\LPC1700CMSIS_Firmware_Library\source\lpc17xx_can.c(1105): warning:  #186-D: pointless comparison of unsigned integer with zero
..\Libraries\LPC1700CMSIS_Firmware_Library\source\lpc17xx_can.c(1374): warning:  #61-D: integer operation result is out of range
..\Libraries\LPC1700CMSIS_Firmware_Library\source\lpc17xx_can.c(1374): warning:  #68-D: integer conversion resulted in a change of sign
..\Libraries\LPC1700CMSIS_Firmware_Library\source\lpc17xx_can.c(1378): warning:  #61-D: integer operation result is out of range
..\Libraries\LPC1700CMSIS_Firmware_Library\source\lpc17xx_can.c(1414): warning:  #61-D: integer operation result is out of range
..\Libraries\LPC1700CMSIS_Firmware_Library\source\lpc17xx_can.c(1414): warning:  #68-D: integer conversion resulted in a change of sign
..\Libraries\LPC1700CMSIS_Firmware_Library\source\lpc17xx_can.c(1418): warning:  #61-D: integer operation result is out of range
..\Libraries\LPC1700CMSIS_Firmware_Library\source\lpc17xx_can.c(1454): warning:  #61-D: integer operation result is out of range
..\Libraries\LPC1700CMSIS_Firmware_Library\source\lpc17xx_can.c(1454): warning:  #68-D: integer conversion resulted in a change of sign
..\Libraries\LPC1700CMSIS_Firmware_Library\source\lpc17xx_can.c(1458): warning:  #61-D: integer operation result is out of range
compiling lpc17xx_clkpwr.c...
compiling lpc17xx_dac.c...
compiling lpc17xx_emac.c...
compiling lpc17xx_exti.c...
compiling lpc17xx_gpdma.c...
..\Libraries\LPC1700CMSIS_Firmware_Library\source\lpc17xx_gpdma.c(87): warning:  #1296-D: extended constant initialiser used
..\Libraries\LPC1700CMSIS_Firmware_Library\source\lpc17xx_gpdma.c(88): warning:  #1296-D: extended constant initialiser used
..\Libraries\LPC1700CMSIS_Firmware_Library\source\lpc17xx_gpdma.c(89): warning:  #1296-D: extended constant initialiser used
..\Libraries\LPC1700CMSIS_Firmware_Library\source\lpc17xx_gpdma.c(90): warning:  #1296-D: extended constant initialiser used
..\Libraries\LPC1700CMSIS_Firmware_Library\source\lpc17xx_gpdma.c(91): warning:  #1296-D: extended constant initialiser used
..\Libraries\LPC1700CMSIS_Firmware_Library\source\lpc17xx_gpdma.c(92): warning:  #1296-D: extended constant initialiser used
..\Libraries\LPC1700CMSIS_Firmware_Library\source\lpc17xx_gpdma.c(93): warning:  #1296-D: extended constant initialiser used
..\Libraries\LPC1700CMSIS_Firmware_Library\source\lpc17xx_gpdma.c(94): warning:  #1296-D: extended constant initialiser used
..\Libraries\LPC1700CMSIS_Firmware_Library\source\lpc17xx_gpdma.c(95): warning:  #1296-D: extended constant initialiser used
..\Libraries\LPC1700CMSIS_Firmware_Library\source\lpc17xx_gpdma.c(96): warning:  #1296-D: extended constant initialiser used
..\Libraries\LPC1700CMSIS_Firmware_Library\source\lpc17xx_gpdma.c(97): warning:  #1296-D: extended constant initialiser used
..\Libraries\LPC1700CMSIS_Firmware_Library\source\lpc17xx_gpdma.c(98): warning:  #1296-D: extended constant initialiser used
..\Libraries\LPC1700CMSIS_Firmware_Library\source\lpc17xx_gpdma.c(99): warning:  #1296-D: extended constant initialiser used
..\Libraries\LPC1700CMSIS_Firmware_Library\source\lpc17xx_gpdma.c(100): warning:  #1296-D: extended constant initialiser used
..\Libraries\LPC1700CMSIS_Firmware_Library\source\lpc17xx_gpdma.c(101): warning:  #1296-D: extended constant initialiser used
..\Libraries\LPC1700CMSIS_Firmware_Library\source\lpc17xx_gpdma.c(102): warning:  #1296-D: extended constant initialiser used
..\Libraries\LPC1700CMSIS_Firmware_Library\source\lpc17xx_gpdma.c(103): warning:  #1296-D: extended constant initialiser used
..\Libraries\LPC1700CMSIS_Firmware_Library\source\lpc17xx_gpdma.c(104): warning:  #1296-D: extended constant initialiser used
..\Libraries\LPC1700CMSIS_Firmware_Library\source\lpc17xx_gpdma.c(105): warning:  #1296-D: extended constant initialiser used
..\Libraries\LPC1700CMSIS_Firmware_Library\source\lpc17xx_gpdma.c(106): warning:  #1296-D: extended constant initialiser used
..\Libraries\LPC1700CMSIS_Firmware_Library\source\lpc17xx_gpdma.c(107): warning:  #1296-D: extended constant initialiser used
..\Libraries\LPC1700CMSIS_Firmware_Library\source\lpc17xx_gpdma.c(108): warning:  #1296-D: extended constant initialiser used
..\Libraries\LPC1700CMSIS_Firmware_Library\source\lpc17xx_gpdma.c(109): warning:  #1296-D: extended constant initialiser used
..\Libraries\LPC1700CMSIS_Firmware_Library\source\lpc17xx_gpdma.c(110): warning:  #1296-D: extended constant initialiser used
..\Libraries\LPC1700CMSIS_Firmware_Library\source\lpc17xx_gpdma.c(396): warning:  #186-D: pointless comparison of unsigned integer with zero
..\Libraries\LPC1700CMSIS_Firmware_Library\source\lpc17xx_gpdma.c(438): warning:  #186-D: pointless comparison of unsigned integer with zero
compiling lpc17xx_gpio.c...
compiling lpc17xx_i2c.c...
..\Libraries\LPC1700CMSIS_Firmware_Library\source\lpc17xx_i2c.c(597): warning:  #188-D: enumerated type mixed with another type
..\Libraries\LPC1700CMSIS_Firmware_Library\source\lpc17xx_i2c.c(694): warning:  #188-D: enumerated type mixed with another type
..\Libraries\LPC1700CMSIS_Firmware_Library\source\lpc17xx_i2c.c(701): warning:  #188-D: enumerated type mixed with another type
..\Libraries\LPC1700CMSIS_Firmware_Library\source\lpc17xx_i2c.c(749): warning:  #188-D: enumerated type mixed with another type
..\Libraries\LPC1700CMSIS_Firmware_Library\source\lpc17xx_i2c.c(901): warning:  #188-D: enumerated type mixed with another type
..\Libraries\LPC1700CMSIS_Firmware_Library\source\lpc17xx_i2c.c(914): warning:  #188-D: enumerated type mixed with another type
..\Libraries\LPC1700CMSIS_Firmware_Library\source\lpc17xx_i2c.c(951): warning:  #188-D: enumerated type mixed with another type
..\Libraries\LPC1700CMSIS_Firmware_Library\source\lpc17xx_i2c.c(1161): warning:  #188-D: enumerated type mixed with another type
..\Libraries\LPC1700CMSIS_Firmware_Library\source\lpc17xx_i2c.c(1185): warning:  #186-D: pointless comparison of unsigned integer with zero
compiling lpc17xx_i2s.c...
compiling lpc17xx_libcfg_default.c...
compiling lpc17xx_mcpwm.c...
..\Libraries\LPC1700CMSIS_Firmware_Library\source\lpc17xx_mcpwm.c(93): warning:  #186-D: pointless comparison of unsigned integer with zero
..\Libraries\LPC1700CMSIS_Firmware_Library\source\lpc17xx_mcpwm.c(181): warning:  #186-D: pointless comparison of unsigned integer with zero
..\Libraries\LPC1700CMSIS_Firmware_Library\source\lpc17xx_mcpwm.c(258): warning:  #186-D: pointless comparison of unsigned integer with zero
..\Libraries\LPC1700CMSIS_Firmware_Library\source\lpc17xx_mcpwm.c(260): warning:  #186-D: pointless comparison of unsigned integer with zero
..\Libraries\LPC1700CMSIS_Firmware_Library\source\lpc17xx_mcpwm.c(262): warning:  #186-D: pointless comparison of unsigned integer with zero
..\Libraries\LPC1700CMSIS_Firmware_Library\source\lpc17xx_mcpwm.c(262): warning:  #186-D: pointless comparison of unsigned integer with zero
..\Libraries\LPC1700CMSIS_Firmware_Library\source\lpc17xx_mcpwm.c(264): warning:  #186-D: pointless comparison of unsigned integer with zero
..\Libraries\LPC1700CMSIS_Firmware_Library\source\lpc17xx_mcpwm.c(264): warning:  #186-D: pointless comparison of unsigned integer with zero
..\Libraries\LPC1700CMSIS_Firmware_Library\source\lpc17xx_mcpwm.c(267): warning:  #186-D: pointless comparison of unsigned integer with zero
..\Libraries\LPC1700CMSIS_Firmware_Library\source\lpc17xx_mcpwm.c(267): warning:  #186-D: pointless comparison of unsigned integer with zero
..\Libraries\LPC1700CMSIS_Firmware_Library\source\lpc17xx_mcpwm.c(269): warning:  #186-D: pointless comparison of unsigned integer with zero
..\Libraries\LPC1700CMSIS_Firmware_Library\source\lpc17xx_mcpwm.c(269): warning:  #186-D: pointless comparison of unsigned integer with zero
..\Libraries\LPC1700CMSIS_Firmware_Library\source\lpc17xx_mcpwm.c(272): warning:  #186-D: pointless comparison of unsigned integer with zero
..\Libraries\LPC1700CMSIS_Firmware_Library\source\lpc17xx_mcpwm.c(376): warning:  #61-D: integer operation result is out of range
..\Libraries\LPC1700CMSIS_Firmware_Library\source\lpc17xx_mcpwm.c(378): warning:  #61-D: integer operation result is out of range
compiling lpc17xx_nvic.c...
compiling lpc17xx_pinsel.c...
compiling lpc17xx_pwm.c...
..\Libraries\LPC1700CMSIS_Firmware_Library\source\lpc17xx_pwm.c(299): warning:  #186-D: pointless comparison of unsigned integer with zero
..\Libraries\LPC1700CMSIS_Firmware_Library\source\lpc17xx_pwm.c(429): warning:  #186-D: pointless comparison of unsigned integer with zero
compiling lpc17xx_qei.c...
compiling lpc17xx_rit.c...
..\Libraries\LPC1700CMSIS_Firmware_Library\source\lpc17xx_rit.c(180): warning:  #188-D: enumerated type mixed with another type
compiling lpc17xx_rtc.c...
..\Libraries\LPC1700CMSIS_Firmware_Library\source\lpc17xx_rtc.c(734): warning:  #186-D: pointless comparison of unsigned integer with zero
..\Libraries\LPC1700CMSIS_Firmware_Library\source\lpc17xx_rtc.c(758): warning:  #186-D: pointless comparison of unsigned integer with zero
compiling lpc17xx_spi.c...
compiling lpc17xx_ssp.c...
compiling lpc17xx_systick.c...
compiling lpc17xx_timer.c...
..\Libraries\LPC1700CMSIS_Firmware_Library\source\lpc17xx_timer.c(115): warning:  #68-D: integer conversion resulted in a change of sign
compiling lpc17xx_uart.c...
compiling AsciiLib.c...
compiling GLCD.c...
compiling TouchPanel.c...
compiling File_Config.c...
compiling SPI_LPC17xx.c...
compiling Retarget.c...
compiling main.c...
..\USER\main.c(77): warning:  #223-D: function "sdInit" declared implicitly
compiling menu.c...
..\USER\menu.c(173): warning:  #177-D: variable "y" was declared but never referenced
..\USER\menu.c(175): warning:  #177-D: variable "text" was declared but never referenced
..\USER\menu.c(495): warning:  #550-D: variable "sd" was set but never used
..\USER\menu.c(496): warning:  #177-D: variable "intentos" was declared but never referenced
compiling SD_Functions.c...
..\USER\SD_Functions.c(13): warning:  #177-D: variable "a" was declared but never referenced
compiling timer.c...
compiling rtc.c...
compiling ventilador.c...
compiling alarma.c...
compiling pantalla.c...
compiling tecladoM.c...
..\USER\tecladoM.c(48): warning:  #61-D: integer operation result is out of range
..\USER\tecladoM.c(48): warning:  #68-D: integer conversion resulted in a change of sign
..\USER\tecladoM.c(76): warning:  #61-D: integer operation result is out of range
..\USER\tecladoM.c(76): warning:  #68-D: integer conversion resulted in a change of sign
..\USER\tecladoM.c(105): warning:  #61-D: integer operation result is out of range
..\USER\tecladoM.c(105): warning:  #68-D: integer conversion resulted in a change of sign
..\USER\tecladoM.c(134): warning:  #61-D: integer operation result is out of range
..\USER\tecladoM.c(134): warning:  #68-D: integer conversion resulted in a change of sign
..\USER\tecladoM.c(174): warning:  #61-D: integer operation result is out of range
..\USER\tecladoM.c(174): warning:  #68-D: integer conversion resulted in a change of sign
..\USER\tecladoM.c(196): warning:  #223-D: function "zonePressed" declared implicitly
..\USER\tecladoM.c(214): warning:  #940-D: missing return statement at end of non-void function "tecladoM"
compiling ADC.c...
compiling tarjetaRFID.c...
compiling uart.c...
..\USER\uart.c(227): warning:  #1-D: last line of file ends without a newline
compiling MFRC522.c...
compiling RFID.c...
linking...
Program Size: Code=117782 RO-data=4266 RW-data=356 ZI-data=9444  
".\SD_Example.axf" - 0 Errors, 87 Warning(s).
Load "C:\\Users\\ConchiJose\\Desktop\\V4\\SD_Example_RFID_v2 (1)\\SD_Example_RFID_v2\\MDK-ARM\\SD_Example.axf" 
Set JLink Project File to "C:\Users\ConchiJose\Desktop\V4\SD_Example_RFID_v2 (1)\SD_Example_RFID_v2\MDK-ARM\JLinkSettings.ini"
* JLink Info: Device "LPC1768" selected (512 KB flash, 32 KB RAM).
 
JLink info:
------------
DLL: V4.68a, compiled Apr 12 2013 13:26:50
Firmware: J-Link ARM V8 compiled Nov 14 2012 22:34:52
Hardware: V8.00
S/N : 99999994 
Feature(s) : RDI,FlashDL,FlashBP,JFlash,GDBFULL 
 
* JLink Info: Found SWD-DP with ID 0x2BA01477
* JLink Info: TPIU fitted.
* JLink Info: ETM fitted.
* JLink Info: FPUnit: 6 code (BP) slots and 2 literal slots
* JLink Info: Found Cortex-M3 r2p0, Little endian.
ROMTableAddr = 0xE00FF003
 
Target info:
------------
Device: LPC1768
VTarget = 3.274V
State of Pins: 
TCK: 0, TDI: 1, TDO: 0, TMS: 1, TRES: 1, TRST: 1
Hardware-Breakpoints: 6
Software-Breakpoints: 8192
Watchpoints:          4
JTAG speed: 4000 kHz
 
Erase Done.
Programming Done.
Verify OK.
Build target 'SD_Example'
compiling menu.c...
..\USER\menu.c(173): warning:  #177-D: variable "y" was declared but never referenced
..\USER\menu.c(175): warning:  #177-D: variable "text" was declared but never referenced
..\USER\menu.c(634): warning:  #223-D: function "timeOut" declared implicitly
..\USER\menu.c(495): warning:  #550-D: variable "sd" was set but never used
..\USER\menu.c(496): warning:  #177-D: variable "intentos" was declared but never referenced
linking...
.\SD_Example.axf: Warning: L6318W: menu.o(.text) contains branch to a non-code symbol timeOut.
.\SD_Example.axf: Error: L6286E: Relocation #REL:107 in menu.o(.text) with respect to timeOut. Value(0xffebef4) out of range(-0x1000000 - 0x0ffffff) for (R_ARM_THM_CALL)
".\SD_Example.axf" - 1 Errors, 6 Warning(s).
Target not created
Build target 'SD_Example'
compiling menu.c...
..\USER\menu.c(173): warning:  #177-D: variable "y" was declared but never referenced
..\USER\menu.c(175): warning:  #177-D: variable "text" was declared but never referenced
..\USER\menu.c(634): error:  #20: identifier "timeOut" is undefined
..\USER\menu.c(495): warning:  #550-D: variable "sd" was set but never used
..\USER\menu.c(496): warning:  #177-D: variable "intentos" was declared but never referenced
".\SD_Example.axf" - 1 Errors, 4 Warning(s).
Target not created
Rebuild target 'SD_Example'
assembling startup_LPC17xx.s...
compiling system_LPC17xx.c...
compiling core_cm3.c...
compiling lpc17xx_wdt.c...
compiling debug_frmwrk.c...
compiling lpc17xx_adc.c...
compiling lpc17xx_can.c...
..\Libraries\LPC1700CMSIS_Firmware_Library\source\lpc17xx_can.c(144): warning:  #550-D: variable "temp" was set but never used
..\Libraries\LPC1700CMSIS_Firmware_Library\source\lpc17xx_can.c(712): warning:  #550-D: variable "abc" was set but never used
..\Libraries\LPC1700CMSIS_Firmware_Library\source\lpc17xx_can.c(1105): warning:  #186-D: pointless comparison of unsigned integer with zero
..\Libraries\LPC1700CMSIS_Firmware_Library\source\lpc17xx_can.c(1374): warning:  #61-D: integer operation result is out of range
..\Libraries\LPC1700CMSIS_Firmware_Library\source\lpc17xx_can.c(1374): warning:  #68-D: integer conversion resulted in a change of sign
..\Libraries\LPC1700CMSIS_Firmware_Library\source\lpc17xx_can.c(1378): warning:  #61-D: integer operation result is out of range
..\Libraries\LPC1700CMSIS_Firmware_Library\source\lpc17xx_can.c(1414): warning:  #61-D: integer operation result is out of range
..\Libraries\LPC1700CMSIS_Firmware_Library\source\lpc17xx_can.c(1414): warning:  #68-D: integer conversion resulted in a change of sign
..\Libraries\LPC1700CMSIS_Firmware_Library\source\lpc17xx_can.c(1418): warning:  #61-D: integer operation result is out of range
..\Libraries\LPC1700CMSIS_Firmware_Library\source\lpc17xx_can.c(1454): warning:  #61-D: integer operation result is out of range
..\Libraries\LPC1700CMSIS_Firmware_Library\source\lpc17xx_can.c(1454): warning:  #68-D: integer conversion resulted in a change of sign
..\Libraries\LPC1700CMSIS_Firmware_Library\source\lpc17xx_can.c(1458): warning:  #61-D: integer operation result is out of range
compiling lpc17xx_clkpwr.c...
compiling lpc17xx_dac.c...
compiling lpc17xx_emac.c...
compiling lpc17xx_exti.c...
compiling lpc17xx_gpdma.c...
..\Libraries\LPC1700CMSIS_Firmware_Library\source\lpc17xx_gpdma.c(87): warning:  #1296-D: extended constant initialiser used
..\Libraries\LPC1700CMSIS_Firmware_Library\source\lpc17xx_gpdma.c(88): warning:  #1296-D: extended constant initialiser used
..\Libraries\LPC1700CMSIS_Firmware_Library\source\lpc17xx_gpdma.c(89): warning:  #1296-D: extended constant initialiser used
..\Libraries\LPC1700CMSIS_Firmware_Library\source\lpc17xx_gpdma.c(90): warning:  #1296-D: extended constant initialiser used
..\Libraries\LPC1700CMSIS_Firmware_Library\source\lpc17xx_gpdma.c(91): warning:  #1296-D: extended constant initialiser used
..\Libraries\LPC1700CMSIS_Firmware_Library\source\lpc17xx_gpdma.c(92): warning:  #1296-D: extended constant initialiser used
..\Libraries\LPC1700CMSIS_Firmware_Library\source\lpc17xx_gpdma.c(93): warning:  #1296-D: extended constant initialiser used
..\Libraries\LPC1700CMSIS_Firmware_Library\source\lpc17xx_gpdma.c(94): warning:  #1296-D: extended constant initialiser used
..\Libraries\LPC1700CMSIS_Firmware_Library\source\lpc17xx_gpdma.c(95): warning:  #1296-D: extended constant initialiser used
..\Libraries\LPC1700CMSIS_Firmware_Library\source\lpc17xx_gpdma.c(96): warning:  #1296-D: extended constant initialiser used
..\Libraries\LPC1700CMSIS_Firmware_Library\source\lpc17xx_gpdma.c(97): warning:  #1296-D: extended constant initialiser used
..\Libraries\LPC1700CMSIS_Firmware_Library\source\lpc17xx_gpdma.c(98): warning:  #1296-D: extended constant initialiser used
..\Libraries\LPC1700CMSIS_Firmware_Library\source\lpc17xx_gpdma.c(99): warning:  #1296-D: extended constant initialiser used
..\Libraries\LPC1700CMSIS_Firmware_Library\source\lpc17xx_gpdma.c(100): warning:  #1296-D: extended constant initialiser used
..\Libraries\LPC1700CMSIS_Firmware_Library\source\lpc17xx_gpdma.c(101): warning:  #1296-D: extended constant initialiser used
..\Libraries\LPC1700CMSIS_Firmware_Library\source\lpc17xx_gpdma.c(102): warning:  #1296-D: extended constant initialiser used
..\Libraries\LPC1700CMSIS_Firmware_Library\source\lpc17xx_gpdma.c(103): warning:  #1296-D: extended constant initialiser used
..\Libraries\LPC1700CMSIS_Firmware_Library\source\lpc17xx_gpdma.c(104): warning:  #1296-D: extended constant initialiser used
..\Libraries\LPC1700CMSIS_Firmware_Library\source\lpc17xx_gpdma.c(105): warning:  #1296-D: extended constant initialiser used
..\Libraries\LPC1700CMSIS_Firmware_Library\source\lpc17xx_gpdma.c(106): warning:  #1296-D: extended constant initialiser used
..\Libraries\LPC1700CMSIS_Firmware_Library\source\lpc17xx_gpdma.c(107): warning:  #1296-D: extended constant initialiser used
..\Libraries\LPC1700CMSIS_Firmware_Library\source\lpc17xx_gpdma.c(108): warning:  #1296-D: extended constant initialiser used
..\Libraries\LPC1700CMSIS_Firmware_Library\source\lpc17xx_gpdma.c(109): warning:  #1296-D: extended constant initialiser used
..\Libraries\LPC1700CMSIS_Firmware_Library\source\lpc17xx_gpdma.c(110): warning:  #1296-D: extended constant initialiser used
..\Libraries\LPC1700CMSIS_Firmware_Library\source\lpc17xx_gpdma.c(396): warning:  #186-D: pointless comparison of unsigned integer with zero
..\Libraries\LPC1700CMSIS_Firmware_Library\source\lpc17xx_gpdma.c(438): warning:  #186-D: pointless comparison of unsigned integer with zero
compiling lpc17xx_gpio.c...
compiling lpc17xx_i2c.c...
..\Libraries\LPC1700CMSIS_Firmware_Library\source\lpc17xx_i2c.c(597): warning:  #188-D: enumerated type mixed with another type
..\Libraries\LPC1700CMSIS_Firmware_Library\source\lpc17xx_i2c.c(694): warning:  #188-D: enumerated type mixed with another type
..\Libraries\LPC1700CMSIS_Firmware_Library\source\lpc17xx_i2c.c(701): warning:  #188-D: enumerated type mixed with another type
..\Libraries\LPC1700CMSIS_Firmware_Library\source\lpc17xx_i2c.c(749): warning:  #188-D: enumerated type mixed with another type
..\Libraries\LPC1700CMSIS_Firmware_Library\source\lpc17xx_i2c.c(901): warning:  #188-D: enumerated type mixed with another type
..\Libraries\LPC1700CMSIS_Firmware_Library\source\lpc17xx_i2c.c(914): warning:  #188-D: enumerated type mixed with another type
..\Libraries\LPC1700CMSIS_Firmware_Library\source\lpc17xx_i2c.c(951): warning:  #188-D: enumerated type mixed with another type
..\Libraries\LPC1700CMSIS_Firmware_Library\source\lpc17xx_i2c.c(1161): warning:  #188-D: enumerated type mixed with another type
..\Libraries\LPC1700CMSIS_Firmware_Library\source\lpc17xx_i2c.c(1185): warning:  #186-D: pointless comparison of unsigned integer with zero
compiling lpc17xx_i2s.c...
compiling lpc17xx_libcfg_default.c...
compiling lpc17xx_mcpwm.c...
..\Libraries\LPC1700CMSIS_Firmware_Library\source\lpc17xx_mcpwm.c(93): warning:  #186-D: pointless comparison of unsigned integer with zero
..\Libraries\LPC1700CMSIS_Firmware_Library\source\lpc17xx_mcpwm.c(181): warning:  #186-D: pointless comparison of unsigned integer with zero
..\Libraries\LPC1700CMSIS_Firmware_Library\source\lpc17xx_mcpwm.c(258): warning:  #186-D: pointless comparison of unsigned integer with zero
..\Libraries\LPC1700CMSIS_Firmware_Library\source\lpc17xx_mcpwm.c(260): warning:  #186-D: pointless comparison of unsigned integer with zero
..\Libraries\LPC1700CMSIS_Firmware_Library\source\lpc17xx_mcpwm.c(262): warning:  #186-D: pointless comparison of unsigned integer with zero
..\Libraries\LPC1700CMSIS_Firmware_Library\source\lpc17xx_mcpwm.c(262): warning:  #186-D: pointless comparison of unsigned integer with zero
..\Libraries\LPC1700CMSIS_Firmware_Library\source\lpc17xx_mcpwm.c(264): warning:  #186-D: pointless comparison of unsigned integer with zero
..\Libraries\LPC1700CMSIS_Firmware_Library\source\lpc17xx_mcpwm.c(264): warning:  #186-D: pointless comparison of unsigned integer with zero
..\Libraries\LPC1700CMSIS_Firmware_Library\source\lpc17xx_mcpwm.c(267): warning:  #186-D: pointless comparison of unsigned integer with zero
..\Libraries\LPC1700CMSIS_Firmware_Library\source\lpc17xx_mcpwm.c(267): warning:  #186-D: pointless comparison of unsigned integer with zero
..\Libraries\LPC1700CMSIS_Firmware_Library\source\lpc17xx_mcpwm.c(269): warning:  #186-D: pointless comparison of unsigned integer with zero
..\Libraries\LPC1700CMSIS_Firmware_Library\source\lpc17xx_mcpwm.c(269): warning:  #186-D: pointless comparison of unsigned integer with zero
..\Libraries\LPC1700CMSIS_Firmware_Library\source\lpc17xx_mcpwm.c(272): warning:  #186-D: pointless comparison of unsigned integer with zero
..\Libraries\LPC1700CMSIS_Firmware_Library\source\lpc17xx_mcpwm.c(376): warning:  #61-D: integer operation result is out of range
..\Libraries\LPC1700CMSIS_Firmware_Library\source\lpc17xx_mcpwm.c(378): warning:  #61-D: integer operation result is out of range
compiling lpc17xx_nvic.c...
compiling lpc17xx_pinsel.c...
compiling lpc17xx_pwm.c...
..\Libraries\LPC1700CMSIS_Firmware_Library\source\lpc17xx_pwm.c(299): warning:  #186-D: pointless comparison of unsigned integer with zero
..\Libraries\LPC1700CMSIS_Firmware_Library\source\lpc17xx_pwm.c(429): warning:  #186-D: pointless comparison of unsigned integer with zero
compiling lpc17xx_qei.c...
compiling lpc17xx_rit.c...
..\Libraries\LPC1700CMSIS_Firmware_Library\source\lpc17xx_rit.c(180): warning:  #188-D: enumerated type mixed with another type
compiling lpc17xx_rtc.c...
..\Libraries\LPC1700CMSIS_Firmware_Library\source\lpc17xx_rtc.c(734): warning:  #186-D: pointless comparison of unsigned integer with zero
..\Libraries\LPC1700CMSIS_Firmware_Library\source\lpc17xx_rtc.c(758): warning:  #186-D: pointless comparison of unsigned integer with zero
compiling lpc17xx_spi.c...
compiling lpc17xx_ssp.c...
compiling lpc17xx_systick.c...
compiling lpc17xx_timer.c...
..\Libraries\LPC1700CMSIS_Firmware_Library\source\lpc17xx_timer.c(115): warning:  #68-D: integer conversion resulted in a change of sign
compiling lpc17xx_uart.c...
compiling AsciiLib.c...
compiling GLCD.c...
compiling TouchPanel.c...
compiling File_Config.c...
compiling SPI_LPC17xx.c...
compiling Retarget.c...
compiling main.c...
..\USER\main.c(77): warning:  #223-D: function "sdInit" declared implicitly
compiling menu.c...
..\USER\menu.c(173): warning:  #177-D: variable "y" was declared but never referenced
..\USER\menu.c(175): warning:  #177-D: variable "text" was declared but never referenced
..\USER\menu.c(495): warning:  #550-D: variable "sd" was set but never used
..\USER\menu.c(496): warning:  #177-D: variable "intentos" was declared but never referenced
compiling SD_Functions.c...
..\USER\SD_Functions.c(13): warning:  #177-D: variable "a" was declared but never referenced
compiling timer.c...
compiling rtc.c...
compiling ventilador.c...
compiling alarma.c...
compiling pantalla.c...
compiling tecladoM.c...
..\USER\tecladoM.c(48): warning:  #61-D: integer operation result is out of range
..\USER\tecladoM.c(48): warning:  #68-D: integer conversion resulted in a change of sign
..\USER\tecladoM.c(76): warning:  #61-D: integer operation result is out of range
..\USER\tecladoM.c(76): warning:  #68-D: integer conversion resulted in a change of sign
..\USER\tecladoM.c(105): warning:  #61-D: integer operation result is out of range
..\USER\tecladoM.c(105): warning:  #68-D: integer conversion resulted in a change of sign
..\USER\tecladoM.c(134): warning:  #61-D: integer operation result is out of range
..\USER\tecladoM.c(134): warning:  #68-D: integer conversion resulted in a change of sign
..\USER\tecladoM.c(174): warning:  #61-D: integer operation result is out of range
..\USER\tecladoM.c(174): warning:  #68-D: integer conversion resulted in a change of sign
..\USER\tecladoM.c(196): warning:  #223-D: function "zonePressed" declared implicitly
..\USER\tecladoM.c(214): warning:  #940-D: missing return statement at end of non-void function "tecladoM"
compiling ADC.c...
compiling tarjetaRFID.c...
compiling uart.c...
..\USER\uart.c(227): warning:  #1-D: last line of file ends without a newline
compiling MFRC522.c...
compiling RFID.c...
linking...
.\SD_Example.axf: Error: L6200E: Symbol timeOut multiply defined (by timer.o and menu.o).
".\SD_Example.axf" - 1 Errors, 87 Warning(s).
Target not created
Rebuild target 'SD_Example'
assembling startup_LPC17xx.s...
compiling system_LPC17xx.c...
compiling core_cm3.c...
compiling lpc17xx_wdt.c...
compiling debug_frmwrk.c...
compiling lpc17xx_adc.c...
compiling lpc17xx_can.c...
..\Libraries\LPC1700CMSIS_Firmware_Library\source\lpc17xx_can.c(144): warning:  #550-D: variable "temp" was set but never used
..\Libraries\LPC1700CMSIS_Firmware_Library\source\lpc17xx_can.c(712): warning:  #550-D: variable "abc" was set but never used
..\Libraries\LPC1700CMSIS_Firmware_Library\source\lpc17xx_can.c(1105): warning:  #186-D: pointless comparison of unsigned integer with zero
..\Libraries\LPC1700CMSIS_Firmware_Library\source\lpc17xx_can.c(1374): warning:  #61-D: integer operation result is out of range
..\Libraries\LPC1700CMSIS_Firmware_Library\source\lpc17xx_can.c(1374): warning:  #68-D: integer conversion resulted in a change of sign
..\Libraries\LPC1700CMSIS_Firmware_Library\source\lpc17xx_can.c(1378): warning:  #61-D: integer operation result is out of range
..\Libraries\LPC1700CMSIS_Firmware_Library\source\lpc17xx_can.c(1414): warning:  #61-D: integer operation result is out of range
..\Libraries\LPC1700CMSIS_Firmware_Library\source\lpc17xx_can.c(1414): warning:  #68-D: integer conversion resulted in a change of sign
..\Libraries\LPC1700CMSIS_Firmware_Library\source\lpc17xx_can.c(1418): warning:  #61-D: integer operation result is out of range
..\Libraries\LPC1700CMSIS_Firmware_Library\source\lpc17xx_can.c(1454): warning:  #61-D: integer operation result is out of range
..\Libraries\LPC1700CMSIS_Firmware_Library\source\lpc17xx_can.c(1454): warning:  #68-D: integer conversion resulted in a change of sign
..\Libraries\LPC1700CMSIS_Firmware_Library\source\lpc17xx_can.c(1458): warning:  #61-D: integer operation result is out of range
compiling lpc17xx_clkpwr.c...
compiling lpc17xx_dac.c...
compiling lpc17xx_emac.c...
compiling lpc17xx_exti.c...
compiling lpc17xx_gpdma.c...
..\Libraries\LPC1700CMSIS_Firmware_Library\source\lpc17xx_gpdma.c(87): warning:  #1296-D: extended constant initialiser used
..\Libraries\LPC1700CMSIS_Firmware_Library\source\lpc17xx_gpdma.c(88): warning:  #1296-D: extended constant initialiser used
..\Libraries\LPC1700CMSIS_Firmware_Library\source\lpc17xx_gpdma.c(89): warning:  #1296-D: extended constant initialiser used
..\Libraries\LPC1700CMSIS_Firmware_Library\source\lpc17xx_gpdma.c(90): warning:  #1296-D: extended constant initialiser used
..\Libraries\LPC1700CMSIS_Firmware_Library\source\lpc17xx_gpdma.c(91): warning:  #1296-D: extended constant initialiser used
..\Libraries\LPC1700CMSIS_Firmware_Library\source\lpc17xx_gpdma.c(92): warning:  #1296-D: extended constant initialiser used
..\Libraries\LPC1700CMSIS_Firmware_Library\source\lpc17xx_gpdma.c(93): warning:  #1296-D: extended constant initialiser used
..\Libraries\LPC1700CMSIS_Firmware_Library\source\lpc17xx_gpdma.c(94): warning:  #1296-D: extended constant initialiser used
..\Libraries\LPC1700CMSIS_Firmware_Library\source\lpc17xx_gpdma.c(95): warning:  #1296-D: extended constant initialiser used
..\Libraries\LPC1700CMSIS_Firmware_Library\source\lpc17xx_gpdma.c(96): warning:  #1296-D: extended constant initialiser used
..\Libraries\LPC1700CMSIS_Firmware_Library\source\lpc17xx_gpdma.c(97): warning:  #1296-D: extended constant initialiser used
..\Libraries\LPC1700CMSIS_Firmware_Library\source\lpc17xx_gpdma.c(98): warning:  #1296-D: extended constant initialiser used
..\Libraries\LPC1700CMSIS_Firmware_Library\source\lpc17xx_gpdma.c(99): warning:  #1296-D: extended constant initialiser used
..\Libraries\LPC1700CMSIS_Firmware_Library\source\lpc17xx_gpdma.c(100): warning:  #1296-D: extended constant initialiser used
..\Libraries\LPC1700CMSIS_Firmware_Library\source\lpc17xx_gpdma.c(101): warning:  #1296-D: extended constant initialiser used
..\Libraries\LPC1700CMSIS_Firmware_Library\source\lpc17xx_gpdma.c(102): warning:  #1296-D: extended constant initialiser used
..\Libraries\LPC1700CMSIS_Firmware_Library\source\lpc17xx_gpdma.c(103): warning:  #1296-D: extended constant initialiser used
..\Libraries\LPC1700CMSIS_Firmware_Library\source\lpc17xx_gpdma.c(104): warning:  #1296-D: extended constant initialiser used
..\Libraries\LPC1700CMSIS_Firmware_Library\source\lpc17xx_gpdma.c(105): warning:  #1296-D: extended constant initialiser used
..\Libraries\LPC1700CMSIS_Firmware_Library\source\lpc17xx_gpdma.c(106): warning:  #1296-D: extended constant initialiser used
..\Libraries\LPC1700CMSIS_Firmware_Library\source\lpc17xx_gpdma.c(107): warning:  #1296-D: extended constant initialiser used
..\Libraries\LPC1700CMSIS_Firmware_Library\source\lpc17xx_gpdma.c(108): warning:  #1296-D: extended constant initialiser used
..\Libraries\LPC1700CMSIS_Firmware_Library\source\lpc17xx_gpdma.c(109): warning:  #1296-D: extended constant initialiser used
..\Libraries\LPC1700CMSIS_Firmware_Library\source\lpc17xx_gpdma.c(110): warning:  #1296-D: extended constant initialiser used
..\Libraries\LPC1700CMSIS_Firmware_Library\source\lpc17xx_gpdma.c(396): warning:  #186-D: pointless comparison of unsigned integer with zero
..\Libraries\LPC1700CMSIS_Firmware_Library\source\lpc17xx_gpdma.c(438): warning:  #186-D: pointless comparison of unsigned integer with zero
compiling lpc17xx_gpio.c...
compiling lpc17xx_i2c.c...
..\Libraries\LPC1700CMSIS_Firmware_Library\source\lpc17xx_i2c.c(597): warning:  #188-D: enumerated type mixed with another type
..\Libraries\LPC1700CMSIS_Firmware_Library\source\lpc17xx_i2c.c(694): warning:  #188-D: enumerated type mixed with another type
..\Libraries\LPC1700CMSIS_Firmware_Library\source\lpc17xx_i2c.c(701): warning:  #188-D: enumerated type mixed with another type
..\Libraries\LPC1700CMSIS_Firmware_Library\source\lpc17xx_i2c.c(749): warning:  #188-D: enumerated type mixed with another type
..\Libraries\LPC1700CMSIS_Firmware_Library\source\lpc17xx_i2c.c(901): warning:  #188-D: enumerated type mixed with another type
..\Libraries\LPC1700CMSIS_Firmware_Library\source\lpc17xx_i2c.c(914): warning:  #188-D: enumerated type mixed with another type
..\Libraries\LPC1700CMSIS_Firmware_Library\source\lpc17xx_i2c.c(951): warning:  #188-D: enumerated type mixed with another type
..\Libraries\LPC1700CMSIS_Firmware_Library\source\lpc17xx_i2c.c(1161): warning:  #188-D: enumerated type mixed with another type
..\Libraries\LPC1700CMSIS_Firmware_Library\source\lpc17xx_i2c.c(1185): warning:  #186-D: pointless comparison of unsigned integer with zero
compiling lpc17xx_i2s.c...
compiling lpc17xx_libcfg_default.c...
compiling lpc17xx_mcpwm.c...
..\Libraries\LPC1700CMSIS_Firmware_Library\source\lpc17xx_mcpwm.c(93): warning:  #186-D: pointless comparison of unsigned integer with zero
..\Libraries\LPC1700CMSIS_Firmware_Library\source\lpc17xx_mcpwm.c(181): warning:  #186-D: pointless comparison of unsigned integer with zero
..\Libraries\LPC1700CMSIS_Firmware_Library\source\lpc17xx_mcpwm.c(258): warning:  #186-D: pointless comparison of unsigned integer with zero
..\Libraries\LPC1700CMSIS_Firmware_Library\source\lpc17xx_mcpwm.c(260): warning:  #186-D: pointless comparison of unsigned integer with zero
..\Libraries\LPC1700CMSIS_Firmware_Library\source\lpc17xx_mcpwm.c(262): warning:  #186-D: pointless comparison of unsigned integer with zero
..\Libraries\LPC1700CMSIS_Firmware_Library\source\lpc17xx_mcpwm.c(262): warning:  #186-D: pointless comparison of unsigned integer with zero
..\Libraries\LPC1700CMSIS_Firmware_Library\source\lpc17xx_mcpwm.c(264): warning:  #186-D: pointless comparison of unsigned integer with zero
..\Libraries\LPC1700CMSIS_Firmware_Library\source\lpc17xx_mcpwm.c(264): warning:  #186-D: pointless comparison of unsigned integer with zero
..\Libraries\LPC1700CMSIS_Firmware_Library\source\lpc17xx_mcpwm.c(267): warning:  #186-D: pointless comparison of unsigned integer with zero
..\Libraries\LPC1700CMSIS_Firmware_Library\source\lpc17xx_mcpwm.c(267): warning:  #186-D: pointless comparison of unsigned integer with zero
..\Libraries\LPC1700CMSIS_Firmware_Library\source\lpc17xx_mcpwm.c(269): warning:  #186-D: pointless comparison of unsigned integer with zero
..\Libraries\LPC1700CMSIS_Firmware_Library\source\lpc17xx_mcpwm.c(269): warning:  #186-D: pointless comparison of unsigned integer with zero
..\Libraries\LPC1700CMSIS_Firmware_Library\source\lpc17xx_mcpwm.c(272): warning:  #186-D: pointless comparison of unsigned integer with zero
..\Libraries\LPC1700CMSIS_Firmware_Library\source\lpc17xx_mcpwm.c(376): warning:  #61-D: integer operation result is out of range
..\Libraries\LPC1700CMSIS_Firmware_Library\source\lpc17xx_mcpwm.c(378): warning:  #61-D: integer operation result is out of range
compiling lpc17xx_nvic.c...
compiling lpc17xx_pinsel.c...
compiling lpc17xx_pwm.c...
..\Libraries\LPC1700CMSIS_Firmware_Library\source\lpc17xx_pwm.c(299): warning:  #186-D: pointless comparison of unsigned integer with zero
..\Libraries\LPC1700CMSIS_Firmware_Library\source\lpc17xx_pwm.c(429): warning:  #186-D: pointless comparison of unsigned integer with zero
compiling lpc17xx_qei.c...
compiling lpc17xx_rit.c...
..\Libraries\LPC1700CMSIS_Firmware_Library\source\lpc17xx_rit.c(180): warning:  #188-D: enumerated type mixed with another type
compiling lpc17xx_rtc.c...
..\Libraries\LPC1700CMSIS_Firmware_Library\source\lpc17xx_rtc.c(734): warning:  #186-D: pointless comparison of unsigned integer with zero
..\Libraries\LPC1700CMSIS_Firmware_Library\source\lpc17xx_rtc.c(758): warning:  #186-D: pointless comparison of unsigned integer with zero
compiling lpc17xx_spi.c...
compiling lpc17xx_ssp.c...
compiling lpc17xx_systick.c...
compiling lpc17xx_timer.c...
..\Libraries\LPC1700CMSIS_Firmware_Library\source\lpc17xx_timer.c(115): warning:  #68-D: integer conversion resulted in a change of sign
compiling lpc17xx_uart.c...
compiling AsciiLib.c...
compiling GLCD.c...
compiling TouchPanel.c...
compiling File_Config.c...
compiling SPI_LPC17xx.c...
compiling Retarget.c...
compiling main.c...
..\USER\main.c(77): warning:  #223-D: function "sdInit" declared implicitly
compiling menu.c...
..\USER\menu.c(173): warning:  #177-D: variable "y" was declared but never referenced
..\USER\menu.c(175): warning:  #177-D: variable "text" was declared but never referenced
..\USER\menu.c(495): warning:  #550-D: variable "sd" was set but never used
..\USER\menu.c(496): warning:  #177-D: variable "intentos" was declared but never referenced
compiling SD_Functions.c...
..\USER\SD_Functions.c(13): warning:  #177-D: variable "a" was declared but never referenced
compiling timer.c...
compiling rtc.c...
compiling ventilador.c...
compiling alarma.c...
compiling pantalla.c...
compiling tecladoM.c...
..\USER\tecladoM.c(48): warning:  #61-D: integer operation result is out of range
..\USER\tecladoM.c(48): warning:  #68-D: integer conversion resulted in a change of sign
..\USER\tecladoM.c(76): warning:  #61-D: integer operation result is out of range
..\USER\tecladoM.c(76): warning:  #68-D: integer conversion resulted in a change of sign
..\USER\tecladoM.c(105): warning:  #61-D: integer operation result is out of range
..\USER\tecladoM.c(105): warning:  #68-D: integer conversion resulted in a change of sign
..\USER\tecladoM.c(134): warning:  #61-D: integer operation result is out of range
..\USER\tecladoM.c(134): warning:  #68-D: integer conversion resulted in a change of sign
..\USER\tecladoM.c(174): warning:  #61-D: integer operation result is out of range
..\USER\tecladoM.c(174): warning:  #68-D: integer conversion resulted in a change of sign
..\USER\tecladoM.c(196): warning:  #223-D: function "zonePressed" declared implicitly
..\USER\tecladoM.c(214): warning:  #940-D: missing return statement at end of non-void function "tecladoM"
compiling ADC.c...
compiling tarjetaRFID.c...
compiling uart.c...
..\USER\uart.c(227): warning:  #1-D: last line of file ends without a newline
compiling MFRC522.c...
compiling RFID.c...
linking...
.\SD_Example.axf: Error: L6200E: Symbol timeOut multiply defined (by timer.o and menu.o).
".\SD_Example.axf" - 1 Errors, 87 Warning(s).
Target not created
Rebuild target 'SD_Example'
assembling startup_LPC17xx.s...
compiling system_LPC17xx.c...
compiling core_cm3.c...
compiling lpc17xx_wdt.c...
compiling debug_frmwrk.c...
compiling lpc17xx_adc.c...
compiling lpc17xx_can.c...
..\Libraries\LPC1700CMSIS_Firmware_Library\source\lpc17xx_can.c(144): warning:  #550-D: variable "temp" was set but never used
..\Libraries\LPC1700CMSIS_Firmware_Library\source\lpc17xx_can.c(712): warning:  #550-D: variable "abc" was set but never used
..\Libraries\LPC1700CMSIS_Firmware_Library\source\lpc17xx_can.c(1105): warning:  #186-D: pointless comparison of unsigned integer with zero
..\Libraries\LPC1700CMSIS_Firmware_Library\source\lpc17xx_can.c(1374): warning:  #61-D: integer operation result is out of range
..\Libraries\LPC1700CMSIS_Firmware_Library\source\lpc17xx_can.c(1374): warning:  #68-D: integer conversion resulted in a change of sign
..\Libraries\LPC1700CMSIS_Firmware_Library\source\lpc17xx_can.c(1378): warning:  #61-D: integer operation result is out of range
..\Libraries\LPC1700CMSIS_Firmware_Library\source\lpc17xx_can.c(1414): warning:  #61-D: integer operation result is out of range
..\Libraries\LPC1700CMSIS_Firmware_Library\source\lpc17xx_can.c(1414): warning:  #68-D: integer conversion resulted in a change of sign
..\Libraries\LPC1700CMSIS_Firmware_Library\source\lpc17xx_can.c(1418): warning:  #61-D: integer operation result is out of range
..\Libraries\LPC1700CMSIS_Firmware_Library\source\lpc17xx_can.c(1454): warning:  #61-D: integer operation result is out of range
..\Libraries\LPC1700CMSIS_Firmware_Library\source\lpc17xx_can.c(1454): warning:  #68-D: integer conversion resulted in a change of sign
..\Libraries\LPC1700CMSIS_Firmware_Library\source\lpc17xx_can.c(1458): warning:  #61-D: integer operation result is out of range
compiling lpc17xx_clkpwr.c...
compiling lpc17xx_dac.c...
compiling lpc17xx_emac.c...
compiling lpc17xx_exti.c...
compiling lpc17xx_gpdma.c...
..\Libraries\LPC1700CMSIS_Firmware_Library\source\lpc17xx_gpdma.c(87): warning:  #1296-D: extended constant initialiser used
..\Libraries\LPC1700CMSIS_Firmware_Library\source\lpc17xx_gpdma.c(88): warning:  #1296-D: extended constant initialiser used
..\Libraries\LPC1700CMSIS_Firmware_Library\source\lpc17xx_gpdma.c(89): warning:  #1296-D: extended constant initialiser used
..\Libraries\LPC1700CMSIS_Firmware_Library\source\lpc17xx_gpdma.c(90): warning:  #1296-D: extended constant initialiser used
..\Libraries\LPC1700CMSIS_Firmware_Library\source\lpc17xx_gpdma.c(91): warning:  #1296-D: extended constant initialiser used
..\Libraries\LPC1700CMSIS_Firmware_Library\source\lpc17xx_gpdma.c(92): warning:  #1296-D: extended constant initialiser used
..\Libraries\LPC1700CMSIS_Firmware_Library\source\lpc17xx_gpdma.c(93): warning:  #1296-D: extended constant initialiser used
..\Libraries\LPC1700CMSIS_Firmware_Library\source\lpc17xx_gpdma.c(94): warning:  #1296-D: extended constant initialiser used
..\Libraries\LPC1700CMSIS_Firmware_Library\source\lpc17xx_gpdma.c(95): warning:  #1296-D: extended constant initialiser used
..\Libraries\LPC1700CMSIS_Firmware_Library\source\lpc17xx_gpdma.c(96): warning:  #1296-D: extended constant initialiser used
..\Libraries\LPC1700CMSIS_Firmware_Library\source\lpc17xx_gpdma.c(97): warning:  #1296-D: extended constant initialiser used
..\Libraries\LPC1700CMSIS_Firmware_Library\source\lpc17xx_gpdma.c(98): warning:  #1296-D: extended constant initialiser used
..\Libraries\LPC1700CMSIS_Firmware_Library\source\lpc17xx_gpdma.c(99): warning:  #1296-D: extended constant initialiser used
..\Libraries\LPC1700CMSIS_Firmware_Library\source\lpc17xx_gpdma.c(100): warning:  #1296-D: extended constant initialiser used
..\Libraries\LPC1700CMSIS_Firmware_Library\source\lpc17xx_gpdma.c(101): warning:  #1296-D: extended constant initialiser used
..\Libraries\LPC1700CMSIS_Firmware_Library\source\lpc17xx_gpdma.c(102): warning:  #1296-D: extended constant initialiser used
..\Libraries\LPC1700CMSIS_Firmware_Library\source\lpc17xx_gpdma.c(103): warning:  #1296-D: extended constant initialiser used
..\Libraries\LPC1700CMSIS_Firmware_Library\source\lpc17xx_gpdma.c(104): warning:  #1296-D: extended constant initialiser used
..\Libraries\LPC1700CMSIS_Firmware_Library\source\lpc17xx_gpdma.c(105): warning:  #1296-D: extended constant initialiser used
..\Libraries\LPC1700CMSIS_Firmware_Library\source\lpc17xx_gpdma.c(106): warning:  #1296-D: extended constant initialiser used
..\Libraries\LPC1700CMSIS_Firmware_Library\source\lpc17xx_gpdma.c(107): warning:  #1296-D: extended constant initialiser used
..\Libraries\LPC1700CMSIS_Firmware_Library\source\lpc17xx_gpdma.c(108): warning:  #1296-D: extended constant initialiser used
..\Libraries\LPC1700CMSIS_Firmware_Library\source\lpc17xx_gpdma.c(109): warning:  #1296-D: extended constant initialiser used
..\Libraries\LPC1700CMSIS_Firmware_Library\source\lpc17xx_gpdma.c(110): warning:  #1296-D: extended constant initialiser used
..\Libraries\LPC1700CMSIS_Firmware_Library\source\lpc17xx_gpdma.c(396): warning:  #186-D: pointless comparison of unsigned integer with zero
..\Libraries\LPC1700CMSIS_Firmware_Library\source\lpc17xx_gpdma.c(438): warning:  #186-D: pointless comparison of unsigned integer with zero
compiling lpc17xx_gpio.c...
compiling lpc17xx_i2c.c...
..\Libraries\LPC1700CMSIS_Firmware_Library\source\lpc17xx_i2c.c(597): warning:  #188-D: enumerated type mixed with another type
..\Libraries\LPC1700CMSIS_Firmware_Library\source\lpc17xx_i2c.c(694): warning:  #188-D: enumerated type mixed with another type
..\Libraries\LPC1700CMSIS_Firmware_Library\source\lpc17xx_i2c.c(701): warning:  #188-D: enumerated type mixed with another type
..\Libraries\LPC1700CMSIS_Firmware_Library\source\lpc17xx_i2c.c(749): warning:  #188-D: enumerated type mixed with another type
..\Libraries\LPC1700CMSIS_Firmware_Library\source\lpc17xx_i2c.c(901): warning:  #188-D: enumerated type mixed with another type
..\Libraries\LPC1700CMSIS_Firmware_Library\source\lpc17xx_i2c.c(914): warning:  #188-D: enumerated type mixed with another type
..\Libraries\LPC1700CMSIS_Firmware_Library\source\lpc17xx_i2c.c(951): warning:  #188-D: enumerated type mixed with another type
..\Libraries\LPC1700CMSIS_Firmware_Library\source\lpc17xx_i2c.c(1161): warning:  #188-D: enumerated type mixed with another type
..\Libraries\LPC1700CMSIS_Firmware_Library\source\lpc17xx_i2c.c(1185): warning:  #186-D: pointless comparison of unsigned integer with zero
compiling lpc17xx_i2s.c...
compiling lpc17xx_libcfg_default.c...
compiling lpc17xx_mcpwm.c...
..\Libraries\LPC1700CMSIS_Firmware_Library\source\lpc17xx_mcpwm.c(93): warning:  #186-D: pointless comparison of unsigned integer with zero
..\Libraries\LPC1700CMSIS_Firmware_Library\source\lpc17xx_mcpwm.c(181): warning:  #186-D: pointless comparison of unsigned integer with zero
..\Libraries\LPC1700CMSIS_Firmware_Library\source\lpc17xx_mcpwm.c(258): warning:  #186-D: pointless comparison of unsigned integer with zero
..\Libraries\LPC1700CMSIS_Firmware_Library\source\lpc17xx_mcpwm.c(260): warning:  #186-D: pointless comparison of unsigned integer with zero
..\Libraries\LPC1700CMSIS_Firmware_Library\source\lpc17xx_mcpwm.c(262): warning:  #186-D: pointless comparison of unsigned integer with zero
..\Libraries\LPC1700CMSIS_Firmware_Library\source\lpc17xx_mcpwm.c(262): warning:  #186-D: pointless comparison of unsigned integer with zero
..\Libraries\LPC1700CMSIS_Firmware_Library\source\lpc17xx_mcpwm.c(264): warning:  #186-D: pointless comparison of unsigned integer with zero
..\Libraries\LPC1700CMSIS_Firmware_Library\source\lpc17xx_mcpwm.c(264): warning:  #186-D: pointless comparison of unsigned integer with zero
..\Libraries\LPC1700CMSIS_Firmware_Library\source\lpc17xx_mcpwm.c(267): warning:  #186-D: pointless comparison of unsigned integer with zero
..\Libraries\LPC1700CMSIS_Firmware_Library\source\lpc17xx_mcpwm.c(267): warning:  #186-D: pointless comparison of unsigned integer with zero
..\Libraries\LPC1700CMSIS_Firmware_Library\source\lpc17xx_mcpwm.c(269): warning:  #186-D: pointless comparison of unsigned integer with zero
..\Libraries\LPC1700CMSIS_Firmware_Library\source\lpc17xx_mcpwm.c(269): warning:  #186-D: pointless comparison of unsigned integer with zero
..\Libraries\LPC1700CMSIS_Firmware_Library\source\lpc17xx_mcpwm.c(272): warning:  #186-D: pointless comparison of unsigned integer with zero
..\Libraries\LPC1700CMSIS_Firmware_Library\source\lpc17xx_mcpwm.c(376): warning:  #61-D: integer operation result is out of range
..\Libraries\LPC1700CMSIS_Firmware_Library\source\lpc17xx_mcpwm.c(378): warning:  #61-D: integer operation result is out of range
compiling lpc17xx_nvic.c...
compiling lpc17xx_pinsel.c...
compiling lpc17xx_pwm.c...
..\Libraries\LPC1700CMSIS_Firmware_Library\source\lpc17xx_pwm.c(299): warning:  #186-D: pointless comparison of unsigned integer with zero
..\Libraries\LPC1700CMSIS_Firmware_Library\source\lpc17xx_pwm.c(429): warning:  #186-D: pointless comparison of unsigned integer with zero
compiling lpc17xx_qei.c...
compiling lpc17xx_rit.c...
..\Libraries\LPC1700CMSIS_Firmware_Library\source\lpc17xx_rit.c(180): warning:  #188-D: enumerated type mixed with another type
compiling lpc17xx_rtc.c...
..\Libraries\LPC1700CMSIS_Firmware_Library\source\lpc17xx_rtc.c(734): warning:  #186-D: pointless comparison of unsigned integer with zero
..\Libraries\LPC1700CMSIS_Firmware_Library\source\lpc17xx_rtc.c(758): warning:  #186-D: pointless comparison of unsigned integer with zero
compiling lpc17xx_spi.c...
compiling lpc17xx_ssp.c...
compiling lpc17xx_systick.c...
compiling lpc17xx_timer.c...
..\Libraries\LPC1700CMSIS_Firmware_Library\source\lpc17xx_timer.c(115): warning:  #68-D: integer conversion resulted in a change of sign
compiling lpc17xx_uart.c...
compiling AsciiLib.c...
compiling GLCD.c...
compiling TouchPanel.c...
compiling File_Config.c...
compiling SPI_LPC17xx.c...
compiling Retarget.c...
compiling main.c...
..\USER\main.c(77): warning:  #223-D: function "sdInit" declared implicitly
compiling menu.c...
..\USER\menu.c(173): warning:  #177-D: variable "y" was declared but never referenced
..\USER\menu.c(175): warning:  #177-D: variable "text" was declared but never referenced
..\USER\menu.c(634): error:  #20: identifier "timeOut" is undefined
..\USER\menu.c(495): warning:  #550-D: variable "sd" was set but never used
..\USER\menu.c(496): warning:  #177-D: variable "intentos" was declared but never referenced
compiling SD_Functions.c...
..\USER\SD_Functions.c(13): warning:  #177-D: variable "a" was declared but never referenced
compiling timer.c...
..\USER\timer.c(11): error:  #20: identifier "timeOut" is undefined
..\USER\timer.c(21): error:  #20: identifier "timeOut" is undefined
..\USER\timer.c(26): error:  #20: identifier "timeOut" is undefined
compiling rtc.c...
compiling ventilador.c...
compiling alarma.c...
compiling pantalla.c...
compiling tecladoM.c...
..\USER\tecladoM.c(48): warning:  #61-D: integer operation result is out of range
..\USER\tecladoM.c(48): warning:  #68-D: integer conversion resulted in a change of sign
..\USER\tecladoM.c(76): warning:  #61-D: integer operation result is out of range
..\USER\tecladoM.c(76): warning:  #68-D: integer conversion resulted in a change of sign
..\USER\tecladoM.c(105): warning:  #61-D: integer operation result is out of range
..\USER\tecladoM.c(105): warning:  #68-D: integer conversion resulted in a change of sign
..\USER\tecladoM.c(134): warning:  #61-D: integer operation result is out of range
..\USER\tecladoM.c(134): warning:  #68-D: integer conversion resulted in a change of sign
..\USER\tecladoM.c(174): warning:  #61-D: integer operation result is out of range
..\USER\tecladoM.c(174): warning:  #68-D: integer conversion resulted in a change of sign
..\USER\tecladoM.c(196): warning:  #223-D: function "zonePressed" declared implicitly
..\USER\tecladoM.c(214): warning:  #940-D: missing return statement at end of non-void function "tecladoM"
compiling ADC.c...
compiling tarjetaRFID.c...
compiling uart.c...
..\USER\uart.c(227): warning:  #1-D: last line of file ends without a newline
compiling MFRC522.c...
compiling RFID.c...
".\SD_Example.axf" - 4 Errors, 87 Warning(s).
Target not created
Build target 'SD_Example'
compiling menu.c...
..\USER\menu.c(173): warning:  #177-D: variable "y" was declared but never referenced
..\USER\menu.c(175): warning:  #177-D: variable "text" was declared but never referenced
..\USER\menu.c(495): warning:  #550-D: variable "sd" was set but never used
..\USER\menu.c(496): warning:  #177-D: variable "intentos" was declared but never referenced
compiling timer.c...
linking...
.\SD_Example.axf: Error: L6200E: Symbol timeOut multiply defined (by timer.o and menu.o).
".\SD_Example.axf" - 1 Errors, 4 Warning(s).
Target not created
Rebuild target 'SD_Example'
assembling startup_LPC17xx.s...
compiling system_LPC17xx.c...
compiling core_cm3.c...
compiling lpc17xx_wdt.c...
compiling debug_frmwrk.c...
compiling lpc17xx_adc.c...
compiling lpc17xx_can.c...
..\Libraries\LPC1700CMSIS_Firmware_Library\source\lpc17xx_can.c(144): warning:  #550-D: variable "temp" was set but never used
..\Libraries\LPC1700CMSIS_Firmware_Library\source\lpc17xx_can.c(712): warning:  #550-D: variable "abc" was set but never used
..\Libraries\LPC1700CMSIS_Firmware_Library\source\lpc17xx_can.c(1105): warning:  #186-D: pointless comparison of unsigned integer with zero
..\Libraries\LPC1700CMSIS_Firmware_Library\source\lpc17xx_can.c(1374): warning:  #61-D: integer operation result is out of range
..\Libraries\LPC1700CMSIS_Firmware_Library\source\lpc17xx_can.c(1374): warning:  #68-D: integer conversion resulted in a change of sign
..\Libraries\LPC1700CMSIS_Firmware_Library\source\lpc17xx_can.c(1378): warning:  #61-D: integer operation result is out of range
..\Libraries\LPC1700CMSIS_Firmware_Library\source\lpc17xx_can.c(1414): warning:  #61-D: integer operation result is out of range
..\Libraries\LPC1700CMSIS_Firmware_Library\source\lpc17xx_can.c(1414): warning:  #68-D: integer conversion resulted in a change of sign
..\Libraries\LPC1700CMSIS_Firmware_Library\source\lpc17xx_can.c(1418): warning:  #61-D: integer operation result is out of range
..\Libraries\LPC1700CMSIS_Firmware_Library\source\lpc17xx_can.c(1454): warning:  #61-D: integer operation result is out of range
..\Libraries\LPC1700CMSIS_Firmware_Library\source\lpc17xx_can.c(1454): warning:  #68-D: integer conversion resulted in a change of sign
..\Libraries\LPC1700CMSIS_Firmware_Library\source\lpc17xx_can.c(1458): warning:  #61-D: integer operation result is out of range
compiling lpc17xx_clkpwr.c...
compiling lpc17xx_dac.c...
compiling lpc17xx_emac.c...
compiling lpc17xx_exti.c...
compiling lpc17xx_gpdma.c...
..\Libraries\LPC1700CMSIS_Firmware_Library\source\lpc17xx_gpdma.c(87): warning:  #1296-D: extended constant initialiser used
..\Libraries\LPC1700CMSIS_Firmware_Library\source\lpc17xx_gpdma.c(88): warning:  #1296-D: extended constant initialiser used
..\Libraries\LPC1700CMSIS_Firmware_Library\source\lpc17xx_gpdma.c(89): warning:  #1296-D: extended constant initialiser used
..\Libraries\LPC1700CMSIS_Firmware_Library\source\lpc17xx_gpdma.c(90): warning:  #1296-D: extended constant initialiser used
..\Libraries\LPC1700CMSIS_Firmware_Library\source\lpc17xx_gpdma.c(91): warning:  #1296-D: extended constant initialiser used
..\Libraries\LPC1700CMSIS_Firmware_Library\source\lpc17xx_gpdma.c(92): warning:  #1296-D: extended constant initialiser used
..\Libraries\LPC1700CMSIS_Firmware_Library\source\lpc17xx_gpdma.c(93): warning:  #1296-D: extended constant initialiser used
..\Libraries\LPC1700CMSIS_Firmware_Library\source\lpc17xx_gpdma.c(94): warning:  #1296-D: extended constant initialiser used
..\Libraries\LPC1700CMSIS_Firmware_Library\source\lpc17xx_gpdma.c(95): warning:  #1296-D: extended constant initialiser used
..\Libraries\LPC1700CMSIS_Firmware_Library\source\lpc17xx_gpdma.c(96): warning:  #1296-D: extended constant initialiser used
..\Libraries\LPC1700CMSIS_Firmware_Library\source\lpc17xx_gpdma.c(97): warning:  #1296-D: extended constant initialiser used
..\Libraries\LPC1700CMSIS_Firmware_Library\source\lpc17xx_gpdma.c(98): warning:  #1296-D: extended constant initialiser used
[...]
..\Libraries\LPC1700CMSIS_Firmware_Library\source\lpc17xx_i2c.c(914): warning:  #188-D: enumerated type mixed with another type
..\Libraries\LPC1700CMSIS_Firmware_Library\source\lpc17xx_i2c.c(951): warning:  #188-D: enumerated type mixed with another type
..\Libraries\LPC1700CMSIS_Firmware_Library\source\lpc17xx_i2c.c(1161): warning:  #188-D: enumerated type mixed with another type
..\Libraries\LPC1700CMSIS_Firmware_Library\source\lpc17xx_i2c.c(1185): warning:  #186-D: pointless comparison of unsigned integer with zero
compiling lpc17xx_i2s.c...
compiling lpc17xx_libcfg_default.c...
compiling lpc17xx_mcpwm.c...
..\Libraries\LPC1700CMSIS_Firmware_Library\source\lpc17xx_mcpwm.c(93): warning:  #186-D: pointless comparison of unsigned integer with zero
..\Libraries\LPC1700CMSIS_Firmware_Library\source\lpc17xx_mcpwm.c(181): warning:  #186-D: pointless comparison of unsigned integer with zero
..\Libraries\LPC1700CMSIS_Firmware_Library\source\lpc17xx_mcpwm.c(258): warning:  #186-D: pointless comparison of unsigned integer with zero
..\Libraries\LPC1700CMSIS_Firmware_Library\source\lpc17xx_mcpwm.c(260): warning:  #186-D: pointless comparison of unsigned integer with zero
..\Libraries\LPC1700CMSIS_Firmware_Library\source\lpc17xx_mcpwm.c(262): warning:  #186-D: pointless comparison of unsigned integer with zero
..\Libraries\LPC1700CMSIS_Firmware_Library\source\lpc17xx_mcpwm.c(262): warning:  #186-D: pointless comparison of unsigned integer with zero
..\Libraries\LPC1700CMSIS_Firmware_Library\source\lpc17xx_mcpwm.c(264): warning:  #186-D: pointless comparison of unsigned integer with zero
..\Libraries\LPC1700CMSIS_Firmware_Library\source\lpc17xx_mcpwm.c(264): warning:  #186-D: pointless comparison of unsigned integer with zero
..\Libraries\LPC1700CMSIS_Firmware_Library\source\lpc17xx_mcpwm.c(267): warning:  #186-D: pointless comparison of unsigned integer with zero
..\Libraries\LPC1700CMSIS_Firmware_Library\source\lpc17xx_mcpwm.c(267): warning:  #186-D: pointless comparison of unsigned integer with zero
..\Libraries\LPC1700CMSIS_Firmware_Library\source\lpc17xx_mcpwm.c(269): warning:  #186-D: pointless comparison of unsigned integer with zero
..\Libraries\LPC1700CMSIS_Firmware_Library\source\lpc17xx_mcpwm.c(269): warning:  #186-D: pointless comparison of unsigned integer with zero
..\Libraries\LPC1700CMSIS_Firmware_Library\source\lpc17xx_mcpwm.c(272): warning:  #186-D: pointless comparison of unsigned integer with zero
..\Libraries\LPC1700CMSIS_Firmware_Library\source\lpc17xx_mcpwm.c(376): warning:  #61-D: integer operation result is out of range
..\Libraries\LPC1700CMSIS_Firmware_Library\source\lpc17xx_mcpwm.c(378): warning:  #61-D: integer operation result is out of range
compiling lpc17xx_nvic.c...
compiling lpc17xx_pinsel.c...
compiling lpc17xx_pwm.c...
..\Libraries\LPC1700CMSIS_Firmware_Library\source\lpc17xx_pwm.c(299): warning:  #186-D: pointless comparison of unsigned integer with zero
..\Libraries\LPC1700CMSIS_Firmware_Library\source\lpc17xx_pwm.c(429): warning:  #186-D: pointless comparison of unsigned integer with zero
compiling lpc17xx_qei.c...
compiling lpc17xx_rit.c...
..\Libraries\LPC1700CMSIS_Firmware_Library\source\lpc17xx_rit.c(180): warning:  #188-D: enumerated type mixed with another type
compiling lpc17xx_rtc.c...
..\Libraries\LPC1700CMSIS_Firmware_Library\source\lpc17xx_rtc.c(734): warning:  #186-D: pointless comparison of unsigned integer with zero
..\Libraries\LPC1700CMSIS_Firmware_Library\source\lpc17xx_rtc.c(758): warning:  #186-D: pointless comparison of unsigned integer with zero
compiling lpc17xx_spi.c...
compiling lpc17xx_ssp.c...
compiling lpc17xx_systick.c...
compiling lpc17xx_timer.c...
..\Libraries\LPC1700CMSIS_Firmware_Library\source\lpc17xx_timer.c(115): warning:  #68-D: integer conversion resulted in a change of sign
compiling lpc17xx_uart.c...
compiling AsciiLib.c...
compiling GLCD.c...
compiling TouchPanel.c...
compiling File_Config.c...
compiling SPI_LPC17xx.c...
compiling Retarget.c...
compiling main.c...
compiling menu.c...
..\USER\menu.c(173): warning:  #177-D: variable "y" was declared but never referenced
..\USER\menu.c(175): warning:  #177-D: variable "text" was declared but never referenced
..\USER\menu.c(496): warning:  #177-D: variable "intentos" was declared but never referenced
compiling SD_Functions.c...
..\USER\SD_Functions.c(14): warning:  #177-D: variable "a" was declared but never referenced
compiling timer.c...
compiling rtc.c...
compiling ventilador.c...
compiling alarma.c...
compiling pantalla.c...
compiling tecladoM.c...
..\USER\tecladoM.c(48): warning:  #61-D: integer operation result is out of range
..\USER\tecladoM.c(48): warning:  #68-D: integer conversion resulted in a change of sign
..\USER\tecladoM.c(76): warning:  #61-D: integer operation result is out of range
..\USER\tecladoM.c(76): warning:  #68-D: integer conversion resulted in a change of sign
..\USER\tecladoM.c(105): warning:  #61-D: integer operation result is out of range
..\USER\tecladoM.c(105): warning:  #68-D: integer conversion resulted in a change of sign
..\USER\tecladoM.c(134): warning:  #61-D: integer operation result is out of range
..\USER\tecladoM.c(134): warning:  #68-D: integer conversion resulted in a change of sign
..\USER\tecladoM.c(174): warning:  #61-D: integer operation result is out of range
..\USER\tecladoM.c(174): warning:  #68-D: integer conversion resulted in a change of sign
..\USER\tecladoM.c(196): warning:  #223-D: function "zonePressed" declared implicitly
..\USER\tecladoM.c(214): warning:  #940-D: missing return statement at end of non-void function "tecladoM"
compiling ADC.c...
compiling tarjetaRFID.c...
compiling uart.c...
..\USER\uart.c(197): warning:  #223-D: function "setTimeOut" declared implicitly
..\USER\uart.c(230): warning:  #1-D: last line of file ends without a newline
compiling MFRC522.c...
compiling RFID.c...
linking...
Program Size: Code=117830 RO-data=4266 RW-data=356 ZI-data=9444  
".\SD_Example.axf" - 0 Errors, 86 Warning(s).
Load "C:\\Users\\ConchiJose\\Desktop\\V4\\SD_Example_RFID_v2 (1)\\SD_Example_RFID_v2\\MDK-ARM\\SD_Example.axf" 
Set JLink Project File to "C:\Users\ConchiJose\Desktop\V4\SD_Example_RFID_v2 (1)\SD_Example_RFID_v2\MDK-ARM\JLinkSettings.ini"
* JLink Info: Device "LPC1768" selected (512 KB flash, 32 KB RAM).
 
JLink info:
------------
DLL: V4.68a, compiled Apr 12 2013 13:26:50
Firmware: J-Link ARM V8 compiled Nov 14 2012 22:34:52
Hardware: V8.00
S/N : 99999994 
Feature(s) : RDI,FlashDL,FlashBP,JFlash,GDBFULL 
 
* JLink Info: Found SWD-DP with ID 0x2BA01477
* JLink Info: TPIU fitted.
* JLink Info: ETM fitted.
* JLink Info: FPUnit: 6 code (BP) slots and 2 literal slots
* JLink Info: Found Cortex-M3 r2p0, Little endian.
ROMTableAddr = 0xE00FF003
 
Target info:
------------
Device: LPC1768
VTarget = 3.280V
State of Pins: 
TCK: 0, TDI: 1, TDO: 0, TMS: 1, TRES: 1, TRST: 1
Hardware-Breakpoints: 6
Software-Breakpoints: 8192
Watchpoints:          4
JTAG speed: 4000 kHz
 
Erase Done.
Programming Done.
Verify OK.
Rebuild target 'SD_Example'
assembling startup_LPC17xx.s...
compiling system_LPC17xx.c...
compiling core_cm3.c...
compiling lpc17xx_wdt.c...
compiling debug_frmwrk.c...
compiling lpc17xx_adc.c...
compiling lpc17xx_can.c...
..\Libraries\LPC1700CMSIS_Firmware_Library\source\lpc17xx_can.c(144): warning:  #550-D: variable "temp" was set but never used
..\Libraries\LPC1700CMSIS_Firmware_Library\source\lpc17xx_can.c(712): warning:  #550-D: variable "abc" was set but never used
..\Libraries\LPC1700CMSIS_Firmware_Library\source\lpc17xx_can.c(1105): warning:  #186-D: pointless comparison of unsigned integer with zero
..\Libraries\LPC1700CMSIS_Firmware_Library\source\lpc17xx_can.c(1374): warning:  #61-D: integer operation result is out of range
..\Libraries\LPC1700CMSIS_Firmware_Library\source\lpc17xx_can.c(1374): warning:  #68-D: integer conversion resulted in a change of sign
..\Libraries\LPC1700CMSIS_Firmware_Library\source\lpc17xx_can.c(1378): warning:  #61-D: integer operation result is out of range
..\Libraries\LPC1700CMSIS_Firmware_Library\source\lpc17xx_can.c(1414): warning:  #61-D: integer operation result is out of range
..\Libraries\LPC1700CMSIS_Firmware_Library\source\lpc17xx_can.c(1414): warning:  #68-D: integer conversion resulted in a change of sign
..\Libraries\LPC1700CMSIS_Firmware_Library\source\lpc17xx_can.c(1418): warning:  #61-D: integer operation result is out of range
..\Libraries\LPC1700CMSIS_Firmware_Library\source\lpc17xx_can.c(1454): warning:  #61-D: integer operation result is out of range
..\Libraries\LPC1700CMSIS_Firmware_Library\source\lpc17xx_can.c(1454): warning:  #68-D: integer conversion resulted in a change of sign
..\Libraries\LPC1700CMSIS_Firmware_Library\source\lpc17xx_can.c(1458): warning:  #61-D: integer operation result is out of range
compiling lpc17xx_clkpwr.c...
compiling lpc17xx_dac.c...
compiling lpc17xx_emac.c...
compiling lpc17xx_exti.c...
compiling lpc17xx_gpdma.c...
..\Libraries\LPC1700CMSIS_Firmware_Library\source\lpc17xx_gpdma.c(87): warning:  #1296-D: extended constant initialiser used
..\Libraries\LPC1700CMSIS_Firmware_Library\source\lpc17xx_gpdma.c(88): warning:  #1296-D: extended constant initialiser used
..\Libraries\LPC1700CMSIS_Firmware_Library\source\lpc17xx_gpdma.c(89): warning:  #1296-D: extended constant initialiser used
..\Libraries\LPC1700CMSIS_Firmware_Library\source\lpc17xx_gpdma.c(90): warning:  #1296-D: extended constant initialiser used
..\Libraries\LPC1700CMSIS_Firmware_Library\source\lpc17xx_gpdma.c(91): warning:  #1296-D: extended constant initialiser used
..\Libraries\LPC1700CMSIS_Firmware_Library\source\lpc17xx_gpdma.c(92): warning:  #1296-D: extended constant initialiser used
..\Libraries\LPC1700CMSIS_Firmware_Library\source\lpc17xx_gpdma.c(93): warning:  #1296-D: extended constant initialiser used
..\Libraries\LPC1700CMSIS_Firmware_Library\source\lpc17xx_gpdma.c(94): warning:  #1296-D: extended constant initialiser used
..\Libraries\LPC1700CMSIS_Firmware_Library\source\lpc17xx_gpdma.c(95): warning:  #1296-D: extended constant initialiser used
..\Libraries\LPC1700CMSIS_Firmware_Library\source\lpc17xx_gpdma.c(96): warning:  #1296-D: extended constant initialiser used
..\Libraries\LPC1700CMSIS_Firmware_Library\source\lpc17xx_gpdma.c(97): warning:  #1296-D: extended constant initialiser used
..\Libraries\LPC1700CMSIS_Firmware_Library\source\lpc17xx_gpdma.c(98): warning:  #1296-D: extended constant initialiser used
..\Libraries\LPC1700CMSIS_Firmware_Library\source\lpc17xx_gpdma.c(99): warning:  #1296-D: extended constant initialiser used
..\Libraries\LPC1700CMSIS_Firmware_Library\source\lpc17xx_gpdma.c(100): warning:  #1296-D: extended constant initialiser used
..\Libraries\LPC1700CMSIS_Firmware_Library\source\lpc17xx_gpdma.c(101): warning:  #1296-D: extended constant initialiser used
..\Libraries\LPC1700CMSIS_Firmware_Library\source\lpc17xx_gpdma.c(102): warning:  #1296-D: extended constant initialiser used
..\Libraries\LPC1700CMSIS_Firmware_Library\source\lpc17xx_gpdma.c(103): warning:  #1296-D: extended constant initialiser used
..\Libraries\LPC1700CMSIS_Firmware_Library\source\lpc17xx_gpdma.c(104): warning:  #1296-D: extended constant initialiser used
..\Libraries\LPC1700CMSIS_Firmware_Library\source\lpc17xx_gpdma.c(105): warning:  #1296-D: extended constant initialiser used
..\Libraries\LPC1700CMSIS_Firmware_Library\source\lpc17xx_gpdma.c(106): warning:  #1296-D: extended constant initialiser used
..\Libraries\LPC1700CMSIS_Firmware_Library\source\lpc17xx_gpdma.c(107): warning:  #1296-D: extended constant initialiser used
..\Libraries\LPC1700CMSIS_Firmware_Library\source\lpc17xx_gpdma.c(108): warning:  #1296-D: extended constant initialiser used
..\Libraries\LPC1700CMSIS_Firmware_Library\source\lpc17xx_gpdma.c(109): warning:  #1296-D: extended constant initialiser used
..\Libraries\LPC1700CMSIS_Firmware_Library\source\lpc17xx_gpdma.c(110): warning:  #1296-D: extended constant initialiser used
..\Libraries\LPC1700CMSIS_Firmware_Library\source\lpc17xx_gpdma.c(396): warning:  #186-D: pointless comparison of unsigned integer with zero
..\Libraries\LPC1700CMSIS_Firmware_Library\source\lpc17xx_gpdma.c(438): warning:  #186-D: pointless comparison of unsigned integer with zero
compiling lpc17xx_gpio.c...
compiling lpc17xx_i2c.c...
..\Libraries\LPC1700CMSIS_Firmware_Library\source\lpc17xx_i2c.c(597): warning:  #188-D: enumerated type mixed with another type
..\Libraries\LPC1700CMSIS_Firmware_Library\source\lpc17xx_i2c.c(694): warning:  #188-D: enumerated type mixed with another type
..\Libraries\LPC1700CMSIS_Firmware_Library\source\lpc17xx_i2c.c(701): warning:  #188-D: enumerated type mixed with another type
..\Libraries\LPC1700CMSIS_Firmware_Library\source\lpc17xx_i2c.c(749): warning:  #188-D: enumerated type mixed with another type
..\Libraries\LPC1700CMSIS_Firmware_Library\source\lpc17xx_i2c.c(901): warning:  #188-D: enumerated type mixed with another type
..\Libraries\LPC1700CMSIS_Firmware_Library\source\lpc17xx_i2c.c(914): warning:  #188-D: enumerated type mixed with another type
..\Libraries\LPC1700CMSIS_Firmware_Library\source\lpc17xx_i2c.c(951): warning:  #188-D: enumerated type mixed with another type
..\Libraries\LPC1700CMSIS_Firmware_Library\source\lpc17xx_i2c.c(1161): warning:  #188-D: enumerated type mixed with another type
..\Libraries\LPC1700CMSIS_Firmware_Library\source\lpc17xx_i2c.c(1185): warning:  #186-D: pointless comparison of unsigned integer with zero
compiling lpc17xx_i2s.c...
compiling lpc17xx_libcfg_default.c...
compiling lpc17xx_mcpwm.c...
..\Libraries\LPC1700CMSIS_Firmware_Library\source\lpc17xx_mcpwm.c(93): warning:  #186-D: pointless comparison of unsigned integer with zero
..\Libraries\LPC1700CMSIS_Firmware_Library\source\lpc17xx_mcpwm.c(181): warning:  #186-D: pointless comparison of unsigned integer with zero
..\Libraries\LPC1700CMSIS_Firmware_Library\source\lpc17xx_mcpwm.c(258): warning:  #186-D: pointless comparison of unsigned integer with zero
..\Libraries\LPC1700CMSIS_Firmware_Library\source\lpc17xx_mcpwm.c(260): warning:  #186-D: pointless comparison of unsigned integer with zero
..\Libraries\LPC1700CMSIS_Firmware_Library\source\lpc17xx_mcpwm.c(262): warning:  #186-D: pointless comparison of unsigned integer with zero
..\Libraries\LPC1700CMSIS_Firmware_Library\source\lpc17xx_mcpwm.c(262): warning:  #186-D: pointless comparison of unsigned integer with zero
..\Libraries\LPC1700CMSIS_Firmware_Library\source\lpc17xx_mcpwm.c(264): warning:  #186-D: pointless comparison of unsigned integer with zero
..\Libraries\LPC1700CMSIS_Firmware_Library\source\lpc17xx_mcpwm.c(264): warning:  #186-D: pointless comparison of unsigned integer with zero
..\Libraries\LPC1700CMSIS_Firmware_Library\source\lpc17xx_mcpwm.c(267): warning:  #186-D: pointless comparison of unsigned integer with zero
..\Libraries\LPC1700CMSIS_Firmware_Library\source\lpc17xx_mcpwm.c(267): warning:  #186-D: pointless comparison of unsigned integer with zero
..\Libraries\LPC1700CMSIS_Firmware_Library\source\lpc17xx_mcpwm.c(269): warning:  #186-D: pointless comparison of unsigned integer with zero
..\Libraries\LPC1700CMSIS_Firmware_Library\source\lpc17xx_mcpwm.c(269): warning:  #186-D: pointless comparison of unsigned integer with zero
..\Libraries\LPC1700CMSIS_Firmware_Library\source\lpc17xx_mcpwm.c(272): warning:  #186-D: pointless comparison of unsigned integer with zero
..\Libraries\LPC1700CMSIS_Firmware_Library\source\lpc17xx_mcpwm.c(376): warning:  #61-D: integer operation result is out of range
..\Libraries\LPC1700CMSIS_Firmware_Library\source\lpc17xx_mcpwm.c(378): warning:  #61-D: integer operation result is out of range
compiling lpc17xx_nvic.c...
compiling lpc17xx_pinsel.c...
compiling lpc17xx_pwm.c...
..\Libraries\LPC1700CMSIS_Firmware_Library\source\lpc17xx_pwm.c(299): warning:  #186-D: pointless comparison of unsigned integer with zero
..\Libraries\LPC1700CMSIS_Firmware_Library\source\lpc17xx_pwm.c(429): warning:  #186-D: pointless comparison of unsigned integer with zero
compiling lpc17xx_qei.c...
compiling lpc17xx_rit.c...
..\Libraries\LPC1700CMSIS_Firmware_Library\source\lpc17xx_rit.c(180): warning:  #188-D: enumerated type mixed with another type
compiling lpc17xx_rtc.c...
..\Libraries\LPC1700CMSIS_Firmware_Library\source\lpc17xx_rtc.c(734): warning:  #186-D: pointless comparison of unsigned integer with zero
..\Libraries\LPC1700CMSIS_Firmware_Library\source\lpc17xx_rtc.c(758): warning:  #186-D: pointless comparison of unsigned integer with zero
compiling lpc17xx_spi.c...
compiling lpc17xx_ssp.c...
compiling lpc17xx_systick.c...
compiling lpc17xx_timer.c...
..\Libraries\LPC1700CMSIS_Firmware_Library\source\lpc17xx_timer.c(115): warning:  #68-D: integer conversion resulted in a change of sign
compiling lpc17xx_uart.c...
compiling AsciiLib.c...
compiling GLCD.c...
compiling TouchPanel.c...
compiling File_Config.c...
compiling SPI_LPC17xx.c...
compiling Retarget.c...
compiling main.c...
compiling menu.c...
..\USER\menu.c(173): warning:  #177-D: variable "y" was declared but never referenced
..\USER\menu.c(175): warning:  #177-D: variable "text" was declared but never referenced
..\USER\menu.c(496): warning:  #177-D: variable "intentos" was declared but never referenced
compiling SD_Functions.c...
..\USER\SD_Functions.c(14): warning:  #177-D: variable "a" was declared but never referenced
compiling timer.c...
compiling rtc.c...
compiling ventilador.c...
compiling alarma.c...
compiling pantalla.c...
compiling tecladoM.c...
..\USER\tecladoM.c(48): warning:  #61-D: integer operation result is out of range
..\USER\tecladoM.c(48): warning:  #68-D: integer conversion resulted in a change of sign
..\USER\tecladoM.c(76): warning:  #61-D: integer operation result is out of range
..\USER\tecladoM.c(76): warning:  #68-D: integer conversion resulted in a change of sign
..\USER\tecladoM.c(105): warning:  #61-D: integer operation result is out of range
..\USER\tecladoM.c(105): warning:  #68-D: integer conversion resulted in a change of sign
..\USER\tecladoM.c(134): warning:  #61-D: integer operation result is out of range
..\USER\tecladoM.c(134): warning:  #68-D: integer conversion resulted in a change of sign
..\USER\tecladoM.c(174): warning:  #61-D: integer operation result is out of range
..\USER\tecladoM.c(174): warning:  #68-D: integer conversion resulted in a change of sign
..\USER\tecladoM.c(196): warning:  #223-D: function "zonePressed" declared implicitly
..\USER\tecladoM.c(214): warning:  #940-D: missing return statement at end of non-void function "tecladoM"
compiling ADC.c...
compiling tarjetaRFID.c...
compiling uart.c...
..\USER\uart.c(197): warning:  #223-D: function "setTimeOut" declared implicitly
..\USER\uart.c(230): warning:  #1-D: last line of file ends without a newline
compiling MFRC522.c...
compiling RFID.c...
linking...
Program Size: Code=117834 RO-data=4266 RW-data=356 ZI-data=9444  
".\SD_Example.axf" - 0 Errors, 86 Warning(s).
Load "C:\\Users\\ConchiJose\\Desktop\\V4\\SD_Example_RFID_v2 (1)\\SD_Example_RFID_v2\\MDK-ARM\\SD_Example.axf" 
Set JLink Project File to "C:\Users\ConchiJose\Desktop\V4\SD_Example_RFID_v2 (1)\SD_Example_RFID_v2\MDK-ARM\JLinkSettings.ini"
* JLink Info: Device "LPC1768" selected (512 KB flash, 32 KB RAM).
 
JLink info:
------------
DLL: V4.68a, compiled Apr 12 2013 13:26:50
Firmware: J-Link ARM V8 compiled Nov 14 2012 22:34:52
Hardware: V8.00
S/N : 99999994 
Feature(s) : RDI,FlashDL,FlashBP,JFlash,GDBFULL 
 
* JLink Info: Found SWD-DP with ID 0x2BA01477
* JLink Info: TPIU fitted.
* JLink Info: ETM fitted.
* JLink Info: FPUnit: 6 code (BP) slots and 2 literal slots
* JLink Info: Found Cortex-M3 r2p0, Little endian.
ROMTableAddr = 0xE00FF003
 
Target info:
------------
Device: LPC1768
VTarget = 3.280V
State of Pins: 
TCK: 0, TDI: 1, TDO: 0, TMS: 1, TRES: 1, TRST: 1
Hardware-Breakpoints: 6
Software-Breakpoints: 8192
Watchpoints:          4
JTAG speed: 4000 kHz
 
Erase Done.
Programming Done.
Verify OK.
